Component: Arm Compiler for Embedded 6.21 Tool: armlink [5ec1fa00]

==============================================================================

Section Cross References

    controller.o(.text.pitchRollControl) refers to controller.o(.data..L_MergedGlobals) for .L_MergedGlobals
    controller.o(.text.pitchRollControl) refers to controller.o(.bss..L_MergedGlobals.1) for .L_MergedGlobals.1
    controller.o(.text.pitchRollControl) refers to imu.o(.bss..L_MergedGlobals.1) for AHRS
    controller.o(.text.pitchRollControl) refers to faddsub_clz.o(x$fpl$fsub) for __aeabi_fsub
    controller.o(.text.pitchRollControl) refers to fmul.o(x$fpl$fmul) for __aeabi_fmul
    controller.o(.text.pitchRollControl) refers to f2d.o(x$fpl$f2d) for __aeabi_f2d
    controller.o(.text.pitchRollControl) refers to dflt_clz.o(x$fpl$dfltu) for __aeabi_ui2d
    controller.o(.text.pitchRollControl) refers to dmul.o(x$fpl$dmul) for __aeabi_dmul
    controller.o(.text.pitchRollControl) refers to daddsub_clz.o(x$fpl$dadd) for __aeabi_dadd
    controller.o(.text.pitchRollControl) refers to d2f.o(x$fpl$d2f) for __aeabi_d2f
    controller.o(.text.pitchRollControl) refers to fcmp.o(x$fpl$fcmp) for __aeabi_fcmplt
    controller.o(.text.pitchRollControl) refers to ddiv.o(x$fpl$ddiv) for __aeabi_ddiv
    controller.o(.text.pitchRollControl) refers to faddsub_clz.o(x$fpl$fadd) for __aeabi_fadd
    controller.o(.text.pitchRollControl) refers to ffix.o(x$fpl$ffix) for __aeabi_f2iz
    controller.o(.text.pitchRollControl) refers to pwmwrite.o(.text.writePwm) for writePwm
    controller.o(.ARM.exidx.text.pitchRollControl) refers to controller.o(.text.pitchRollControl) for [Anonymous Symbol]
    controller.o(.text.setPIDgain) refers to controller.o(.bss..L_MergedGlobals.1) for .L_MergedGlobals.1
    controller.o(.text.setPIDgain) refers to controller.o(.data..L_MergedGlobals) for .L_MergedGlobals
    controller.o(.ARM.exidx.text.setPIDgain) refers to controller.o(.text.setPIDgain) for [Anonymous Symbol]
    controller.o(.text.attitudeCrtlReset) refers to controller.o(.bss..L_MergedGlobals.1) for .L_MergedGlobals.1
    controller.o(.ARM.exidx.text.attitudeCrtlReset) refers to controller.o(.text.attitudeCrtlReset) for [Anonymous Symbol]
    fixedwing.o(.text.main_loop) refers to scheduler.o(.text.init_sche) for init_sche
    fixedwing.o(.text.main_loop) refers to scheduler.o(.text.start_scheduler) for start_scheduler
    fixedwing.o(.ARM.exidx.text.main_loop) refers to fixedwing.o(.text.main_loop) for [Anonymous Symbol]
    mavlink_handler.o(.text.mavlinkInit) refers to mavlink_handler.o(.bss..L_MergedGlobals) for .L_MergedGlobals
    mavlink_handler.o(.text.mavlinkInit) refers to stm32f1xx_hal_uart.o(.text.HAL_UART_Init) for HAL_UART_Init
    mavlink_handler.o(.text.mavlinkInit) refers to stm32f1xx_hal_uart.o(.text.HAL_UART_Receive_IT) for HAL_UART_Receive_IT
    mavlink_handler.o(.ARM.exidx.text.mavlinkInit) refers to mavlink_handler.o(.text.mavlinkInit) for [Anonymous Symbol]
    mavlink_handler.o(.text.mavlinkCallback) refers to mavlink_handler.o(.bss..L_MergedGlobals) for .L_MergedGlobals
    mavlink_handler.o(.text.mavlinkCallback) refers to mavlink_handler.o(.bss.mavlink_get_channel_buffer.m_mavlink_buffer) for mavlink_get_channel_buffer.m_mavlink_buffer
    mavlink_handler.o(.text.mavlinkCallback) refers to mavlink_handler.o(.bss.msg) for msg
    mavlink_handler.o(.text.mavlinkCallback) refers to rt_memcpy_w.o(.text) for __aeabi_memcpy4
    mavlink_handler.o(.text.mavlinkCallback) refers to mavlink_handler.o(.rodata.mavlink_parse_char.mavlink_message_crcs) for mavlink_parse_char.mavlink_message_crcs
    mavlink_handler.o(.text.mavlinkCallback) refers to stm32f1xx_hal_uart.o(.text.HAL_UART_Receive_IT) for HAL_UART_Receive_IT
    mavlink_handler.o(.ARM.exidx.text.mavlinkCallback) refers to mavlink_handler.o(.text.mavlinkCallback) for [Anonymous Symbol]
    mavlink_handler.o(.text.mavlink_send) refers to mavlink_handler.o(.bss..L_MergedGlobals) for .L_MergedGlobals
    mavlink_handler.o(.text.mavlink_send) refers to mavlink_handler.o(.data.name) for name
    mavlink_handler.o(.text.mavlink_send) refers to imu.o(.bss.quad_) for quad_
    mavlink_handler.o(.text.mavlink_send) refers to stm32f1xx_hal_uart.o(.text.HAL_UART_Transmit_DMA) for HAL_UART_Transmit_DMA
    mavlink_handler.o(.ARM.exidx.text.mavlink_send) refers to mavlink_handler.o(.text.mavlink_send) for [Anonymous Symbol]
    mavlink_handler.o(.text.mav_tx_cpl_callback) refers to mavlink_handler.o(.bss..L_MergedGlobals) for .L_MergedGlobals
    mavlink_handler.o(.ARM.exidx.text.mav_tx_cpl_callback) refers to mavlink_handler.o(.text.mav_tx_cpl_callback) for [Anonymous Symbol]
    mavlink_handler.o(.data.name) refers to mavlink_handler.o(.rodata.str1.1) for [Anonymous Symbol]
    scheduler.o(.text.tongepin) refers to stm32f1xx_hal_gpio.o(.text.HAL_GPIO_TogglePin) for HAL_GPIO_TogglePin
    scheduler.o(.ARM.exidx.text.tongepin) refers to scheduler.o(.text.tongepin) for [Anonymous Symbol]
[...]
    stm32f1xx_hal_spi.o(.text.SPI_DMATransmitReceiveCplt) refers to stm32f1xx_hal_spi.o(.text.HAL_SPI_ErrorCallback) for HAL_SPI_ErrorCallback
    stm32f1xx_hal_spi.o(.text.SPI_DMATransmitReceiveCplt) refers to stm32f1xx_hal_spi.o(.text.HAL_SPI_TxRxCpltCallback) for HAL_SPI_TxRxCpltCallback
    stm32f1xx_hal_spi.o(.ARM.exidx.text.SPI_DMATransmitReceiveCplt) refers to stm32f1xx_hal_spi.o(.text.SPI_DMATransmitReceiveCplt) for [Anonymous Symbol]
    stm32f1xx_hal_spi.o(.text.HAL_SPI_Abort) refers to system_stm32f10x.o(.data.SystemCoreClock) for SystemCoreClock
    stm32f1xx_hal_spi.o(.text.HAL_SPI_Abort) refers to system_stm32f1xx.o(.data.SystemCoreClock) for SystemCoreClock
    stm32f1xx_hal_spi.o(.text.HAL_SPI_Abort) refers to stm32f1xx_hal_spi.o(.text.SPI_AbortTx_ISR) for SPI_AbortTx_ISR
    stm32f1xx_hal_spi.o(.text.HAL_SPI_Abort) refers to stm32f1xx_hal_spi.o(.text.SPI_AbortRx_ISR) for SPI_AbortRx_ISR
    stm32f1xx_hal_spi.o(.text.HAL_SPI_Abort) refers to stm32f1xx_hal_dma.o(.text.HAL_DMA_Abort) for HAL_DMA_Abort
    stm32f1xx_hal_spi.o(.ARM.exidx.text.HAL_SPI_Abort) refers to stm32f1xx_hal_spi.o(.text.HAL_SPI_Abort) for [Anonymous Symbol]
    stm32f1xx_hal_spi.o(.ARM.exidx.text.SPI_AbortTx_ISR) refers to stm32f1xx_hal_spi.o(.text.SPI_AbortTx_ISR) for [Anonymous Symbol]
    stm32f1xx_hal_spi.o(.text.SPI_AbortRx_ISR) refers to system_stm32f10x.o(.data.SystemCoreClock) for SystemCoreClock
    stm32f1xx_hal_spi.o(.text.SPI_AbortRx_ISR) refers to system_stm32f1xx.o(.data.SystemCoreClock) for SystemCoreClock
    stm32f1xx_hal_spi.o(.ARM.exidx.text.SPI_AbortRx_ISR) refers to stm32f1xx_hal_spi.o(.text.SPI_AbortRx_ISR) for [Anonymous Symbol]
    stm32f1xx_hal_spi.o(.text.HAL_SPI_Abort_IT) refers to system_stm32f10x.o(.data.SystemCoreClock) for SystemCoreClock
    stm32f1xx_hal_spi.o(.text.HAL_SPI_Abort_IT) refers to system_stm32f1xx.o(.data.SystemCoreClock) for SystemCoreClock
    stm32f1xx_hal_spi.o(.text.HAL_SPI_Abort_IT) refers to stm32f1xx_hal_spi.o(.text.SPI_DMATxAbortCallback) for SPI_DMATxAbortCallback
    stm32f1xx_hal_spi.o(.text.HAL_SPI_Abort_IT) refers to stm32f1xx_hal_spi.o(.text.SPI_DMARxAbortCallback) for SPI_DMARxAbortCallback
    stm32f1xx_hal_spi.o(.text.HAL_SPI_Abort_IT) refers to stm32f1xx_hal_dma.o(.text.HAL_DMA_Abort_IT) for HAL_DMA_Abort_IT
    stm32f1xx_hal_spi.o(.text.HAL_SPI_Abort_IT) refers to stm32f1xx_hal_spi.o(.text.HAL_SPI_AbortCpltCallback) for HAL_SPI_AbortCpltCallback
    stm32f1xx_hal_spi.o(.text.HAL_SPI_Abort_IT) refers to stm32f1xx_hal_spi.o(.text.SPI_AbortTx_ISR) for SPI_AbortTx_ISR
    stm32f1xx_hal_spi.o(.text.HAL_SPI_Abort_IT) refers to stm32f1xx_hal_spi.o(.text.SPI_AbortRx_ISR) for SPI_AbortRx_ISR
    stm32f1xx_hal_spi.o(.ARM.exidx.text.HAL_SPI_Abort_IT) refers to stm32f1xx_hal_spi.o(.text.HAL_SPI_Abort_IT) for [Anonymous Symbol]
    stm32f1xx_hal_spi.o(.text.SPI_DMATxAbortCallback) refers to system_stm32f10x.o(.data.SystemCoreClock) for SystemCoreClock
    stm32f1xx_hal_spi.o(.text.SPI_DMATxAbortCallback) refers to system_stm32f1xx.o(.data.SystemCoreClock) for SystemCoreClock
    stm32f1xx_hal_spi.o(.text.SPI_DMATxAbortCallback) refers to stm32f1xx_hal_spi.o(.text.HAL_SPI_AbortCpltCallback) for HAL_SPI_AbortCpltCallback
    stm32f1xx_hal_spi.o(.ARM.exidx.text.SPI_DMATxAbortCallback) refers to stm32f1xx_hal_spi.o(.text.SPI_DMATxAbortCallback) for [Anonymous Symbol]
    stm32f1xx_hal_spi.o(.text.SPI_DMARxAbortCallback) refers to stm32f1xx_hal.o(.text.HAL_GetTick) for HAL_GetTick
    stm32f1xx_hal_spi.o(.text.SPI_DMARxAbortCallback) refers to stm32f1xx_hal_spi.o(.text.SPI_WaitFlagStateUntilTimeout) for SPI_WaitFlagStateUntilTimeout
    stm32f1xx_hal_spi.o(.text.SPI_DMARxAbortCallback) refers to stm32f1xx_hal_spi.o(.text.HAL_SPI_AbortCpltCallback) for HAL_SPI_AbortCpltCallback
    stm32f1xx_hal_spi.o(.ARM.exidx.text.SPI_DMARxAbortCallback) refers to stm32f1xx_hal_spi.o(.text.SPI_DMARxAbortCallback) for [Anonymous Symbol]
    stm32f1xx_hal_spi.o(.ARM.exidx.text.HAL_SPI_AbortCpltCallback) refers to stm32f1xx_hal_spi.o(.text.HAL_SPI_AbortCpltCallback) for [Anonymous Symbol]
    stm32f1xx_hal_spi.o(.ARM.exidx.text.HAL_SPI_DMAPause) refers to stm32f1xx_hal_spi.o(.text.HAL_SPI_DMAPause) for [Anonymous Symbol]
    stm32f1xx_hal_spi.o(.ARM.exidx.text.HAL_SPI_DMAResume) refers to stm32f1xx_hal_spi.o(.text.HAL_SPI_DMAResume) for [Anonymous Symbol]
    stm32f1xx_hal_spi.o(.text.HAL_SPI_DMAStop) refers to stm32f1xx_hal_dma.o(.text.HAL_DMA_Abort) for HAL_DMA_Abort
    stm32f1xx_hal_spi.o(.ARM.exidx.text.HAL_SPI_DMAStop) refers to stm32f1xx_hal_spi.o(.text.HAL_SPI_DMAStop) for [Anonymous Symbol]
    stm32f1xx_hal_spi.o(.text.HAL_SPI_IRQHandler) refers to stm32f1xx_hal_spi.o(.text.SPI_DMAAbortOnError) for SPI_DMAAbortOnError
    stm32f1xx_hal_spi.o(.text.HAL_SPI_IRQHandler) refers to stm32f1xx_hal_dma.o(.text.HAL_DMA_Abort_IT) for HAL_DMA_Abort_IT
    stm32f1xx_hal_spi.o(.text.HAL_SPI_IRQHandler) refers to stm32f1xx_hal_spi.o(.text.HAL_SPI_ErrorCallback) for HAL_SPI_ErrorCallback
    stm32f1xx_hal_spi.o(.ARM.exidx.text.HAL_SPI_IRQHandler) refers to stm32f1xx_hal_spi.o(.text.HAL_SPI_IRQHandler) for [Anonymous Symbol]
    stm32f1xx_hal_spi.o(.text.SPI_DMAAbortOnError) refers to stm32f1xx_hal_spi.o(.text.HAL_SPI_ErrorCallback) for HAL_SPI_ErrorCallback
    stm32f1xx_hal_spi.o(.ARM.exidx.text.SPI_DMAAbortOnError) refers to stm32f1xx_hal_spi.o(.text.SPI_DMAAbortOnError) for [Anonymous Symbol]
    stm32f1xx_hal_spi.o(.ARM.exidx.text.HAL_SPI_ErrorCallback) refers to stm32f1xx_hal_spi.o(.text.HAL_SPI_ErrorCallback) for [Anonymous Symbol]
    stm32f1xx_hal_spi.o(.ARM.exidx.text.HAL_SPI_TxCpltCallback) refers to stm32f1xx_hal_spi.o(.text.HAL_SPI_TxCpltCallback) for [Anonymous Symbol]
    stm32f1xx_hal_spi.o(.ARM.exidx.text.HAL_SPI_RxCpltCallback) refers to stm32f1xx_hal_spi.o(.text.HAL_SPI_RxCpltCallback) for [Anonymous Symbol]
    stm32f1xx_hal_spi.o(.ARM.exidx.text.HAL_SPI_TxRxCpltCallback) refers to stm32f1xx_hal_spi.o(.text.HAL_SPI_TxRxCpltCallback) for [Anonymous Symbol]
    stm32f1xx_hal_spi.o(.ARM.exidx.text.HAL_SPI_TxHalfCpltCallback) refers to stm32f1xx_hal_spi.o(.text.HAL_SPI_TxHalfCpltCallback) for [Anonymous Symbol]
    stm32f1xx_hal_spi.o(.ARM.exidx.text.HAL_SPI_RxHalfCpltCallback) refers to stm32f1xx_hal_spi.o(.text.HAL_SPI_RxHalfCpltCallback) for [Anonymous Symbol]
    stm32f1xx_hal_spi.o(.ARM.exidx.text.HAL_SPI_TxRxHalfCpltCallback) refers to stm32f1xx_hal_spi.o(.text.HAL_SPI_TxRxHalfCpltCallback) for [Anonymous Symbol]
    stm32f1xx_hal_spi.o(.ARM.exidx.text.HAL_SPI_GetState) refers to stm32f1xx_hal_spi.o(.text.HAL_SPI_GetState) for [Anonymous Symbol]
    stm32f1xx_hal_spi.o(.ARM.exidx.text.HAL_SPI_GetError) refers to stm32f1xx_hal_spi.o(.text.HAL_SPI_GetError) for [Anonymous Symbol]
    stm32f1xx_hal_spi.o(.text.SPI_CloseRxTx_ISR) refers to system_stm32f10x.o(.data.SystemCoreClock) for SystemCoreClock
    stm32f1xx_hal_spi.o(.text.SPI_CloseRxTx_ISR) refers to system_stm32f1xx.o(.data.SystemCoreClock) for SystemCoreClock
    stm32f1xx_hal_spi.o(.text.SPI_CloseRxTx_ISR) refers to stm32f1xx_hal.o(.text.HAL_GetTick) for HAL_GetTick
    stm32f1xx_hal_spi.o(.text.SPI_CloseRxTx_ISR) refers to stm32f1xx_hal_spi.o(.text.SPI_WaitFlagStateUntilTimeout) for SPI_WaitFlagStateUntilTimeout
    stm32f1xx_hal_spi.o(.text.SPI_CloseRxTx_ISR) refers to stm32f1xx_hal_spi.o(.text.HAL_SPI_ErrorCallback) for HAL_SPI_ErrorCallback
    stm32f1xx_hal_spi.o(.text.SPI_CloseRxTx_ISR) refers to stm32f1xx_hal_spi.o(.text.HAL_SPI_RxCpltCallback) for HAL_SPI_RxCpltCallback
    stm32f1xx_hal_spi.o(.text.SPI_CloseRxTx_ISR) refers to stm32f1xx_hal_spi.o(.text.HAL_SPI_TxRxCpltCallback) for HAL_SPI_TxRxCpltCallback
    stm32f1xx_hal_spi.o(.ARM.exidx.text.SPI_CloseRxTx_ISR) refers to stm32f1xx_hal_spi.o(.text.SPI_CloseRxTx_ISR) for [Anonymous Symbol]
    stm32f1xx_hal_spi.o(.text.SPI_CloseRx_ISR) refers to stm32f1xx_hal.o(.text.HAL_GetTick) for HAL_GetTick
    stm32f1xx_hal_spi.o(.text.SPI_CloseRx_ISR) refers to stm32f1xx_hal_spi.o(.text.SPI_WaitFlagStateUntilTimeout) for SPI_WaitFlagStateUntilTimeout
    stm32f1xx_hal_spi.o(.text.SPI_CloseRx_ISR) refers to stm32f1xx_hal_spi.o(.text.HAL_SPI_ErrorCallback) for HAL_SPI_ErrorCallback
    stm32f1xx_hal_spi.o(.text.SPI_CloseRx_ISR) refers to stm32f1xx_hal_spi.o(.text.HAL_SPI_RxCpltCallback) for HAL_SPI_RxCpltCallback
    stm32f1xx_hal_spi.o(.ARM.exidx.text.SPI_CloseRx_ISR) refers to stm32f1xx_hal_spi.o(.text.SPI_CloseRx_ISR) for [Anonymous Symbol]
    stm32f1xx_hal_spi.o(.text.SPI_CloseTx_ISR) refers to system_stm32f10x.o(.data.SystemCoreClock) for SystemCoreClock
    stm32f1xx_hal_spi.o(.text.SPI_CloseTx_ISR) refers to system_stm32f1xx.o(.data.SystemCoreClock) for SystemCoreClock
    stm32f1xx_hal_spi.o(.text.SPI_CloseTx_ISR) refers to stm32f1xx_hal.o(.text.HAL_GetTick) for HAL_GetTick
    stm32f1xx_hal_spi.o(.text.SPI_CloseTx_ISR) refers to stm32f1xx_hal_spi.o(.text.SPI_WaitFlagStateUntilTimeout) for SPI_WaitFlagStateUntilTimeout
    stm32f1xx_hal_spi.o(.text.SPI_CloseTx_ISR) refers to stm32f1xx_hal_spi.o(.text.HAL_SPI_ErrorCallback) for HAL_SPI_ErrorCallback
    stm32f1xx_hal_spi.o(.text.SPI_CloseTx_ISR) refers to stm32f1xx_hal_spi.o(.text.HAL_SPI_TxCpltCallback) for HAL_SPI_TxCpltCallback
    stm32f1xx_hal_spi.o(.ARM.exidx.text.SPI_CloseTx_ISR) refers to stm32f1xx_hal_spi.o(.text.SPI_CloseTx_ISR) for [Anonymous Symbol]
    stm32f1xx_hal_spi.o(.text.SPI_WaitFlagStateUntilTimeout) refers to stm32f1xx_hal.o(.text.HAL_GetTick) for HAL_GetTick
    stm32f1xx_hal_spi.o(.text.SPI_WaitFlagStateUntilTimeout) refers to system_stm32f10x.o(.data.SystemCoreClock) for SystemCoreClock
    stm32f1xx_hal_spi.o(.text.SPI_WaitFlagStateUntilTimeout) refers to system_stm32f1xx.o(.data.SystemCoreClock) for SystemCoreClock
    stm32f1xx_hal_spi.o(.ARM.exidx.text.SPI_WaitFlagStateUntilTimeout) refers to stm32f1xx_hal_spi.o(.text.SPI_WaitFlagStateUntilTimeout) for [Anonymous Symbol]
    stm32f1xx_hal_tim.o(.text.HAL_TIM_Base_Init) refers to tim.o(.text.HAL_TIM_Base_MspInit) for HAL_TIM_Base_MspInit
    stm32f1xx_hal_tim.o(.ARM.exidx.text.HAL_TIM_Base_Init) refers to stm32f1xx_hal_tim.o(.text.HAL_TIM_Base_Init) for [Anonymous Symbol]
    stm32f1xx_hal_tim.o(.ARM.exidx.text.HAL_TIM_Base_MspInit) refers to stm32f1xx_hal_tim.o(.text.HAL_TIM_Base_MspInit) for [Anonymous Symbol]
    stm32f1xx_hal_tim.o(.ARM.exidx.text.TIM_Base_SetConfig) refers to stm32f1xx_hal_tim.o(.text.TIM_Base_SetConfig) for [Anonymous Symbol]
    stm32f1xx_hal_tim.o(.text.HAL_TIM_Base_DeInit) refers to tim.o(.text.HAL_TIM_Base_MspDeInit) for HAL_TIM_Base_MspDeInit
    stm32f1xx_hal_tim.o(.ARM.exidx.text.HAL_TIM_Base_DeInit) refers to stm32f1xx_hal_tim.o(.text.HAL_TIM_Base_DeInit) for [Anonymous Symbol]
    stm32f1xx_hal_tim.o(.ARM.exidx.text.HAL_TIM_Base_MspDeInit) refers to stm32f1xx_hal_tim.o(.text.HAL_TIM_Base_MspDeInit) for [Anonymous Symbol]
    stm32f1xx_hal_tim.o(.ARM.exidx.text.HAL_TIM_Base_Start) refers to stm32f1xx_hal_tim.o(.text.HAL_TIM_Base_Start) for [Anonymous Symbol]
    stm32f1xx_hal_tim.o(.ARM.exidx.text.HAL_TIM_Base_Stop) refers to stm32f1xx_hal_tim.o(.text.HAL_TIM_Base_Stop) for [Anonymous Symbol]
    stm32f1xx_hal_tim.o(.ARM.exidx.text.HAL_TIM_Base_Start_IT) refers to stm32f1xx_hal_tim.o(.text.HAL_TIM_Base_Start_IT) for [Anonymous Symbol]
    stm32f1xx_hal_tim.o(.ARM.exidx.text.HAL_TIM_Base_Stop_IT) refers to stm32f1xx_hal_tim.o(.text.HAL_TIM_Base_Stop_IT) for [Anonymous Symbol]
    stm32f1xx_hal_tim.o(.text.HAL_TIM_Base_Start_DMA) refers to stm32f1xx_hal_tim.o(.text.TIM_DMAPeriodElapsedCplt) for TIM_DMAPeriodElapsedCplt
    stm32f1xx_hal_tim.o(.text.HAL_TIM_Base_Start_DMA) refers to stm32f1xx_hal_tim.o(.text.TIM_DMAPeriodElapsedHalfCplt) for TIM_DMAPeriodElapsedHalfCplt
    stm32f1xx_hal_tim.o(.text.HAL_TIM_Base_Start_DMA) refers to stm32f1xx_hal_tim.o(.text.TIM_DMAError) for TIM_DMAError
    stm32f1xx_hal_tim.o(.text.HAL_TIM_Base_Start_DMA) refers to stm32f1xx_hal_dma.o(.text.HAL_DMA_Start_IT) for HAL_DMA_Start_IT
    stm32f1xx_hal_tim.o(.ARM.exidx.text.HAL_TIM_Base_Start_DMA) refers to stm32f1xx_hal_tim.o(.text.HAL_TIM_Base_Start_DMA) for [Anonymous Symbol]
    stm32f1xx_hal_tim.o(.text.TIM_DMAPeriodElapsedCplt) refers to stm32f1xx_hal_tim.o(.text.HAL_TIM_PeriodElapsedCallback) for HAL_TIM_PeriodElapsedCallback
    stm32f1xx_hal_tim.o(.ARM.exidx.text.TIM_DMAPeriodElapsedCplt) refers to stm32f1xx_hal_tim.o(.text.TIM_DMAPeriodElapsedCplt) for [Anonymous Symbol]
    stm32f1xx_hal_tim.o(.text.TIM_DMAPeriodElapsedHalfCplt) refers to stm32f1xx_hal_tim.o(.text.HAL_TIM_PeriodElapsedHalfCpltCallback) for HAL_TIM_PeriodElapsedHalfCpltCallback
    stm32f1xx_hal_tim.o(.ARM.exidx.text.TIM_DMAPeriodElapsedHalfCplt) refers to stm32f1xx_hal_tim.o(.text.TIM_DMAPeriodElapsedHalfCplt) for [Anonymous Symbol]
    stm32f1xx_hal_tim.o(.text.TIM_DMAError) refers to stm32f1xx_hal_tim.o(.text.HAL_TIM_ErrorCallback) for HAL_TIM_ErrorCallback
    stm32f1xx_hal_tim.o(.ARM.exidx.text.TIM_DMAError) refers to stm32f1xx_hal_tim.o(.text.TIM_DMAError) for [Anonymous Symbol]
    stm32f1xx_hal_tim.o(.text.HAL_TIM_Base_Stop_DMA) refers to stm32f1xx_hal_dma.o(.text.HAL_DMA_Abort_IT) for HAL_DMA_Abort_IT
    stm32f1xx_hal_tim.o(.ARM.exidx.text.HAL_TIM_Base_Stop_DMA) refers to stm32f1xx_hal_tim.o(.text.HAL_TIM_Base_Stop_DMA) for [Anonymous Symbol]
    stm32f1xx_hal_tim.o(.text.HAL_TIM_OC_Init) refers to stm32f1xx_hal_tim.o(.text.HAL_TIM_OC_MspInit) for HAL_TIM_OC_MspInit
    stm32f1xx_hal_tim.o(.ARM.exidx.text.HAL_TIM_OC_Init) refers to stm32f1xx_hal_tim.o(.text.HAL_TIM_OC_Init) for [Anonymous Symbol]
    stm32f1xx_hal_tim.o(.ARM.exidx.text.HAL_TIM_OC_MspInit) refers to stm32f1xx_hal_tim.o(.text.HAL_TIM_OC_MspInit) for [Anonymous Symbol]
    stm32f1xx_hal_tim.o(.text.HAL_TIM_OC_DeInit) refers to stm32f1xx_hal_tim.o(.text.HAL_TIM_OC_MspDeInit) for HAL_TIM_OC_MspDeInit
    stm32f1xx_hal_tim.o(.ARM.exidx.text.HAL_TIM_OC_DeInit) refers to stm32f1xx_hal_tim.o(.text.HAL_TIM_OC_DeInit) for [Anonymous Symbol]
    stm32f1xx_hal_tim.o(.ARM.exidx.text.HAL_TIM_OC_MspDeInit) refers to stm32f1xx_hal_tim.o(.text.HAL_TIM_OC_MspDeInit) for [Anonymous Symbol]
    stm32f1xx_hal_tim.o(.ARM.exidx.text.HAL_TIM_OC_Start) refers to stm32f1xx_hal_tim.o(.text.HAL_TIM_OC_Start) for [Anonymous Symbol]
    stm32f1xx_hal_tim.o(.ARM.exidx.text.TIM_CCxChannelCmd) refers to stm32f1xx_hal_tim.o(.text.TIM_CCxChannelCmd) for [Anonymous Symbol]
    stm32f1xx_hal_tim.o(.ARM.exidx.text.HAL_TIM_OC_Stop) refers to stm32f1xx_hal_tim.o(.text.HAL_TIM_OC_Stop) for [Anonymous Symbol]
    stm32f1xx_hal_tim.o(.text.HAL_TIM_OC_Start_IT) refers to stm32f1xx_hal_tim.o(.rodata.cst16) for .Lswitch.table.HAL_TIM_IC_Start_IT
    stm32f1xx_hal_tim.o(.ARM.exidx.text.HAL_TIM_OC_Start_IT) refers to stm32f1xx_hal_tim.o(.text.HAL_TIM_OC_Start_IT) for [Anonymous Symbol]
    stm32f1xx_hal_tim.o(.text.HAL_TIM_OC_Stop_IT) refers to stm32f1xx_hal_tim.o(.rodata.cst16) for .Lswitch.table.HAL_TIM_IC_Stop_IT
    stm32f1xx_hal_tim.o(.ARM.exidx.text.HAL_TIM_OC_Stop_IT) refers to stm32f1xx_hal_tim.o(.text.HAL_TIM_OC_Stop_IT) for [Anonymous Symbol]
    stm32f1xx_hal_tim.o(.text.HAL_TIM_OC_Start_DMA) refers to stm32f1xx_hal_tim.o(.text.TIM_DMADelayPulseCplt) for TIM_DMADelayPulseCplt
    stm32f1xx_hal_tim.o(.text.HAL_TIM_OC_Start_DMA) refers to stm32f1xx_hal_tim.o(.text.TIM_DMADelayPulseHalfCplt) for TIM_DMADelayPulseHalfCplt
    stm32f1xx_hal_tim.o(.text.HAL_TIM_OC_Start_DMA) refers to stm32f1xx_hal_tim.o(.text.TIM_DMAError) for TIM_DMAError
    stm32f1xx_hal_tim.o(.text.HAL_TIM_OC_Start_DMA) refers to stm32f1xx_hal_dma.o(.text.HAL_DMA_Start_IT) for HAL_DMA_Start_IT
    stm32f1xx_hal_tim.o(.ARM.exidx.text.HAL_TIM_OC_Start_DMA) refers to stm32f1xx_hal_tim.o(.text.HAL_TIM_OC_Start_DMA) for [Anonymous Symbol]
    stm32f1xx_hal_tim.o(.text.TIM_DMADelayPulseCplt) refers to stm32f1xx_hal_tim.o(.text.HAL_TIM_PWM_PulseFinishedCallback) for HAL_TIM_PWM_PulseFinishedCallback
    stm32f1xx_hal_tim.o(.ARM.exidx.text.TIM_DMADelayPulseCplt) refers to stm32f1xx_hal_tim.o(.text.TIM_DMADelayPulseCplt) for [Anonymous Symbol]
    stm32f1xx_hal_tim.o(.text.TIM_DMADelayPulseHalfCplt) refers to stm32f1xx_hal_tim.o(.text.HAL_TIM_PWM_PulseFinishedHalfCpltCallback) for HAL_TIM_PWM_PulseFinishedHalfCpltCallback
    stm32f1xx_hal_tim.o(.ARM.exidx.text.TIM_DMADelayPulseHalfCplt) refers to stm32f1xx_hal_tim.o(.text.TIM_DMADelayPulseHalfCplt) for [Anonymous Symbol]
    stm32f1xx_hal_tim.o(.text.HAL_TIM_OC_Stop_DMA) refers to stm32f1xx_hal_dma.o(.text.HAL_DMA_Abort_IT) for HAL_DMA_Abort_IT
    stm32f1xx_hal_tim.o(.ARM.exidx.text.HAL_TIM_OC_Stop_DMA) refers to stm32f1xx_hal_tim.o(.text.HAL_TIM_OC_Stop_DMA) for [Anonymous Symbol]
    stm32f1xx_hal_tim.o(.text.HAL_TIM_PWM_Init) refers to stm32f1xx_hal_tim.o(.text.HAL_TIM_PWM_MspInit) for HAL_TIM_PWM_MspInit
    stm32f1xx_hal_tim.o(.ARM.exidx.text.HAL_TIM_PWM_Init) refers to stm32f1xx_hal_tim.o(.text.HAL_TIM_PWM_Init) for [Anonymous Symbol]
    stm32f1xx_hal_tim.o(.ARM.exidx.text.HAL_TIM_PWM_MspInit) refers to stm32f1xx_hal_tim.o(.text.HAL_TIM_PWM_MspInit) for [Anonymous Symbol]
    stm32f1xx_hal_tim.o(.text.HAL_TIM_PWM_DeInit) refers to stm32f1xx_hal_tim.o(.text.HAL_TIM_PWM_MspDeInit) for HAL_TIM_PWM_MspDeInit
    stm32f1xx_hal_tim.o(.ARM.exidx.text.HAL_TIM_PWM_DeInit) refers to stm32f1xx_hal_tim.o(.text.HAL_TIM_PWM_DeInit) for [Anonymous Symbol]
    stm32f1xx_hal_tim.o(.ARM.exidx.text.HAL_TIM_PWM_MspDeInit) refers to stm32f1xx_hal_tim.o(.text.HAL_TIM_PWM_MspDeInit) for [Anonymous Symbol]
    stm32f1xx_hal_tim.o(.ARM.exidx.text.HAL_TIM_PWM_Start) refers to stm32f1xx_hal_tim.o(.text.HAL_TIM_PWM_Start) for [Anonymous Symbol]
    stm32f1xx_hal_tim.o(.ARM.exidx.text.HAL_TIM_PWM_Stop) refers to stm32f1xx_hal_tim.o(.text.HAL_TIM_PWM_Stop) for [Anonymous Symbol]
    stm32f1xx_hal_tim.o(.text.HAL_TIM_PWM_Start_IT) refers to stm32f1xx_hal_tim.o(.rodata.cst16) for .Lswitch.table.HAL_TIM_IC_Start_IT
    stm32f1xx_hal_tim.o(.ARM.exidx.text.HAL_TIM_PWM_Start_IT) refers to stm32f1xx_hal_tim.o(.text.HAL_TIM_PWM_Start_IT) for [Anonymous Symbol]
    stm32f1xx_hal_tim.o(.text.HAL_TIM_PWM_Stop_IT) refers to stm32f1xx_hal_tim.o(.rodata.cst16) for .Lswitch.table.HAL_TIM_IC_Stop_IT
    stm32f1xx_hal_tim.o(.ARM.exidx.text.HAL_TIM_PWM_Stop_IT) refers to stm32f1xx_hal_tim.o(.text.HAL_TIM_PWM_Stop_IT) for [Anonymous Symbol]
    stm32f1xx_hal_tim.o(.text.HAL_TIM_PWM_Start_DMA) refers to stm32f1xx_hal_tim.o(.text.TIM_DMADelayPulseCplt) for TIM_DMADelayPulseCplt
    stm32f1xx_hal_tim.o(.text.HAL_TIM_PWM_Start_DMA) refers to stm32f1xx_hal_tim.o(.text.TIM_DMADelayPulseHalfCplt) for TIM_DMADelayPulseHalfCplt
    stm32f1xx_hal_tim.o(.text.HAL_TIM_PWM_Start_DMA) refers to stm32f1xx_hal_tim.o(.text.TIM_DMAError) for TIM_DMAError
    stm32f1xx_hal_tim.o(.text.HAL_TIM_PWM_Start_DMA) refers to stm32f1xx_hal_dma.o(.text.HAL_DMA_Start_IT) for HAL_DMA_Start_IT
    stm32f1xx_hal_tim.o(.ARM.exidx.text.HAL_TIM_PWM_Start_DMA) refers to stm32f1xx_hal_tim.o(.text.HAL_TIM_PWM_Start_DMA) for [Anonymous Symbol]
    stm32f1xx_hal_tim.o(.text.HAL_TIM_PWM_Stop_DMA) refers to stm32f1xx_hal_dma.o(.text.HAL_DMA_Abort_IT) for HAL_DMA_Abort_IT
    stm32f1xx_hal_tim.o(.ARM.exidx.text.HAL_TIM_PWM_Stop_DMA) refers to stm32f1xx_hal_tim.o(.text.HAL_TIM_PWM_Stop_DMA) for [Anonymous Symbol]
    stm32f1xx_hal_tim.o(.text.HAL_TIM_IC_Init) refers to stm32f1xx_hal_tim.o(.text.HAL_TIM_IC_MspInit) for HAL_TIM_IC_MspInit
    stm32f1xx_hal_tim.o(.ARM.exidx.text.HAL_TIM_IC_Init) refers to stm32f1xx_hal_tim.o(.text.HAL_TIM_IC_Init) for [Anonymous Symbol]
    stm32f1xx_hal_tim.o(.ARM.exidx.text.HAL_TIM_IC_MspInit) refers to stm32f1xx_hal_tim.o(.text.HAL_TIM_IC_MspInit) for [Anonymous Symbol]
    stm32f1xx_hal_tim.o(.text.HAL_TIM_IC_DeInit) refers to stm32f1xx_hal_tim.o(.text.HAL_TIM_IC_MspDeInit) for HAL_TIM_IC_MspDeInit
    stm32f1xx_hal_tim.o(.ARM.exidx.text.HAL_TIM_IC_DeInit) refers to stm32f1xx_hal_tim.o(.text.HAL_TIM_IC_DeInit) for [Anonymous Symbol]
    stm32f1xx_hal_tim.o(.ARM.exidx.text.HAL_TIM_IC_MspDeInit) refers to stm32f1xx_hal_tim.o(.text.HAL_TIM_IC_MspDeInit) for [Anonymous Symbol]
    stm32f1xx_hal_tim.o(.ARM.exidx.text.HAL_TIM_IC_Start) refers to stm32f1xx_hal_tim.o(.text.HAL_TIM_IC_Start) for [Anonymous Symbol]
    stm32f1xx_hal_tim.o(.ARM.exidx.text.HAL_TIM_IC_Stop) refers to stm32f1xx_hal_tim.o(.text.HAL_TIM_IC_Stop) for [Anonymous Symbol]
    stm32f1xx_hal_tim.o(.text.HAL_TIM_IC_Start_IT) refers to stm32f1xx_hal_tim.o(.rodata.cst16) for .Lswitch.table.HAL_TIM_IC_Start_IT
    stm32f1xx_hal_tim.o(.ARM.exidx.text.HAL_TIM_IC_Start_IT) refers to stm32f1xx_hal_tim.o(.text.HAL_TIM_IC_Start_IT) for [Anonymous Symbol]
    stm32f1xx_hal_tim.o(.text.HAL_TIM_IC_Stop_IT) refers to stm32f1xx_hal_tim.o(.rodata.cst16) for .Lswitch.table.HAL_TIM_IC_Stop_IT
    stm32f1xx_hal_tim.o(.ARM.exidx.text.HAL_TIM_IC_Stop_IT) refers to stm32f1xx_hal_tim.o(.text.HAL_TIM_IC_Stop_IT) for [Anonymous Symbol]
    stm32f1xx_hal_tim.o(.text.HAL_TIM_IC_Start_DMA) refers to stm32f1xx_hal_tim.o(.text.TIM_DMACaptureCplt) for TIM_DMACaptureCplt
    stm32f1xx_hal_tim.o(.text.HAL_TIM_IC_Start_DMA) refers to stm32f1xx_hal_tim.o(.text.TIM_DMACaptureHalfCplt) for TIM_DMACaptureHalfCplt
    stm32f1xx_hal_tim.o(.text.HAL_TIM_IC_Start_DMA) refers to stm32f1xx_hal_tim.o(.text.TIM_DMAError) for TIM_DMAError
    stm32f1xx_hal_tim.o(.text.HAL_TIM_IC_Start_DMA) refers to stm32f1xx_hal_dma.o(.text.HAL_DMA_Start_IT) for HAL_DMA_Start_IT
    stm32f1xx_hal_tim.o(.ARM.exidx.text.HAL_TIM_IC_Start_DMA) refers to stm32f1xx_hal_tim.o(.text.HAL_TIM_IC_Start_DMA) for [Anonymous Symbol]
    stm32f1xx_hal_tim.o(.text.TIM_DMACaptureCplt) refers to stm32f1xx_hal_tim.o(.text.HAL_TIM_IC_CaptureCallback) for HAL_TIM_IC_CaptureCallback
    stm32f1xx_hal_tim.o(.ARM.exidx.text.TIM_DMACaptureCplt) refers to stm32f1xx_hal_tim.o(.text.TIM_DMACaptureCplt) for [Anonymous Symbol]
    stm32f1xx_hal_tim.o(.text.TIM_DMACaptureHalfCplt) refers to stm32f1xx_hal_tim.o(.text.HAL_TIM_IC_CaptureHalfCpltCallback) for HAL_TIM_IC_CaptureHalfCpltCallback
    stm32f1xx_hal_tim.o(.ARM.exidx.text.TIM_DMACaptureHalfCplt) refers to stm32f1xx_hal_tim.o(.text.TIM_DMACaptureHalfCplt) for [Anonymous Symbol]
    stm32f1xx_hal_tim.o(.text.HAL_TIM_IC_Stop_DMA) refers to stm32f1xx_hal_dma.o(.text.HAL_DMA_Abort_IT) for HAL_DMA_Abort_IT
    stm32f1xx_hal_tim.o(.ARM.exidx.text.HAL_TIM_IC_Stop_DMA) refers to stm32f1xx_hal_tim.o(.text.HAL_TIM_IC_Stop_DMA) for [Anonymous Symbol]
    stm32f1xx_hal_tim.o(.text.HAL_TIM_OnePulse_Init) refers to stm32f1xx_hal_tim.o(.text.HAL_TIM_OnePulse_MspInit) for HAL_TIM_OnePulse_MspInit
    stm32f1xx_hal_tim.o(.ARM.exidx.text.HAL_TIM_OnePulse_Init) refers to stm32f1xx_hal_tim.o(.text.HAL_TIM_OnePulse_Init) for [Anonymous Symbol]
    stm32f1xx_hal_tim.o(.ARM.exidx.text.HAL_TIM_OnePulse_MspInit) refers to stm32f1xx_hal_tim.o(.text.HAL_TIM_OnePulse_MspInit) for [Anonymous Symbol]
    stm32f1xx_hal_tim.o(.text.HAL_TIM_OnePulse_DeInit) refers to stm32f1xx_hal_tim.o(.text.HAL_TIM_OnePulse_MspDeInit) for HAL_TIM_OnePulse_MspDeInit
    stm32f1xx_hal_tim.o(.ARM.exidx.text.HAL_TIM_OnePulse_DeInit) refers to stm32f1xx_hal_tim.o(.text.HAL_TIM_OnePulse_DeInit) for [Anonymous Symbol]
    stm32f1xx_hal_tim.o(.ARM.exidx.text.HAL_TIM_OnePulse_MspDeInit) refers to stm32f1xx_hal_tim.o(.text.HAL_TIM_OnePulse_MspDeInit) for [Anonymous Symbol]
    stm32f1xx_hal_tim.o(.ARM.exidx.text.HAL_TIM_OnePulse_Start) refers to stm32f1xx_hal_tim.o(.text.HAL_TIM_OnePulse_Start) for [Anonymous Symbol]
    stm32f1xx_hal_tim.o(.ARM.exidx.text.HAL_TIM_OnePulse_Stop) refers to stm32f1xx_hal_tim.o(.text.HAL_TIM_OnePulse_Stop) for [Anonymous Symbol]
    stm32f1xx_hal_tim.o(.ARM.exidx.text.HAL_TIM_OnePulse_Start_IT) refers to stm32f1xx_hal_tim.o(.text.HAL_TIM_OnePulse_Start_IT) for [Anonymous Symbol]
    stm32f1xx_hal_tim.o(.ARM.exidx.text.HAL_TIM_OnePulse_Stop_IT) refers to stm32f1xx_hal_tim.o(.text.HAL_TIM_OnePulse_Stop_IT) for [Anonymous Symbol]
    stm32f1xx_hal_tim.o(.text.HAL_TIM_Encoder_Init) refers to stm32f1xx_hal_tim.o(.text.HAL_TIM_Encoder_MspInit) for HAL_TIM_Encoder_MspInit
    stm32f1xx_hal_tim.o(.ARM.exidx.text.HAL_TIM_Encoder_Init) refers to stm32f1xx_hal_tim.o(.text.HAL_TIM_Encoder_Init) for [Anonymous Symbol]
    stm32f1xx_hal_tim.o(.ARM.exidx.text.HAL_TIM_Encoder_MspInit) refers to stm32f1xx_hal_tim.o(.text.HAL_TIM_Encoder_MspInit) for [Anonymous Symbol]
    stm32f1xx_hal_tim.o(.text.HAL_TIM_Encoder_DeInit) refers to stm32f1xx_hal_tim.o(.text.HAL_TIM_Encoder_MspDeInit) for HAL_TIM_Encoder_MspDeInit
    stm32f1xx_hal_tim.o(.ARM.exidx.text.HAL_TIM_Encoder_DeInit) refers to stm32f1xx_hal_tim.o(.text.HAL_TIM_Encoder_DeInit) for [Anonymous Symbol]
    stm32f1xx_hal_tim.o(.ARM.exidx.text.HAL_TIM_Encoder_MspDeInit) refers to stm32f1xx_hal_tim.o(.text.HAL_TIM_Encoder_MspDeInit) for [Anonymous Symbol]
    stm32f1xx_hal_tim.o(.ARM.exidx.text.HAL_TIM_Encoder_Start) refers to stm32f1xx_hal_tim.o(.text.HAL_TIM_Encoder_Start) for [Anonymous Symbol]
    stm32f1xx_hal_tim.o(.ARM.exidx.text.HAL_TIM_Encoder_Stop) refers to stm32f1xx_hal_tim.o(.text.HAL_TIM_Encoder_Stop) for [Anonymous Symbol]
    stm32f1xx_hal_tim.o(.ARM.exidx.text.HAL_TIM_Encoder_Start_IT) refers to stm32f1xx_hal_tim.o(.text.HAL_TIM_Encoder_Start_IT) for [Anonymous Symbol]
    stm32f1xx_hal_tim.o(.ARM.exidx.text.HAL_TIM_Encoder_Stop_IT) refers to stm32f1xx_hal_tim.o(.text.HAL_TIM_Encoder_Stop_IT) for [Anonymous Symbol]
    stm32f1xx_hal_tim.o(.text.HAL_TIM_Encoder_Start_DMA) refers to stm32f1xx_hal_tim.o(.text.TIM_DMACaptureCplt) for TIM_DMACaptureCplt
    stm32f1xx_hal_tim.o(.text.HAL_TIM_Encoder_Start_DMA) refers to stm32f1xx_hal_tim.o(.text.TIM_DMACaptureHalfCplt) for TIM_DMACaptureHalfCplt
    stm32f1xx_hal_tim.o(.text.HAL_TIM_Encoder_Start_DMA) refers to stm32f1xx_hal_tim.o(.text.TIM_DMAError) for TIM_DMAError
    stm32f1xx_hal_tim.o(.text.HAL_TIM_Encoder_Start_DMA) refers to stm32f1xx_hal_dma.o(.text.HAL_DMA_Start_IT) for HAL_DMA_Start_IT
    stm32f1xx_hal_tim.o(.ARM.exidx.text.HAL_TIM_Encoder_Start_DMA) refers to stm32f1xx_hal_tim.o(.text.HAL_TIM_Encoder_Start_DMA) for [Anonymous Symbol]
    stm32f1xx_hal_tim.o(.text.HAL_TIM_Encoder_Stop_DMA) refers to stm32f1xx_hal_dma.o(.text.HAL_DMA_Abort_IT) for HAL_DMA_Abort_IT
    stm32f1xx_hal_tim.o(.ARM.exidx.text.HAL_TIM_Encoder_Stop_DMA) refers to stm32f1xx_hal_tim.o(.text.HAL_TIM_Encoder_Stop_DMA) for [Anonymous Symbol]
    stm32f1xx_hal_tim.o(.text.HAL_TIM_IRQHandler) refers to stm32f1xx_hal_tim_ex.o(.text.HAL_TIMEx_CommutCallback) for HAL_TIMEx_CommutCallback
    stm32f1xx_hal_tim.o(.text.HAL_TIM_IRQHandler) refers to stm32f1xx_hal_tim.o(.text.HAL_TIM_IC_CaptureCallback) for HAL_TIM_IC_CaptureCallback
    stm32f1xx_hal_tim.o(.text.HAL_TIM_IRQHandler) refers to stm32f1xx_hal_tim.o(.text.HAL_TIM_PeriodElapsedCallback) for HAL_TIM_PeriodElapsedCallback
    stm32f1xx_hal_tim.o(.text.HAL_TIM_IRQHandler) refers to stm32f1xx_hal_tim_ex.o(.text.HAL_TIMEx_BreakCallback) for HAL_TIMEx_BreakCallback
    stm32f1xx_hal_tim.o(.text.HAL_TIM_IRQHandler) refers to stm32f1xx_hal_tim.o(.text.HAL_TIM_TriggerCallback) for HAL_TIM_TriggerCallback
    stm32f1xx_hal_tim.o(.text.HAL_TIM_IRQHandler) refers to stm32f1xx_hal_tim.o(.text.HAL_TIM_OC_DelayElapsedCallback) for HAL_TIM_OC_DelayElapsedCallback
    stm32f1xx_hal_tim.o(.text.HAL_TIM_IRQHandler) refers to stm32f1xx_hal_tim.o(.text.HAL_TIM_PWM_PulseFinishedCallback) for HAL_TIM_PWM_PulseFinishedCallback
    stm32f1xx_hal_tim.o(.ARM.exidx.text.HAL_TIM_IRQHandler) refers to stm32f1xx_hal_tim.o(.text.HAL_TIM_IRQHandler) for [Anonymous Symbol]
    stm32f1xx_hal_tim.o(.ARM.exidx.text.HAL_TIM_IC_CaptureCallback) refers to stm32f1xx_hal_tim.o(.text.HAL_TIM_IC_CaptureCallback) for [Anonymous Symbol]
    stm32f1xx_hal_tim.o(.ARM.exidx.text.HAL_TIM_OC_DelayElapsedCallback) refers to stm32f1xx_hal_tim.o(.text.HAL_TIM_OC_DelayElapsedCallback) for [Anonymous Symbol]
    stm32f1xx_hal_tim.o(.ARM.exidx.text.HAL_TIM_PWM_PulseFinishedCallback) refers to stm32f1xx_hal_tim.o(.text.HAL_TIM_PWM_PulseFinishedCallback) for [Anonymous Symbol]
    stm32f1xx_hal_tim.o(.ARM.exidx.text.HAL_TIM_PeriodElapsedCallback) refers to stm32f1xx_hal_tim.o(.text.HAL_TIM_PeriodElapsedCallback) for [Anonymous Symbol]
    stm32f1xx_hal_tim.o(.ARM.exidx.text.HAL_TIM_TriggerCallback) refers to stm32f1xx_hal_tim.o(.text.HAL_TIM_TriggerCallback) for [Anonymous Symbol]
    stm32f1xx_hal_tim.o(.ARM.exidx.text.HAL_TIM_OC_ConfigChannel) refers to stm32f1xx_hal_tim.o(.text.HAL_TIM_OC_ConfigChannel) for [Anonymous Symbol]
    stm32f1xx_hal_tim.o(.ARM.exidx.text.TIM_OC2_SetConfig) refers to stm32f1xx_hal_tim.o(.text.TIM_OC2_SetConfig) for [Anonymous Symbol]
    stm32f1xx_hal_tim.o(.ARM.exidx.text.HAL_TIM_IC_ConfigChannel) refers to stm32f1xx_hal_tim.o(.text.HAL_TIM_IC_ConfigChannel) for [Anonymous Symbol]
    stm32f1xx_hal_tim.o(.ARM.exidx.text.TIM_TI1_SetConfig) refers to stm32f1xx_hal_tim.o(.text.TIM_TI1_SetConfig) for [Anonymous Symbol]
    stm32f1xx_hal_tim.o(.ARM.exidx.text.HAL_TIM_PWM_ConfigChannel) refers to stm32f1xx_hal_tim.o(.text.HAL_TIM_PWM_ConfigChannel) for [Anonymous Symbol]
    stm32f1xx_hal_tim.o(.ARM.exidx.text.HAL_TIM_OnePulse_ConfigChannel) refers to stm32f1xx_hal_tim.o(.text.HAL_TIM_OnePulse_ConfigChannel) for [Anonymous Symbol]
    stm32f1xx_hal_tim.o(.text.HAL_TIM_DMABurst_WriteStart) refers to stm32f1xx_hal_tim.o(.text.HAL_TIM_DMABurst_MultiWriteStart) for HAL_TIM_DMABurst_MultiWriteStart
    stm32f1xx_hal_tim.o(.ARM.exidx.text.HAL_TIM_DMABurst_WriteStart) refers to stm32f1xx_hal_tim.o(.text.HAL_TIM_DMABurst_WriteStart) for [Anonymous Symbol]
    stm32f1xx_hal_tim.o(.text.HAL_TIM_DMABurst_MultiWriteStart) refers to stm32f1xx_hal_tim.o(.text.TIM_DMADelayPulseCplt) for TIM_DMADelayPulseCplt
    stm32f1xx_hal_tim.o(.text.HAL_TIM_DMABurst_MultiWriteStart) refers to stm32f1xx_hal_tim.o(.text.TIM_DMADelayPulseHalfCplt) for TIM_DMADelayPulseHalfCplt
    stm32f1xx_hal_tim.o(.text.HAL_TIM_DMABurst_MultiWriteStart) refers to stm32f1xx_hal_tim.o(.text.TIM_DMAError) for TIM_DMAError
    stm32f1xx_hal_tim.o(.text.HAL_TIM_DMABurst_MultiWriteStart) refers to stm32f1xx_hal_tim.o(.text.TIM_DMATriggerCplt) for TIM_DMATriggerCplt
    stm32f1xx_hal_tim.o(.text.HAL_TIM_DMABurst_MultiWriteStart) refers to stm32f1xx_hal_tim.o(.text.TIM_DMATriggerHalfCplt) for TIM_DMATriggerHalfCplt
    stm32f1xx_hal_tim.o(.text.HAL_TIM_DMABurst_MultiWriteStart) refers to stm32f1xx_hal_tim.o(.text.TIM_DMAPeriodElapsedCplt) for TIM_DMAPeriodElapsedCplt
    stm32f1xx_hal_tim.o(.text.HAL_TIM_DMABurst_MultiWriteStart) refers to stm32f1xx_hal_tim.o(.text.TIM_DMAPeriodElapsedHalfCplt) for TIM_DMAPeriodElapsedHalfCplt
    stm32f1xx_hal_tim.o(.text.HAL_TIM_DMABurst_MultiWriteStart) refers to stm32f1xx_hal_tim_ex.o(.text.TIMEx_DMACommutationCplt) for TIMEx_DMACommutationCplt
    stm32f1xx_hal_tim.o(.text.HAL_TIM_DMABurst_MultiWriteStart) refers to stm32f1xx_hal_tim_ex.o(.text.TIMEx_DMACommutationHalfCplt) for TIMEx_DMACommutationHalfCplt
    stm32f1xx_hal_tim.o(.text.HAL_TIM_DMABurst_MultiWriteStart) refers to stm32f1xx_hal_dma.o(.text.HAL_DMA_Start_IT) for HAL_DMA_Start_IT
    stm32f1xx_hal_tim.o(.ARM.exidx.text.HAL_TIM_DMABurst_MultiWriteStart) refers to stm32f1xx_hal_tim.o(.text.HAL_TIM_DMABurst_MultiWriteStart) for [Anonymous Symbol]
    stm32f1xx_hal_tim.o(.text.TIM_DMATriggerCplt) refers to stm32f1xx_hal_tim.o(.text.HAL_TIM_TriggerCallback) for HAL_TIM_TriggerCallback
    stm32f1xx_hal_tim.o(.ARM.exidx.text.TIM_DMATriggerCplt) refers to stm32f1xx_hal_tim.o(.text.TIM_DMATriggerCplt) for [Anonymous Symbol]
    stm32f1xx_hal_tim.o(.text.TIM_DMATriggerHalfCplt) refers to stm32f1xx_hal_tim.o(.text.HAL_TIM_TriggerHalfCpltCallback) for HAL_TIM_TriggerHalfCpltCallback
    stm32f1xx_hal_tim.o(.ARM.exidx.text.TIM_DMATriggerHalfCplt) refers to stm32f1xx_hal_tim.o(.text.TIM_DMATriggerHalfCplt) for [Anonymous Symbol]
    stm32f1xx_hal_tim.o(.text.HAL_TIM_DMABurst_WriteStop) refers to stm32f1xx_hal_dma.o(.text.HAL_DMA_Abort_IT) for HAL_DMA_Abort_IT
    stm32f1xx_hal_tim.o(.ARM.exidx.text.HAL_TIM_DMABurst_WriteStop) refers to stm32f1xx_hal_tim.o(.text.HAL_TIM_DMABurst_WriteStop) for [Anonymous Symbol]
    stm32f1xx_hal_tim.o(.text.HAL_TIM_DMABurst_ReadStart) refers to stm32f1xx_hal_tim.o(.text.HAL_TIM_DMABurst_MultiReadStart) for HAL_TIM_DMABurst_MultiReadStart
    stm32f1xx_hal_tim.o(.ARM.exidx.text.HAL_TIM_DMABurst_ReadStart) refers to stm32f1xx_hal_tim.o(.text.HAL_TIM_DMABurst_ReadStart) for [Anonymous Symbol]
    stm32f1xx_hal_tim.o(.text.HAL_TIM_DMABurst_MultiReadStart) refers to stm32f1xx_hal_tim.o(.text.TIM_DMACaptureCplt) for TIM_DMACaptureCplt
    stm32f1xx_hal_tim.o(.text.HAL_TIM_DMABurst_MultiReadStart) refers to stm32f1xx_hal_tim.o(.text.TIM_DMACaptureHalfCplt) for TIM_DMACaptureHalfCplt
    stm32f1xx_hal_tim.o(.text.HAL_TIM_DMABurst_MultiReadStart) refers to stm32f1xx_hal_tim.o(.text.TIM_DMAError) for TIM_DMAError
    stm32f1xx_hal_tim.o(.text.HAL_TIM_DMABurst_MultiReadStart) refers to stm32f1xx_hal_tim.o(.text.TIM_DMATriggerCplt) for TIM_DMATriggerCplt
    stm32f1xx_hal_tim.o(.text.HAL_TIM_DMABurst_MultiReadStart) refers to stm32f1xx_hal_tim.o(.text.TIM_DMATriggerHalfCplt) for TIM_DMATriggerHalfCplt
    stm32f1xx_hal_tim.o(.text.HAL_TIM_DMABurst_MultiReadStart) refers to stm32f1xx_hal_tim.o(.text.TIM_DMAPeriodElapsedCplt) for TIM_DMAPeriodElapsedCplt
    stm32f1xx_hal_tim.o(.text.HAL_TIM_DMABurst_MultiReadStart) refers to stm32f1xx_hal_tim.o(.text.TIM_DMAPeriodElapsedHalfCplt) for TIM_DMAPeriodElapsedHalfCplt
    stm32f1xx_hal_tim.o(.text.HAL_TIM_DMABurst_MultiReadStart) refers to stm32f1xx_hal_tim_ex.o(.text.TIMEx_DMACommutationCplt) for TIMEx_DMACommutationCplt
    stm32f1xx_hal_tim.o(.text.HAL_TIM_DMABurst_MultiReadStart) refers to stm32f1xx_hal_tim_ex.o(.text.TIMEx_DMACommutationHalfCplt) for TIMEx_DMACommutationHalfCplt
    stm32f1xx_hal_tim.o(.text.HAL_TIM_DMABurst_MultiReadStart) refers to stm32f1xx_hal_dma.o(.text.HAL_DMA_Start_IT) for HAL_DMA_Start_IT
    stm32f1xx_hal_tim.o(.ARM.exidx.text.HAL_TIM_DMABurst_MultiReadStart) refers to stm32f1xx_hal_tim.o(.text.HAL_TIM_DMABurst_MultiReadStart) for [Anonymous Symbol]
    stm32f1xx_hal_tim.o(.text.HAL_TIM_DMABurst_ReadStop) refers to stm32f1xx_hal_dma.o(.text.HAL_DMA_Abort_IT) for HAL_DMA_Abort_IT
    stm32f1xx_hal_tim.o(.ARM.exidx.text.HAL_TIM_DMABurst_ReadStop) refers to stm32f1xx_hal_tim.o(.text.HAL_TIM_DMABurst_ReadStop) for [Anonymous Symbol]
    stm32f1xx_hal_tim.o(.ARM.exidx.text.HAL_TIM_GenerateEvent) refers to stm32f1xx_hal_tim.o(.text.HAL_TIM_GenerateEvent) for [Anonymous Symbol]
    stm32f1xx_hal_tim.o(.ARM.exidx.text.HAL_TIM_ConfigOCrefClear) refers to stm32f1xx_hal_tim.o(.text.HAL_TIM_ConfigOCrefClear) for [Anonymous Symbol]
    stm32f1xx_hal_tim.o(.ARM.exidx.text.TIM_ETR_SetConfig) refers to stm32f1xx_hal_tim.o(.text.TIM_ETR_SetConfig) for [Anonymous Symbol]
    stm32f1xx_hal_tim.o(.ARM.exidx.text.HAL_TIM_ConfigClockSource) refers to stm32f1xx_hal_tim.o(.text.HAL_TIM_ConfigClockSource) for [Anonymous Symbol]
    stm32f1xx_hal_tim.o(.ARM.exidx.text.HAL_TIM_ConfigTI1Input) refers to stm32f1xx_hal_tim.o(.text.HAL_TIM_ConfigTI1Input) for [Anonymous Symbol]
    stm32f1xx_hal_tim.o(.text.HAL_TIM_SlaveConfigSynchro) refers to stm32f1xx_hal_tim.o(.text.TIM_SlaveTimer_SetConfig) for TIM_SlaveTimer_SetConfig
    stm32f1xx_hal_tim.o(.ARM.exidx.text.HAL_TIM_SlaveConfigSynchro) refers to stm32f1xx_hal_tim.o(.text.HAL_TIM_SlaveConfigSynchro) for [Anonymous Symbol]
    stm32f1xx_hal_tim.o(.ARM.exidx.text.TIM_SlaveTimer_SetConfig) refers to stm32f1xx_hal_tim.o(.text.TIM_SlaveTimer_SetConfig) for [Anonymous Symbol]
    stm32f1xx_hal_tim.o(.text.HAL_TIM_SlaveConfigSynchro_IT) refers to stm32f1xx_hal_tim.o(.text.TIM_SlaveTimer_SetConfig) for TIM_SlaveTimer_SetConfig
    stm32f1xx_hal_tim.o(.ARM.exidx.text.HAL_TIM_SlaveConfigSynchro_IT) refers to stm32f1xx_hal_tim.o(.text.HAL_TIM_SlaveConfigSynchro_IT) for [Anonymous Symbol]
    stm32f1xx_hal_tim.o(.ARM.exidx.text.HAL_TIM_ReadCapturedValue) refers to stm32f1xx_hal_tim.o(.text.HAL_TIM_ReadCapturedValue) for [Anonymous Symbol]
    stm32f1xx_hal_tim.o(.ARM.exidx.text.HAL_TIM_PeriodElapsedHalfCpltCallback) refers to stm32f1xx_hal_tim.o(.text.HAL_TIM_PeriodElapsedHalfCpltCallback) for [Anonymous Symbol]
    stm32f1xx_hal_tim.o(.ARM.exidx.text.HAL_TIM_IC_CaptureHalfCpltCallback) refers to stm32f1xx_hal_tim.o(.text.HAL_TIM_IC_CaptureHalfCpltCallback) for [Anonymous Symbol]
    stm32f1xx_hal_tim.o(.ARM.exidx.text.HAL_TIM_PWM_PulseFinishedHalfCpltCallback) refers to stm32f1xx_hal_tim.o(.text.HAL_TIM_PWM_PulseFinishedHalfCpltCallback) for [Anonymous Symbol]
    stm32f1xx_hal_tim.o(.ARM.exidx.text.HAL_TIM_TriggerHalfCpltCallback) refers to stm32f1xx_hal_tim.o(.text.HAL_TIM_TriggerHalfCpltCallback) for [Anonymous Symbol]
    stm32f1xx_hal_tim.o(.ARM.exidx.text.HAL_TIM_ErrorCallback) refers to stm32f1xx_hal_tim.o(.text.HAL_TIM_ErrorCallback) for [Anonymous Symbol]
    stm32f1xx_hal_tim.o(.ARM.exidx.text.HAL_TIM_Base_GetState) refers to stm32f1xx_hal_tim.o(.text.HAL_TIM_Base_GetState) for [Anonymous Symbol]
    stm32f1xx_hal_tim.o(.ARM.exidx.text.HAL_TIM_OC_GetState) refers to stm32f1xx_hal_tim.o(.text.HAL_TIM_OC_GetState) for [Anonymous Symbol]
    stm32f1xx_hal_tim.o(.ARM.exidx.text.HAL_TIM_PWM_GetState) refers to stm32f1xx_hal_tim.o(.text.HAL_TIM_PWM_GetState) for [Anonymous Symbol]
    stm32f1xx_hal_tim.o(.ARM.exidx.text.HAL_TIM_IC_GetState) refers to stm32f1xx_hal_tim.o(.text.HAL_TIM_IC_GetState) for [Anonymous Symbol]
    stm32f1xx_hal_tim.o(.ARM.exidx.text.HAL_TIM_OnePulse_GetState) refers to stm32f1xx_hal_tim.o(.text.HAL_TIM_OnePulse_GetState) for [Anonymous Symbol]
    stm32f1xx_hal_tim.o(.ARM.exidx.text.HAL_TIM_Encoder_GetState) refers to stm32f1xx_hal_tim.o(.text.HAL_TIM_Encoder_GetState) for [Anonymous Symbol]
    stm32f1xx_hal_tim.o(.ARM.exidx.text.HAL_TIM_GetActiveChannel) refers to stm32f1xx_hal_tim.o(.text.HAL_TIM_GetActiveChannel) for [Anonymous Symbol]
    stm32f1xx_hal_tim.o(.ARM.exidx.text.HAL_TIM_GetChannelState) refers to stm32f1xx_hal_tim.o(.text.HAL_TIM_GetChannelState) for [Anonymous Symbol]
    stm32f1xx_hal_tim.o(.ARM.exidx.text.HAL_TIM_DMABurstState) refers to stm32f1xx_hal_tim.o(.text.HAL_TIM_DMABurstState) for [Anonymous Symbol]
    stm32f1xx_hal_tim_ex.o(.text.HAL_TIMEx_HallSensor_Init) refers to stm32f1xx_hal_tim_ex.o(.text.HAL_TIMEx_HallSensor_MspInit) for HAL_TIMEx_HallSensor_MspInit
    stm32f1xx_hal_tim_ex.o(.text.HAL_TIMEx_HallSensor_Init) refers to stm32f1xx_hal_tim.o(.text.TIM_Base_SetConfig) for TIM_Base_SetConfig
    stm32f1xx_hal_tim_ex.o(.text.HAL_TIMEx_HallSensor_Init) refers to stm32f1xx_hal_tim.o(.text.TIM_TI1_SetConfig) for TIM_TI1_SetConfig
    stm32f1xx_hal_tim_ex.o(.text.HAL_TIMEx_HallSensor_Init) refers to stm32f1xx_hal_tim.o(.text.TIM_OC2_SetConfig) for TIM_OC2_SetConfig
    stm32f1xx_hal_tim_ex.o(.ARM.exidx.text.HAL_TIMEx_HallSensor_Init) refers to stm32f1xx_hal_tim_ex.o(.text.HAL_TIMEx_HallSensor_Init) for [Anonymous Symbol]
    stm32f1xx_hal_tim_ex.o(.ARM.exidx.text.HAL_TIMEx_HallSensor_MspInit) refers to stm32f1xx_hal_tim_ex.o(.text.HAL_TIMEx_HallSensor_MspInit) for [Anonymous Symbol]
    stm32f1xx_hal_tim_ex.o(.text.HAL_TIMEx_HallSensor_DeInit) refers to stm32f1xx_hal_tim_ex.o(.text.HAL_TIMEx_HallSensor_MspDeInit) for HAL_TIMEx_HallSensor_MspDeInit
    stm32f1xx_hal_tim_ex.o(.ARM.exidx.text.HAL_TIMEx_HallSensor_DeInit) refers to stm32f1xx_hal_tim_ex.o(.text.HAL_TIMEx_HallSensor_DeInit) for [Anonymous Symbol]
    stm32f1xx_hal_tim_ex.o(.ARM.exidx.text.HAL_TIMEx_HallSensor_MspDeInit) refers to stm32f1xx_hal_tim_ex.o(.text.HAL_TIMEx_HallSensor_MspDeInit) for [Anonymous Symbol]
    stm32f1xx_hal_tim_ex.o(.text.HAL_TIMEx_HallSensor_Start) refers to stm32f1xx_hal_tim.o(.text.TIM_CCxChannelCmd) for TIM_CCxChannelCmd
    stm32f1xx_hal_tim_ex.o(.ARM.exidx.text.HAL_TIMEx_HallSensor_Start) refers to stm32f1xx_hal_tim_ex.o(.text.HAL_TIMEx_HallSensor_Start) for [Anonymous Symbol]
    stm32f1xx_hal_tim_ex.o(.text.HAL_TIMEx_HallSensor_Stop) refers to stm32f1xx_hal_tim.o(.text.TIM_CCxChannelCmd) for TIM_CCxChannelCmd
    stm32f1xx_hal_tim_ex.o(.ARM.exidx.text.HAL_TIMEx_HallSensor_Stop) refers to stm32f1xx_hal_tim_ex.o(.text.HAL_TIMEx_HallSensor_Stop) for [Anonymous Symbol]
    stm32f1xx_hal_tim_ex.o(.text.HAL_TIMEx_HallSensor_Start_IT) refers to stm32f1xx_hal_tim.o(.text.TIM_CCxChannelCmd) for TIM_CCxChannelCmd
    stm32f1xx_hal_tim_ex.o(.ARM.exidx.text.HAL_TIMEx_HallSensor_Start_IT) refers to stm32f1xx_hal_tim_ex.o(.text.HAL_TIMEx_HallSensor_Start_IT) for [Anonymous Symbol]
    stm32f1xx_hal_tim_ex.o(.text.HAL_TIMEx_HallSensor_Stop_IT) refers to stm32f1xx_hal_tim.o(.text.TIM_CCxChannelCmd) for TIM_CCxChannelCmd
    stm32f1xx_hal_tim_ex.o(.ARM.exidx.text.HAL_TIMEx_HallSensor_Stop_IT) refers to stm32f1xx_hal_tim_ex.o(.text.HAL_TIMEx_HallSensor_Stop_IT) for [Anonymous Symbol]
    stm32f1xx_hal_tim_ex.o(.text.HAL_TIMEx_HallSensor_Start_DMA) refers to stm32f1xx_hal_tim.o(.text.TIM_CCxChannelCmd) for TIM_CCxChannelCmd
    stm32f1xx_hal_tim_ex.o(.text.HAL_TIMEx_HallSensor_Start_DMA) refers to stm32f1xx_hal_tim.o(.text.TIM_DMACaptureCplt) for TIM_DMACaptureCplt
    stm32f1xx_hal_tim_ex.o(.text.HAL_TIMEx_HallSensor_Start_DMA) refers to stm32f1xx_hal_tim.o(.text.TIM_DMACaptureHalfCplt) for TIM_DMACaptureHalfCplt
    stm32f1xx_hal_tim_ex.o(.text.HAL_TIMEx_HallSensor_Start_DMA) refers to stm32f1xx_hal_tim.o(.text.TIM_DMAError) for TIM_DMAError
    stm32f1xx_hal_tim_ex.o(.text.HAL_TIMEx_HallSensor_Start_DMA) refers to stm32f1xx_hal_dma.o(.text.HAL_DMA_Start_IT) for HAL_DMA_Start_IT
    stm32f1xx_hal_tim_ex.o(.ARM.exidx.text.HAL_TIMEx_HallSensor_Start_DMA) refers to stm32f1xx_hal_tim_ex.o(.text.HAL_TIMEx_HallSensor_Start_DMA) for [Anonymous Symbol]
    stm32f1xx_hal_tim_ex.o(.text.HAL_TIMEx_HallSensor_Stop_DMA) refers to stm32f1xx_hal_tim.o(.text.TIM_CCxChannelCmd) for TIM_CCxChannelCmd
    stm32f1xx_hal_tim_ex.o(.text.HAL_TIMEx_HallSensor_Stop_DMA) refers to stm32f1xx_hal_dma.o(.text.HAL_DMA_Abort_IT) for HAL_DMA_Abort_IT
    stm32f1xx_hal_tim_ex.o(.ARM.exidx.text.HAL_TIMEx_HallSensor_Stop_DMA) refers to stm32f1xx_hal_tim_ex.o(.text.HAL_TIMEx_HallSensor_Stop_DMA) for [Anonymous Symbol]
    stm32f1xx_hal_tim_ex.o(.ARM.exidx.text.HAL_TIMEx_OCN_Start) refers to stm32f1xx_hal_tim_ex.o(.text.HAL_TIMEx_OCN_Start) for [Anonymous Symbol]
    stm32f1xx_hal_tim_ex.o(.ARM.exidx.text.HAL_TIMEx_OCN_Stop) refers to stm32f1xx_hal_tim_ex.o(.text.HAL_TIMEx_OCN_Stop) for [Anonymous Symbol]
    stm32f1xx_hal_tim_ex.o(.ARM.exidx.text.HAL_TIMEx_OCN_Start_IT) refers to stm32f1xx_hal_tim_ex.o(.text.HAL_TIMEx_OCN_Start_IT) for [Anonymous Symbol]
    stm32f1xx_hal_tim_ex.o(.ARM.exidx.text.HAL_TIMEx_OCN_Stop_IT) refers to stm32f1xx_hal_tim_ex.o(.text.HAL_TIMEx_OCN_Stop_IT) for [Anonymous Symbol]
    stm32f1xx_hal_tim_ex.o(.text.HAL_TIMEx_OCN_Start_DMA) refers to stm32f1xx_hal_tim_ex.o(.text.TIM_DMADelayPulseNCplt) for TIM_DMADelayPulseNCplt
    stm32f1xx_hal_tim_ex.o(.text.HAL_TIMEx_OCN_Start_DMA) refers to stm32f1xx_hal_tim.o(.text.TIM_DMADelayPulseHalfCplt) for TIM_DMADelayPulseHalfCplt
    stm32f1xx_hal_tim_ex.o(.text.HAL_TIMEx_OCN_Start_DMA) refers to stm32f1xx_hal_tim_ex.o(.text.TIM_DMAErrorCCxN) for TIM_DMAErrorCCxN
    stm32f1xx_hal_tim_ex.o(.text.HAL_TIMEx_OCN_Start_DMA) refers to stm32f1xx_hal_dma.o(.text.HAL_DMA_Start_IT) for HAL_DMA_Start_IT
    stm32f1xx_hal_tim_ex.o(.ARM.exidx.text.HAL_TIMEx_OCN_Start_DMA) refers to stm32f1xx_hal_tim_ex.o(.text.HAL_TIMEx_OCN_Start_DMA) for [Anonymous Symbol]
    stm32f1xx_hal_tim_ex.o(.text.TIM_DMADelayPulseNCplt) refers to stm32f1xx_hal_tim.o(.text.HAL_TIM_PWM_PulseFinishedCallback) for HAL_TIM_PWM_PulseFinishedCallback
    stm32f1xx_hal_tim_ex.o(.ARM.exidx.text.TIM_DMADelayPulseNCplt) refers to stm32f1xx_hal_tim_ex.o(.text.TIM_DMADelayPulseNCplt) for [Anonymous Symbol]
    stm32f1xx_hal_tim_ex.o(.text.TIM_DMAErrorCCxN) refers to stm32f1xx_hal_tim.o(.text.HAL_TIM_ErrorCallback) for HAL_TIM_ErrorCallback
    stm32f1xx_hal_tim_ex.o(.ARM.exidx.text.TIM_DMAErrorCCxN) refers to stm32f1xx_hal_tim_ex.o(.text.TIM_DMAErrorCCxN) for [Anonymous Symbol]
    stm32f1xx_hal_tim_ex.o(.text.HAL_TIMEx_OCN_Stop_DMA) refers to stm32f1xx_hal_dma.o(.text.HAL_DMA_Abort_IT) for HAL_DMA_Abort_IT
    stm32f1xx_hal_tim_ex.o(.ARM.exidx.text.HAL_TIMEx_OCN_Stop_DMA) refers to stm32f1xx_hal_tim_ex.o(.text.HAL_TIMEx_OCN_Stop_DMA) for [Anonymous Symbol]
    stm32f1xx_hal_tim_ex.o(.ARM.exidx.text.HAL_TIMEx_PWMN_Start) refers to stm32f1xx_hal_tim_ex.o(.text.HAL_TIMEx_PWMN_Start) for [Anonymous Symbol]
    stm32f1xx_hal_tim_ex.o(.ARM.exidx.text.HAL_TIMEx_PWMN_Stop) refers to stm32f1xx_hal_tim_ex.o(.text.HAL_TIMEx_PWMN_Stop) for [Anonymous Symbol]
    stm32f1xx_hal_tim_ex.o(.ARM.exidx.text.HAL_TIMEx_PWMN_Start_IT) refers to stm32f1xx_hal_tim_ex.o(.text.HAL_TIMEx_PWMN_Start_IT) for [Anonymous Symbol]
    stm32f1xx_hal_tim_ex.o(.ARM.exidx.text.HAL_TIMEx_PWMN_Stop_IT) refers to stm32f1xx_hal_tim_ex.o(.text.HAL_TIMEx_PWMN_Stop_IT) for [Anonymous Symbol]
    stm32f1xx_hal_tim_ex.o(.text.HAL_TIMEx_PWMN_Start_DMA) refers to stm32f1xx_hal_tim_ex.o(.text.TIM_DMADelayPulseNCplt) for TIM_DMADelayPulseNCplt
    stm32f1xx_hal_tim_ex.o(.text.HAL_TIMEx_PWMN_Start_DMA) refers to stm32f1xx_hal_tim.o(.text.TIM_DMADelayPulseHalfCplt) for TIM_DMADelayPulseHalfCplt
    stm32f1xx_hal_tim_ex.o(.text.HAL_TIMEx_PWMN_Start_DMA) refers to stm32f1xx_hal_tim_ex.o(.text.TIM_DMAErrorCCxN) for TIM_DMAErrorCCxN
    stm32f1xx_hal_tim_ex.o(.text.HAL_TIMEx_PWMN_Start_DMA) refers to stm32f1xx_hal_dma.o(.text.HAL_DMA_Start_IT) for HAL_DMA_Start_IT
    stm32f1xx_hal_tim_ex.o(.ARM.exidx.text.HAL_TIMEx_PWMN_Start_DMA) refers to stm32f1xx_hal_tim_ex.o(.text.HAL_TIMEx_PWMN_Start_DMA) for [Anonymous Symbol]
    stm32f1xx_hal_tim_ex.o(.text.HAL_TIMEx_PWMN_Stop_DMA) refers to stm32f1xx_hal_dma.o(.text.HAL_DMA_Abort_IT) for HAL_DMA_Abort_IT
    stm32f1xx_hal_tim_ex.o(.ARM.exidx.text.HAL_TIMEx_PWMN_Stop_DMA) refers to stm32f1xx_hal_tim_ex.o(.text.HAL_TIMEx_PWMN_Stop_DMA) for [Anonymous Symbol]
    stm32f1xx_hal_tim_ex.o(.text.HAL_TIMEx_OnePulseN_Start) refers to stm32f1xx_hal_tim.o(.text.TIM_CCxChannelCmd) for TIM_CCxChannelCmd
    stm32f1xx_hal_tim_ex.o(.ARM.exidx.text.HAL_TIMEx_OnePulseN_Start) refers to stm32f1xx_hal_tim_ex.o(.text.HAL_TIMEx_OnePulseN_Start) for [Anonymous Symbol]
    stm32f1xx_hal_tim_ex.o(.text.HAL_TIMEx_OnePulseN_Stop) refers to stm32f1xx_hal_tim.o(.text.TIM_CCxChannelCmd) for TIM_CCxChannelCmd
    stm32f1xx_hal_tim_ex.o(.ARM.exidx.text.HAL_TIMEx_OnePulseN_Stop) refers to stm32f1xx_hal_tim_ex.o(.text.HAL_TIMEx_OnePulseN_Stop) for [Anonymous Symbol]
    stm32f1xx_hal_tim_ex.o(.text.HAL_TIMEx_OnePulseN_Start_IT) refers to stm32f1xx_hal_tim.o(.text.TIM_CCxChannelCmd) for TIM_CCxChannelCmd
    stm32f1xx_hal_tim_ex.o(.ARM.exidx.text.HAL_TIMEx_OnePulseN_Start_IT) refers to stm32f1xx_hal_tim_ex.o(.text.HAL_TIMEx_OnePulseN_Start_IT) for [Anonymous Symbol]
    stm32f1xx_hal_tim_ex.o(.text.HAL_TIMEx_OnePulseN_Stop_IT) refers to stm32f1xx_hal_tim.o(.text.TIM_CCxChannelCmd) for TIM_CCxChannelCmd
    stm32f1xx_hal_tim_ex.o(.ARM.exidx.text.HAL_TIMEx_OnePulseN_Stop_IT) refers to stm32f1xx_hal_tim_ex.o(.text.HAL_TIMEx_OnePulseN_Stop_IT) for [Anonymous Symbol]
    stm32f1xx_hal_tim_ex.o(.ARM.exidx.text.HAL_TIMEx_ConfigCommutEvent) refers to stm32f1xx_hal_tim_ex.o(.text.HAL_TIMEx_ConfigCommutEvent) for [Anonymous Symbol]
    stm32f1xx_hal_tim_ex.o(.ARM.exidx.text.HAL_TIMEx_ConfigCommutEvent_IT) refers to stm32f1xx_hal_tim_ex.o(.text.HAL_TIMEx_ConfigCommutEvent_IT) for [Anonymous Symbol]
    stm32f1xx_hal_tim_ex.o(.text.HAL_TIMEx_ConfigCommutEvent_DMA) refers to stm32f1xx_hal_tim_ex.o(.text.TIMEx_DMACommutationCplt) for TIMEx_DMACommutationCplt
    stm32f1xx_hal_tim_ex.o(.text.HAL_TIMEx_ConfigCommutEvent_DMA) refers to stm32f1xx_hal_tim_ex.o(.text.TIMEx_DMACommutationHalfCplt) for TIMEx_DMACommutationHalfCplt
    stm32f1xx_hal_tim_ex.o(.text.HAL_TIMEx_ConfigCommutEvent_DMA) refers to stm32f1xx_hal_tim.o(.text.TIM_DMAError) for TIM_DMAError
    stm32f1xx_hal_tim_ex.o(.ARM.exidx.text.HAL_TIMEx_ConfigCommutEvent_DMA) refers to stm32f1xx_hal_tim_ex.o(.text.HAL_TIMEx_ConfigCommutEvent_DMA) for [Anonymous Symbol]
    stm32f1xx_hal_tim_ex.o(.text.TIMEx_DMACommutationCplt) refers to stm32f1xx_hal_tim_ex.o(.text.HAL_TIMEx_CommutCallback) for HAL_TIMEx_CommutCallback
    stm32f1xx_hal_tim_ex.o(.ARM.exidx.text.TIMEx_DMACommutationCplt) refers to stm32f1xx_hal_tim_ex.o(.text.TIMEx_DMACommutationCplt) for [Anonymous Symbol]
    stm32f1xx_hal_tim_ex.o(.text.TIMEx_DMACommutationHalfCplt) refers to stm32f1xx_hal_tim_ex.o(.text.HAL_TIMEx_CommutHalfCpltCallback) for HAL_TIMEx_CommutHalfCpltCallback
    stm32f1xx_hal_tim_ex.o(.ARM.exidx.text.TIMEx_DMACommutationHalfCplt) refers to stm32f1xx_hal_tim_ex.o(.text.TIMEx_DMACommutationHalfCplt) for [Anonymous Symbol]
    stm32f1xx_hal_tim_ex.o(.ARM.exidx.text.HAL_TIMEx_MasterConfigSynchronization) refers to stm32f1xx_hal_tim_ex.o(.text.HAL_TIMEx_MasterConfigSynchronization) for [Anonymous Symbol]
    stm32f1xx_hal_tim_ex.o(.ARM.exidx.text.HAL_TIMEx_ConfigBreakDeadTime) refers to stm32f1xx_hal_tim_ex.o(.text.HAL_TIMEx_ConfigBreakDeadTime) for [Anonymous Symbol]
    stm32f1xx_hal_tim_ex.o(.ARM.exidx.text.HAL_TIMEx_RemapConfig) refers to stm32f1xx_hal_tim_ex.o(.text.HAL_TIMEx_RemapConfig) for [Anonymous Symbol]
    stm32f1xx_hal_tim_ex.o(.ARM.exidx.text.HAL_TIMEx_CommutCallback) refers to stm32f1xx_hal_tim_ex.o(.text.HAL_TIMEx_CommutCallback) for [Anonymous Symbol]
    stm32f1xx_hal_tim_ex.o(.ARM.exidx.text.HAL_TIMEx_CommutHalfCpltCallback) refers to stm32f1xx_hal_tim_ex.o(.text.HAL_TIMEx_CommutHalfCpltCallback) for [Anonymous Symbol]
    stm32f1xx_hal_tim_ex.o(.ARM.exidx.text.HAL_TIMEx_BreakCallback) refers to stm32f1xx_hal_tim_ex.o(.text.HAL_TIMEx_BreakCallback) for [Anonymous Symbol]
    stm32f1xx_hal_tim_ex.o(.ARM.exidx.text.HAL_TIMEx_HallSensor_GetState) refers to stm32f1xx_hal_tim_ex.o(.text.HAL_TIMEx_HallSensor_GetState) for [Anonymous Symbol]
    stm32f1xx_hal_tim_ex.o(.ARM.exidx.text.HAL_TIMEx_GetChannelNState) refers to stm32f1xx_hal_tim_ex.o(.text.HAL_TIMEx_GetChannelNState) for [Anonymous Symbol]
    stm32f1xx_hal_uart.o(.text.HAL_UART_Init) refers to usart.o(.text.HAL_UART_MspInit) for HAL_UART_MspInit
    stm32f1xx_hal_uart.o(.text.HAL_UART_Init) refers to stm32f1xx_hal_rcc.o(.text.HAL_RCC_GetPCLK1Freq) for HAL_RCC_GetPCLK1Freq
    stm32f1xx_hal_uart.o(.text.HAL_UART_Init) refers to stm32f1xx_hal_rcc.o(.text.HAL_RCC_GetPCLK2Freq) for HAL_RCC_GetPCLK2Freq
    stm32f1xx_hal_uart.o(.ARM.exidx.text.HAL_UART_Init) refers to stm32f1xx_hal_uart.o(.text.HAL_UART_Init) for [Anonymous Symbol]
    stm32f1xx_hal_uart.o(.ARM.exidx.text.HAL_UART_MspInit) refers to stm32f1xx_hal_uart.o(.text.HAL_UART_MspInit) for [Anonymous Symbol]
    stm32f1xx_hal_uart.o(.text.HAL_HalfDuplex_Init) refers to usart.o(.text.HAL_UART_MspInit) for HAL_UART_MspInit
    stm32f1xx_hal_uart.o(.text.HAL_HalfDuplex_Init) refers to stm32f1xx_hal_rcc.o(.text.HAL_RCC_GetPCLK1Freq) for HAL_RCC_GetPCLK1Freq
    stm32f1xx_hal_uart.o(.text.HAL_HalfDuplex_Init) refers to stm32f1xx_hal_rcc.o(.text.HAL_RCC_GetPCLK2Freq) for HAL_RCC_GetPCLK2Freq
    stm32f1xx_hal_uart.o(.ARM.exidx.text.HAL_HalfDuplex_Init) refers to stm32f1xx_hal_uart.o(.text.HAL_HalfDuplex_Init) for [Anonymous Symbol]
    stm32f1xx_hal_uart.o(.text.HAL_LIN_Init) refers to usart.o(.text.HAL_UART_MspInit) for HAL_UART_MspInit
    stm32f1xx_hal_uart.o(.text.HAL_LIN_Init) refers to stm32f1xx_hal_rcc.o(.text.HAL_RCC_GetPCLK1Freq) for HAL_RCC_GetPCLK1Freq
    stm32f1xx_hal_uart.o(.text.HAL_LIN_Init) refers to stm32f1xx_hal_rcc.o(.text.HAL_RCC_GetPCLK2Freq) for HAL_RCC_GetPCLK2Freq
    stm32f1xx_hal_uart.o(.ARM.exidx.text.HAL_LIN_Init) refers to stm32f1xx_hal_uart.o(.text.HAL_LIN_Init) for [Anonymous Symbol]
    stm32f1xx_hal_uart.o(.text.HAL_MultiProcessor_Init) refers to usart.o(.text.HAL_UART_MspInit) for HAL_UART_MspInit
    stm32f1xx_hal_uart.o(.text.HAL_MultiProcessor_Init) refers to stm32f1xx_hal_rcc.o(.text.HAL_RCC_GetPCLK1Freq) for HAL_RCC_GetPCLK1Freq
    stm32f1xx_hal_uart.o(.text.HAL_MultiProcessor_Init) refers to stm32f1xx_hal_rcc.o(.text.HAL_RCC_GetPCLK2Freq) for HAL_RCC_GetPCLK2Freq
    stm32f1xx_hal_uart.o(.ARM.exidx.text.HAL_MultiProcessor_Init) refers to stm32f1xx_hal_uart.o(.text.HAL_MultiProcessor_Init) for [Anonymous Symbol]
    stm32f1xx_hal_uart.o(.text.HAL_UART_DeInit) refers to usart.o(.text.HAL_UART_MspDeInit) for HAL_UART_MspDeInit
    stm32f1xx_hal_uart.o(.ARM.exidx.text.HAL_UART_DeInit) refers to stm32f1xx_hal_uart.o(.text.HAL_UART_DeInit) for [Anonymous Symbol]
    stm32f1xx_hal_uart.o(.ARM.exidx.text.HAL_UART_MspDeInit) refers to stm32f1xx_hal_uart.o(.text.HAL_UART_MspDeInit) for [Anonymous Symbol]
    stm32f1xx_hal_uart.o(.text.HAL_UART_Transmit) refers to stm32f1xx_hal.o(.text.HAL_GetTick) for HAL_GetTick
    stm32f1xx_hal_uart.o(.ARM.exidx.text.HAL_UART_Transmit) refers to stm32f1xx_hal_uart.o(.text.HAL_UART_Transmit) for [Anonymous Symbol]
    stm32f1xx_hal_uart.o(.text.HAL_UART_Receive) refers to stm32f1xx_hal.o(.text.HAL_GetTick) for HAL_GetTick
    stm32f1xx_hal_uart.o(.ARM.exidx.text.HAL_UART_Receive) refers to stm32f1xx_hal_uart.o(.text.HAL_UART_Receive) for [Anonymous Symbol]
    stm32f1xx_hal_uart.o(.ARM.exidx.text.HAL_UART_Transmit_IT) refers to stm32f1xx_hal_uart.o(.text.HAL_UART_Transmit_IT) for [Anonymous Symbol]
    stm32f1xx_hal_uart.o(.ARM.exidx.text.HAL_UART_Receive_IT) refers to stm32f1xx_hal_uart.o(.text.HAL_UART_Receive_IT) for [Anonymous Symbol]
    stm32f1xx_hal_uart.o(.ARM.exidx.text.UART_Start_Receive_IT) refers to stm32f1xx_hal_uart.o(.text.UART_Start_Receive_IT) for [Anonymous Symbol]
    stm32f1xx_hal_uart.o(.text.HAL_UART_Transmit_DMA) refers to stm32f1xx_hal_uart.o(.text.UART_DMATransmitCplt) for UART_DMATransmitCplt
    stm32f1xx_hal_uart.o(.text.HAL_UART_Transmit_DMA) refers to stm32f1xx_hal_uart.o(.text.UART_DMATxHalfCplt) for UART_DMATxHalfCplt
    stm32f1xx_hal_uart.o(.text.HAL_UART_Transmit_DMA) refers to stm32f1xx_hal_uart.o(.text.UART_DMAError) for UART_DMAError
    stm32f1xx_hal_uart.o(.text.HAL_UART_Transmit_DMA) refers to stm32f1xx_hal_dma.o(.text.HAL_DMA_Start_IT) for HAL_DMA_Start_IT
    stm32f1xx_hal_uart.o(.ARM.exidx.text.HAL_UART_Transmit_DMA) refers to stm32f1xx_hal_uart.o(.text.HAL_UART_Transmit_DMA) for [Anonymous Symbol]
    stm32f1xx_hal_uart.o(.text.UART_DMATransmitCplt) refers to stm32f1xx_hal_uart.o(.text.HAL_UART_TxCpltCallback) for HAL_UART_TxCpltCallback
    stm32f1xx_hal_uart.o(.ARM.exidx.text.UART_DMATransmitCplt) refers to stm32f1xx_hal_uart.o(.text.UART_DMATransmitCplt) for [Anonymous Symbol]
    stm32f1xx_hal_uart.o(.text.UART_DMATxHalfCplt) refers to stm32f1xx_hal_uart.o(.text.HAL_UART_TxHalfCpltCallback) for HAL_UART_TxHalfCpltCallback
    stm32f1xx_hal_uart.o(.ARM.exidx.text.UART_DMATxHalfCplt) refers to stm32f1xx_hal_uart.o(.text.UART_DMATxHalfCplt) for [Anonymous Symbol]
    stm32f1xx_hal_uart.o(.text.UART_DMAError) refers to stm32f1xx_hal_uart.o(.text.HAL_UART_ErrorCallback) for HAL_UART_ErrorCallback
    stm32f1xx_hal_uart.o(.ARM.exidx.text.UART_DMAError) refers to stm32f1xx_hal_uart.o(.text.UART_DMAError) for [Anonymous Symbol]
    stm32f1xx_hal_uart.o(.text.HAL_UART_Receive_DMA) refers to stm32f1xx_hal_uart.o(.text.UART_DMAReceiveCplt) for UART_DMAReceiveCplt
    stm32f1xx_hal_uart.o(.text.HAL_UART_Receive_DMA) refers to stm32f1xx_hal_uart.o(.text.UART_DMARxHalfCplt) for UART_DMARxHalfCplt
    stm32f1xx_hal_uart.o(.text.HAL_UART_Receive_DMA) refers to stm32f1xx_hal_uart.o(.text.UART_DMAError) for UART_DMAError
    stm32f1xx_hal_uart.o(.text.HAL_UART_Receive_DMA) refers to stm32f1xx_hal_dma.o(.text.HAL_DMA_Start_IT) for HAL_DMA_Start_IT
    stm32f1xx_hal_uart.o(.ARM.exidx.text.HAL_UART_Receive_DMA) refers to stm32f1xx_hal_uart.o(.text.HAL_UART_Receive_DMA) for [Anonymous Symbol]
    stm32f1xx_hal_uart.o(.text.UART_Start_Receive_DMA) refers to stm32f1xx_hal_uart.o(.text.UART_DMAReceiveCplt) for UART_DMAReceiveCplt
    stm32f1xx_hal_uart.o(.text.UART_Start_Receive_DMA) refers to stm32f1xx_hal_uart.o(.text.UART_DMARxHalfCplt) for UART_DMARxHalfCplt
    stm32f1xx_hal_uart.o(.text.UART_Start_Receive_DMA) refers to stm32f1xx_hal_uart.o(.text.UART_DMAError) for UART_DMAError
    stm32f1xx_hal_uart.o(.text.UART_Start_Receive_DMA) refers to stm32f1xx_hal_dma.o(.text.HAL_DMA_Start_IT) for HAL_DMA_Start_IT
    stm32f1xx_hal_uart.o(.ARM.exidx.text.UART_Start_Receive_DMA) refers to stm32f1xx_hal_uart.o(.text.UART_Start_Receive_DMA) for [Anonymous Symbol]
    stm32f1xx_hal_uart.o(.ARM.exidx.text.HAL_UART_DMAPause) refers to stm32f1xx_hal_uart.o(.text.HAL_UART_DMAPause) for [Anonymous Symbol]
    stm32f1xx_hal_uart.o(.ARM.exidx.text.HAL_UART_DMAResume) refers to stm32f1xx_hal_uart.o(.text.HAL_UART_DMAResume) for [Anonymous Symbol]
    stm32f1xx_hal_uart.o(.text.HAL_UART_DMAStop) refers to stm32f1xx_hal_dma.o(.text.HAL_DMA_Abort) for HAL_DMA_Abort
    stm32f1xx_hal_uart.o(.ARM.exidx.text.HAL_UART_DMAStop) refers to stm32f1xx_hal_uart.o(.text.HAL_UART_DMAStop) for [Anonymous Symbol]
    stm32f1xx_hal_uart.o(.text.HAL_UARTEx_ReceiveToIdle) refers to stm32f1xx_hal.o(.text.HAL_GetTick) for HAL_GetTick
    stm32f1xx_hal_uart.o(.ARM.exidx.text.HAL_UARTEx_ReceiveToIdle) refers to stm32f1xx_hal_uart.o(.text.HAL_UARTEx_ReceiveToIdle) for [Anonymous Symbol]
    stm32f1xx_hal_uart.o(.ARM.exidx.text.HAL_UARTEx_ReceiveToIdle_IT) refers to stm32f1xx_hal_uart.o(.text.HAL_UARTEx_ReceiveToIdle_IT) for [Anonymous Symbol]
    stm32f1xx_hal_uart.o(.text.HAL_UARTEx_ReceiveToIdle_DMA) refers to stm32f1xx_hal_uart.o(.text.UART_DMAReceiveCplt) for UART_DMAReceiveCplt
    stm32f1xx_hal_uart.o(.text.HAL_UARTEx_ReceiveToIdle_DMA) refers to stm32f1xx_hal_uart.o(.text.UART_DMARxHalfCplt) for UART_DMARxHalfCplt
    stm32f1xx_hal_uart.o(.text.HAL_UARTEx_ReceiveToIdle_DMA) refers to stm32f1xx_hal_uart.o(.text.UART_DMAError) for UART_DMAError
    stm32f1xx_hal_uart.o(.text.HAL_UARTEx_ReceiveToIdle_DMA) refers to stm32f1xx_hal_dma.o(.text.HAL_DMA_Start_IT) for HAL_DMA_Start_IT
    stm32f1xx_hal_uart.o(.ARM.exidx.text.HAL_UARTEx_ReceiveToIdle_DMA) refers to stm32f1xx_hal_uart.o(.text.HAL_UARTEx_ReceiveToIdle_DMA) for [Anonymous Symbol]
    stm32f1xx_hal_uart.o(.ARM.exidx.text.HAL_UARTEx_GetRxEventType) refers to stm32f1xx_hal_uart.o(.text.HAL_UARTEx_GetRxEventType) for [Anonymous Symbol]
    stm32f1xx_hal_uart.o(.text.HAL_UART_Abort) refers to stm32f1xx_hal_dma.o(.text.HAL_DMA_Abort) for HAL_DMA_Abort
    stm32f1xx_hal_uart.o(.text.HAL_UART_Abort) refers to stm32f1xx_hal_dma.o(.text.HAL_DMA_GetError) for HAL_DMA_GetError
    stm32f1xx_hal_uart.o(.ARM.exidx.text.HAL_UART_Abort) refers to stm32f1xx_hal_uart.o(.text.HAL_UART_Abort) for [Anonymous Symbol]
    stm32f1xx_hal_uart.o(.text.HAL_UART_AbortTransmit) refers to stm32f1xx_hal_dma.o(.text.HAL_DMA_Abort) for HAL_DMA_Abort
    stm32f1xx_hal_uart.o(.text.HAL_UART_AbortTransmit) refers to stm32f1xx_hal_dma.o(.text.HAL_DMA_GetError) for HAL_DMA_GetError
    stm32f1xx_hal_uart.o(.ARM.exidx.text.HAL_UART_AbortTransmit) refers to stm32f1xx_hal_uart.o(.text.HAL_UART_AbortTransmit) for [Anonymous Symbol]
    stm32f1xx_hal_uart.o(.text.HAL_UART_AbortReceive) refers to stm32f1xx_hal_dma.o(.text.HAL_DMA_Abort) for HAL_DMA_Abort
    stm32f1xx_hal_uart.o(.text.HAL_UART_AbortReceive) refers to stm32f1xx_hal_dma.o(.text.HAL_DMA_GetError) for HAL_DMA_GetError
    stm32f1xx_hal_uart.o(.ARM.exidx.text.HAL_UART_AbortReceive) refers to stm32f1xx_hal_uart.o(.text.HAL_UART_AbortReceive) for [Anonymous Symbol]
    stm32f1xx_hal_uart.o(.text.HAL_UART_Abort_IT) refers to stm32f1xx_hal_uart.o(.text.UART_DMATxAbortCallback) for UART_DMATxAbortCallback
    stm32f1xx_hal_uart.o(.text.HAL_UART_Abort_IT) refers to stm32f1xx_hal_uart.o(.text.UART_DMARxAbortCallback) for UART_DMARxAbortCallback
    stm32f1xx_hal_uart.o(.text.HAL_UART_Abort_IT) refers to stm32f1xx_hal_dma.o(.text.HAL_DMA_Abort_IT) for HAL_DMA_Abort_IT
    stm32f1xx_hal_uart.o(.text.HAL_UART_Abort_IT) refers to stm32f1xx_hal_uart.o(.text.HAL_UART_AbortCpltCallback) for HAL_UART_AbortCpltCallback
    stm32f1xx_hal_uart.o(.ARM.exidx.text.HAL_UART_Abort_IT) refers to stm32f1xx_hal_uart.o(.text.HAL_UART_Abort_IT) for [Anonymous Symbol]
    stm32f1xx_hal_uart.o(.text.UART_DMATxAbortCallback) refers to stm32f1xx_hal_uart.o(.text.HAL_UART_AbortCpltCallback) for HAL_UART_AbortCpltCallback
    stm32f1xx_hal_uart.o(.ARM.exidx.text.UART_DMATxAbortCallback) refers to stm32f1xx_hal_uart.o(.text.UART_DMATxAbortCallback) for [Anonymous Symbol]
    stm32f1xx_hal_uart.o(.text.UART_DMARxAbortCallback) refers to stm32f1xx_hal_uart.o(.text.HAL_UART_AbortCpltCallback) for HAL_UART_AbortCpltCallback
    stm32f1xx_hal_uart.o(.ARM.exidx.text.UART_DMARxAbortCallback) refers to stm32f1xx_hal_uart.o(.text.UART_DMARxAbortCallback) for [Anonymous Symbol]
    stm32f1xx_hal_uart.o(.ARM.exidx.text.HAL_UART_AbortCpltCallback) refers to stm32f1xx_hal_uart.o(.text.HAL_UART_AbortCpltCallback) for [Anonymous Symbol]
    stm32f1xx_hal_uart.o(.text.HAL_UART_AbortTransmit_IT) refers to stm32f1xx_hal_uart.o(.text.UART_DMATxOnlyAbortCallback) for UART_DMATxOnlyAbortCallback
    stm32f1xx_hal_uart.o(.text.HAL_UART_AbortTransmit_IT) refers to stm32f1xx_hal_dma.o(.text.HAL_DMA_Abort_IT) for HAL_DMA_Abort_IT
    stm32f1xx_hal_uart.o(.text.HAL_UART_AbortTransmit_IT) refers to stm32f1xx_hal_uart.o(.text.HAL_UART_AbortTransmitCpltCallback) for HAL_UART_AbortTransmitCpltCallback
    stm32f1xx_hal_uart.o(.ARM.exidx.text.HAL_UART_AbortTransmit_IT) refers to stm32f1xx_hal_uart.o(.text.HAL_UART_AbortTransmit_IT) for [Anonymous Symbol]
    stm32f1xx_hal_uart.o(.text.UART_DMATxOnlyAbortCallback) refers to stm32f1xx_hal_uart.o(.text.HAL_UART_AbortTransmitCpltCallback) for HAL_UART_AbortTransmitCpltCallback
    stm32f1xx_hal_uart.o(.ARM.exidx.text.UART_DMATxOnlyAbortCallback) refers to stm32f1xx_hal_uart.o(.text.UART_DMATxOnlyAbortCallback) for [Anonymous Symbol]
    stm32f1xx_hal_uart.o(.ARM.exidx.text.HAL_UART_AbortTransmitCpltCallback) refers to stm32f1xx_hal_uart.o(.text.HAL_UART_AbortTransmitCpltCallback) for [Anonymous Symbol]
    stm32f1xx_hal_uart.o(.text.HAL_UART_AbortReceive_IT) refers to stm32f1xx_hal_uart.o(.text.UART_DMARxOnlyAbortCallback) for UART_DMARxOnlyAbortCallback
    stm32f1xx_hal_uart.o(.text.HAL_UART_AbortReceive_IT) refers to stm32f1xx_hal_dma.o(.text.HAL_DMA_Abort_IT) for HAL_DMA_Abort_IT
    stm32f1xx_hal_uart.o(.text.HAL_UART_AbortReceive_IT) refers to stm32f1xx_hal_uart.o(.text.HAL_UART_AbortReceiveCpltCallback) for HAL_UART_AbortReceiveCpltCallback
    stm32f1xx_hal_uart.o(.ARM.exidx.text.HAL_UART_AbortReceive_IT) refers to stm32f1xx_hal_uart.o(.text.HAL_UART_AbortReceive_IT) for [Anonymous Symbol]
    stm32f1xx_hal_uart.o(.text.UART_DMARxOnlyAbortCallback) refers to stm32f1xx_hal_uart.o(.text.HAL_UART_AbortReceiveCpltCallback) for HAL_UART_AbortReceiveCpltCallback
    stm32f1xx_hal_uart.o(.ARM.exidx.text.UART_DMARxOnlyAbortCallback) refers to stm32f1xx_hal_uart.o(.text.UART_DMARxOnlyAbortCallback) for [Anonymous Symbol]
    stm32f1xx_hal_uart.o(.ARM.exidx.text.HAL_UART_AbortReceiveCpltCallback) refers to stm32f1xx_hal_uart.o(.text.HAL_UART_AbortReceiveCpltCallback) for [Anonymous Symbol]
    stm32f1xx_hal_uart.o(.text.HAL_UART_IRQHandler) refers to stm32f1xx_hal_uart.o(.text.UART_Receive_IT) for UART_Receive_IT
    stm32f1xx_hal_uart.o(.text.HAL_UART_IRQHandler) refers to stm32f1xx_hal_dma.o(.text.HAL_DMA_Abort) for HAL_DMA_Abort
    stm32f1xx_hal_uart.o(.text.HAL_UART_IRQHandler) refers to stm32f1xx_hal_uart.o(.text.HAL_UARTEx_RxEventCallback) for HAL_UARTEx_RxEventCallback
    stm32f1xx_hal_uart.o(.text.HAL_UART_IRQHandler) refers to stm32f1xx_hal_uart.o(.text.HAL_UART_TxCpltCallback) for HAL_UART_TxCpltCallback
    stm32f1xx_hal_uart.o(.text.HAL_UART_IRQHandler) refers to stm32f1xx_hal_uart.o(.text.UART_DMAAbortOnError) for UART_DMAAbortOnError
    stm32f1xx_hal_uart.o(.text.HAL_UART_IRQHandler) refers to stm32f1xx_hal_dma.o(.text.HAL_DMA_Abort_IT) for HAL_DMA_Abort_IT
    stm32f1xx_hal_uart.o(.text.HAL_UART_IRQHandler) refers to stm32f1xx_hal_uart.o(.text.HAL_UART_ErrorCallback) for HAL_UART_ErrorCallback
    stm32f1xx_hal_uart.o(.ARM.exidx.text.HAL_UART_IRQHandler) refers to stm32f1xx_hal_uart.o(.text.HAL_UART_IRQHandler) for [Anonymous Symbol]
    stm32f1xx_hal_uart.o(.text.UART_Receive_IT) refers to stm32f1xx_hal_uart.o(.text.HAL_UARTEx_RxEventCallback) for HAL_UARTEx_RxEventCallback
    stm32f1xx_hal_uart.o(.text.UART_Receive_IT) refers to stm32f1xx_hal_uart.o(.text.HAL_UART_RxCpltCallback) for HAL_UART_RxCpltCallback
    stm32f1xx_hal_uart.o(.ARM.exidx.text.UART_Receive_IT) refers to stm32f1xx_hal_uart.o(.text.UART_Receive_IT) for [Anonymous Symbol]
    stm32f1xx_hal_uart.o(.text.UART_DMAAbortOnError) refers to stm32f1xx_hal_uart.o(.text.HAL_UART_ErrorCallback) for HAL_UART_ErrorCallback
    stm32f1xx_hal_uart.o(.ARM.exidx.text.UART_DMAAbortOnError) refers to stm32f1xx_hal_uart.o(.text.UART_DMAAbortOnError) for [Anonymous Symbol]
    stm32f1xx_hal_uart.o(.ARM.exidx.text.HAL_UART_ErrorCallback) refers to stm32f1xx_hal_uart.o(.text.HAL_UART_ErrorCallback) for [Anonymous Symbol]
    stm32f1xx_hal_uart.o(.ARM.exidx.text.HAL_UARTEx_RxEventCallback) refers to stm32f1xx_hal_uart.o(.text.HAL_UARTEx_RxEventCallback) for [Anonymous Symbol]
    stm32f1xx_hal_uart.o(.ARM.exidx.text.HAL_UART_TxCpltCallback) refers to stm32f1xx_hal_uart.o(.text.HAL_UART_TxCpltCallback) for [Anonymous Symbol]
    stm32f1xx_hal_uart.o(.ARM.exidx.text.HAL_UART_TxHalfCpltCallback) refers to stm32f1xx_hal_uart.o(.text.HAL_UART_TxHalfCpltCallback) for [Anonymous Symbol]
    stm32f1xx_hal_uart.o(.ARM.exidx.text.HAL_UART_RxCpltCallback) refers to stm32f1xx_hal_uart.o(.text.HAL_UART_RxCpltCallback) for [Anonymous Symbol]
    stm32f1xx_hal_uart.o(.ARM.exidx.text.HAL_UART_RxHalfCpltCallback) refers to stm32f1xx_hal_uart.o(.text.HAL_UART_RxHalfCpltCallback) for [Anonymous Symbol]
    stm32f1xx_hal_uart.o(.ARM.exidx.text.HAL_LIN_SendBreak) refers to stm32f1xx_hal_uart.o(.text.HAL_LIN_SendBreak) for [Anonymous Symbol]
    stm32f1xx_hal_uart.o(.ARM.exidx.text.HAL_MultiProcessor_EnterMuteMode) refers to stm32f1xx_hal_uart.o(.text.HAL_MultiProcessor_EnterMuteMode) for [Anonymous Symbol]
    stm32f1xx_hal_uart.o(.ARM.exidx.text.HAL_MultiProcessor_ExitMuteMode) refers to stm32f1xx_hal_uart.o(.text.HAL_MultiProcessor_ExitMuteMode) for [Anonymous Symbol]
    stm32f1xx_hal_uart.o(.ARM.exidx.text.HAL_HalfDuplex_EnableTransmitter) refers to stm32f1xx_hal_uart.o(.text.HAL_HalfDuplex_EnableTransmitter) for [Anonymous Symbol]
    stm32f1xx_hal_uart.o(.ARM.exidx.text.HAL_HalfDuplex_EnableReceiver) refers to stm32f1xx_hal_uart.o(.text.HAL_HalfDuplex_EnableReceiver) for [Anonymous Symbol]
    stm32f1xx_hal_uart.o(.ARM.exidx.text.HAL_UART_GetState) refers to stm32f1xx_hal_uart.o(.text.HAL_UART_GetState) for [Anonymous Symbol]
    stm32f1xx_hal_uart.o(.ARM.exidx.text.HAL_UART_GetError) refers to stm32f1xx_hal_uart.o(.text.HAL_UART_GetError) for [Anonymous Symbol]
    stm32f1xx_hal_uart.o(.text.UART_DMAReceiveCplt) refers to stm32f1xx_hal_uart.o(.text.HAL_UART_RxCpltCallback) for HAL_UART_RxCpltCallback
    stm32f1xx_hal_uart.o(.text.UART_DMAReceiveCplt) refers to stm32f1xx_hal_uart.o(.text.HAL_UARTEx_RxEventCallback) for HAL_UARTEx_RxEventCallback
    stm32f1xx_hal_uart.o(.ARM.exidx.text.UART_DMAReceiveCplt) refers to stm32f1xx_hal_uart.o(.text.UART_DMAReceiveCplt) for [Anonymous Symbol]
    stm32f1xx_hal_uart.o(.text.UART_DMARxHalfCplt) refers to stm32f1xx_hal_uart.o(.text.HAL_UART_RxHalfCpltCallback) for HAL_UART_RxHalfCpltCallback
    stm32f1xx_hal_uart.o(.text.UART_DMARxHalfCplt) refers to stm32f1xx_hal_uart.o(.text.HAL_UARTEx_RxEventCallback) for HAL_UARTEx_RxEventCallback
    stm32f1xx_hal_uart.o(.ARM.exidx.text.UART_DMARxHalfCplt) refers to stm32f1xx_hal_uart.o(.text.UART_DMARxHalfCplt) for [Anonymous Symbol]
    system_stm32f1xx.o(.ARM.exidx.text.SystemInit) refers to system_stm32f1xx.o(.text.SystemInit) for [Anonymous Symbol]
    system_stm32f1xx.o(.text.SystemCoreClockUpdate) refers to system_stm32f10x.o(.data.SystemCoreClock) for SystemCoreClock
    system_stm32f1xx.o(.text.SystemCoreClockUpdate) refers to system_stm32f1xx.o(.data.SystemCoreClock) for SystemCoreClock
    system_stm32f1xx.o(.text.SystemCoreClockUpdate) refers to system_stm32f10x.o(.rodata.AHBPrescTable) for AHBPrescTable
    system_stm32f1xx.o(.text.SystemCoreClockUpdate) refers to system_stm32f1xx.o(.rodata.AHBPrescTable) for AHBPrescTable
    system_stm32f1xx.o(.ARM.exidx.text.SystemCoreClockUpdate) refers to system_stm32f1xx.o(.text.SystemCoreClockUpdate) for [Anonymous Symbol]
    llsdiv.o(.text) refers to lludivv7m.o(.text) for __aeabi_uldivmod
    __main.o(!!!main) refers to __rtentry.o(.ARM.Collect$$rtentry$$00000000) for __rt_entry
    d2f.o(x$fpl$d2f) refers (Special) to usenofp.o(x$fpl$usenofp) for __I$use$fp
    d2f.o(x$fpl$d2f) refers to fretinf.o(x$fpl$fretinf) for __fpl_fretinf
    d2f.o(x$fpl$d2f) refers to dnaninf.o(x$fpl$dnaninf) for __fpl_dnaninf
    daddsub_clz.o(x$fpl$dadd) refers (Special) to usenofp.o(x$fpl$usenofp) for __I$use$fp
    daddsub_clz.o(x$fpl$dadd) refers to daddsub_clz.o(x$fpl$dsub) for _dsub1
    daddsub_clz.o(x$fpl$dadd) refers to dretinf.o(x$fpl$dretinf) for __fpl_dretinf
    daddsub_clz.o(x$fpl$dadd) refers to dnaninf.o(x$fpl$dnaninf) for __fpl_dnaninf
    daddsub_clz.o(x$fpl$drsb) refers (Special) to usenofp.o(x$fpl$usenofp) for __I$use$fp
    daddsub_clz.o(x$fpl$drsb) refers to daddsub_clz.o(x$fpl$dadd) for _dadd1
    daddsub_clz.o(x$fpl$drsb) refers to daddsub_clz.o(x$fpl$dsub) for _dsub1
    daddsub_clz.o(x$fpl$dsub) refers (Special) to usenofp.o(x$fpl$usenofp) for __I$use$fp
    daddsub_clz.o(x$fpl$dsub) refers to daddsub_clz.o(x$fpl$dadd) for _dadd1
    daddsub_clz.o(x$fpl$dsub) refers to dnaninf.o(x$fpl$dnaninf) for __fpl_dnaninf
    ddiv.o(x$fpl$drdiv) refers (Special) to usenofp.o(x$fpl$usenofp) for __I$use$fp
    ddiv.o(x$fpl$drdiv) refers to ddiv.o(x$fpl$ddiv) for ddiv_entry
    ddiv.o(x$fpl$ddiv) refers (Special) to usenofp.o(x$fpl$usenofp) for __I$use$fp
    ddiv.o(x$fpl$ddiv) refers to dretinf.o(x$fpl$dretinf) for __fpl_dretinf
    ddiv.o(x$fpl$ddiv) refers to dnaninf.o(x$fpl$dnaninf) for __fpl_dnaninf
    dfix.o(x$fpl$dfix) refers (Special) to usenofp.o(x$fpl$usenofp) for __I$use$fp
    dfix.o(x$fpl$dfix) refers to dnaninf.o(x$fpl$dnaninf) for __fpl_dnaninf
    dfix.o(x$fpl$dfixr) refers (Special) to usenofp.o(x$fpl$usenofp) for __I$use$fp
    dfix.o(x$fpl$dfixr) refers to dnaninf.o(x$fpl$dnaninf) for __fpl_dnaninf
    dflt_clz.o(x$fpl$dfltu) refers (Special) to usenofp.o(x$fpl$usenofp) for __I$use$fp
    dflt_clz.o(x$fpl$dflt) refers (Special) to usenofp.o(x$fpl$usenofp) for __I$use$fp
    dflt_clz.o(x$fpl$dfltn) refers (Special) to usenofp.o(x$fpl$usenofp) for __I$use$fp
    dmul.o(x$fpl$dmul) refers (Special) to usenofp.o(x$fpl$usenofp) for __I$use$fp
    dmul.o(x$fpl$dmul) refers to dretinf.o(x$fpl$dretinf) for __fpl_dretinf
    dmul.o(x$fpl$dmul) refers to dnaninf.o(x$fpl$dnaninf) for __fpl_dnaninf
    f2d.o(x$fpl$f2d) refers (Special) to usenofp.o(x$fpl$usenofp) for __I$use$fp
    f2d.o(x$fpl$f2d) refers to fnaninf.o(x$fpl$fnaninf) for __fpl_fnaninf
    f2d.o(x$fpl$f2d) refers to dretinf.o(x$fpl$dretinf) for __fpl_dretinf
    faddsub_clz.o(x$fpl$fadd) refers (Special) to usenofp.o(x$fpl$usenofp) for __I$use$fp
    faddsub_clz.o(x$fpl$fadd) refers to faddsub_clz.o(x$fpl$fsub) for _fsub1
    faddsub_clz.o(x$fpl$fadd) refers to fretinf.o(x$fpl$fretinf) for __fpl_fretinf
    faddsub_clz.o(x$fpl$fadd) refers to fnaninf.o(x$fpl$fnaninf) for __fpl_fnaninf
    faddsub_clz.o(x$fpl$frsb) refers (Special) to usenofp.o(x$fpl$usenofp) for __I$use$fp
    faddsub_clz.o(x$fpl$frsb) refers to faddsub_clz.o(x$fpl$fadd) for _fadd1
    faddsub_clz.o(x$fpl$frsb) refers to faddsub_clz.o(x$fpl$fsub) for _fsub1
    faddsub_clz.o(x$fpl$fsub) refers (Special) to usenofp.o(x$fpl$usenofp) for __I$use$fp
    faddsub_clz.o(x$fpl$fsub) refers to faddsub_clz.o(x$fpl$fadd) for _fadd1
    faddsub_clz.o(x$fpl$fsub) refers to fnaninf.o(x$fpl$fnaninf) for __fpl_fnaninf
    fcmp.o(x$fpl$fcmp) refers (Special) to usenofp.o(x$fpl$usenofp) for __I$use$fp
    fcmp.o(x$fpl$fcmp) refers to feqf.o(x$fpl$feqf) for _fcmpeq
    fcmp.o(x$fpl$fcmp) refers to fgeqf.o(x$fpl$fgeqf) for _fcmpge
    fcmp.o(x$fpl$fcmp) refers to fleqf.o(x$fpl$fleqf) for _fcmple
    fdiv.o(x$fpl$frdiv) refers (Special) to usenofp.o(x$fpl$usenofp) for __I$use$fp
    fdiv.o(x$fpl$frdiv) refers to fdiv.o(x$fpl$fdiv) for _fdiv1
    fdiv.o(x$fpl$fdiv) refers (Special) to usenofp.o(x$fpl$usenofp) for __I$use$fp
    fdiv.o(x$fpl$fdiv) refers to fretinf.o(x$fpl$fretinf) for __fpl_fretinf
    fdiv.o(x$fpl$fdiv) refers to fnaninf.o(x$fpl$fnaninf) for __fpl_fnaninf
    ffix.o(x$fpl$ffix) refers (Special) to usenofp.o(x$fpl$usenofp) for __I$use$fp
    ffix.o(x$fpl$ffix) refers to fnaninf.o(x$fpl$fnaninf) for __fpl_fnaninf
    ffix.o(x$fpl$ffixr) refers (Special) to usenofp.o(x$fpl$usenofp) for __I$use$fp
    ffix.o(x$fpl$ffixr) refers to fnaninf.o(x$fpl$fnaninf) for __fpl_fnaninf
    fflt_clz.o(x$fpl$ffltu) refers (Special) to usenofp.o(x$fpl$usenofp) for __I$use$fp
    fflt_clz.o(x$fpl$fflt) refers (Special) to usenofp.o(x$fpl$usenofp) for __I$use$fp
    fflt_clz.o(x$fpl$ffltn) refers (Special) to usenofp.o(x$fpl$usenofp) for __I$use$fp
    fmul.o(x$fpl$fmul) refers (Special) to usenofp.o(x$fpl$usenofp) for __I$use$fp
    fmul.o(x$fpl$fmul) refers to fretinf.o(x$fpl$fretinf) for __fpl_fretinf
    fmul.o(x$fpl$fmul) refers to fnaninf.o(x$fpl$fnaninf) for __fpl_fnaninf
    pow.o(i.__softfp_pow) refers (Special) to usenofp.o(x$fpl$usenofp) for __I$use$fp
    pow.o(i.__softfp_pow) refers to pow.o(i.pow) for pow
    pow.o(i.pow) refers (Special) to usenofp.o(x$fpl$usenofp) for __I$use$fp
    pow.o(i.pow) refers to dunder.o(i.__mathlib_dbl_infnan2) for __mathlib_dbl_infnan2
    pow.o(i.pow) refers to _rserrno.o(.text) for __set_errno
    pow.o(i.pow) refers to dunder.o(i.__mathlib_dbl_divzero) for __mathlib_dbl_divzero
    pow.o(i.pow) refers to ddiv.o(x$fpl$ddiv) for __aeabi_ddiv
    pow.o(i.pow) refers to sqrt.o(i.sqrt) for sqrt
    pow.o(i.pow) refers to dmul.o(x$fpl$dmul) for __aeabi_dmul
    pow.o(i.pow) refers to dflt_clz.o(x$fpl$dflt) for __aeabi_i2d
    pow.o(i.pow) refers to dunder.o(i.__mathlib_dbl_invalid) for __mathlib_dbl_invalid
    pow.o(i.pow) refers to dunder.o(i.__mathlib_dbl_underflow) for __mathlib_dbl_underflow
    pow.o(i.pow) refers to dunder.o(i.__mathlib_dbl_overflow) for __mathlib_dbl_overflow
    pow.o(i.pow) refers to daddsub_clz.o(x$fpl$dsub) for __aeabi_dsub
    pow.o(i.pow) refers to scalbn.o(x$fpl$scalbn) for __ARM_scalbn
    pow.o(i.pow) refers to daddsub_clz.o(x$fpl$drsb) for __aeabi_drsub
    pow.o(i.pow) refers to daddsub_clz.o(x$fpl$dadd) for __aeabi_dadd
    pow.o(i.pow) refers to qnan.o(.constdata) for __mathlib_zero
    pow.o(i.pow) refers to poly.o(i.__kernel_poly) for __kernel_poly
    pow.o(i.pow) refers to drleqf.o(x$fpl$drleqf) for __aeabi_cdrcmple
    pow.o(i.pow) refers to pow.o(.constdata) for .constdata
    pow.o(i.pow) refers to fpclassify.o(i.__ARM_fpclassify) for __ARM_fpclassify
    pow.o(.constdata) refers (Special) to usenofp.o(x$fpl$usenofp) for __I$use$fp
    powf.o(i.__softfp_powf) refers (Special) to usenofp.o(x$fpl$usenofp) for __I$use$fp
    powf.o(i.__softfp_powf) refers to powf.o(i.powf) for powf
    powf.o(i.powf) refers (Special) to usenofp.o(x$fpl$usenofp) for __I$use$fp
    powf.o(i.powf) refers to fflt_clz.o(x$fpl$fflt) for __aeabi_i2f
    powf.o(i.powf) refers to scalbnf.o(x$fpl$scalbnf) for __ARM_scalbnf
    powf.o(i.powf) refers to faddsub_clz.o(x$fpl$fadd) for __aeabi_fadd
    powf.o(i.powf) refers to faddsub_clz.o(x$fpl$fsub) for __aeabi_fsub
    powf.o(i.powf) refers to fdiv.o(x$fpl$fdiv) for __aeabi_fdiv
    powf.o(i.powf) refers to fmul.o(x$fpl$fmul) for __aeabi_fmul
    powf.o(i.powf) refers to faddsub_clz.o(x$fpl$frsb) for __aeabi_frsub
    powf.o(i.powf) refers to ffix.o(x$fpl$ffixr) for _ffix_r
    powf.o(i.powf) refers to fpclassifyf.o(i.__ARM_fpclassifyf) for __ARM_fpclassifyf
    powf.o(i.powf) refers to funder.o(i.__mathlib_flt_underflow) for __mathlib_flt_underflow
    powf.o(i.powf) refers to _rserrno.o(.text) for __set_errno
    powf.o(i.powf) refers to funder.o(i.__mathlib_flt_overflow) for __mathlib_flt_overflow
    powf.o(i.powf) refers to funder.o(i.__mathlib_flt_invalid) for __mathlib_flt_invalid
    powf.o(i.powf) refers to powf.o(.constdata) for .constdata
    powf.o(i.powf) refers to funder.o(i.__mathlib_flt_infnan2) for __mathlib_flt_infnan2
    powf.o(i.powf) refers to funder.o(i.__mathlib_flt_divzero) for __mathlib_flt_divzero
    powf.o(.constdata) refers (Special) to usenofp.o(x$fpl$usenofp) for __I$use$fp
    sqrt.o(i.__softfp_sqrt) refers (Special) to usenofp.o(x$fpl$usenofp) for __I$use$fp
    sqrt.o(i.__softfp_sqrt) refers to dsqrt_noumaal.o(x$fpl$dsqrt) for _dsqrt
    sqrt.o(i.__softfp_sqrt) refers to _rserrno.o(.text) for __set_errno
    sqrt.o(i.sqrt) refers (Special) to usenofp.o(x$fpl$usenofp) for __I$use$fp
    sqrt.o(i.sqrt) refers to dsqrt_noumaal.o(x$fpl$dsqrt) for _dsqrt
    sqrt.o(i.sqrt) refers to _rserrno.o(.text) for __set_errno
    sqrtf.o(i.__softfp_sqrtf) refers (Special) to usenofp.o(x$fpl$usenofp) for __I$use$fp
    sqrtf.o(i.__softfp_sqrtf) refers to fsqrt.o(x$fpl$fsqrt) for _fsqrt
    sqrtf.o(i.__softfp_sqrtf) refers to _rserrno.o(.text) for __set_errno
    sqrtf.o(i.sqrtf) refers (Special) to usenofp.o(x$fpl$usenofp) for __I$use$fp
    sqrtf.o(i.sqrtf) refers to fsqrt.o(x$fpl$fsqrt) for _fsqrt
    sqrtf.o(i.sqrtf) refers to _rserrno.o(.text) for __set_errno
    __rtentry.o(.ARM.Collect$$rtentry$$00000000) refers (Special) to __rtentry2.o(.ARM.Collect$$rtentry$$0000000A) for __rt_entry_li
    __rtentry.o(.ARM.Collect$$rtentry$$00000000) refers (Special) to __rtentry2.o(.ARM.Collect$$rtentry$$0000000D) for __rt_entry_main
    __rtentry.o(.ARM.Collect$$rtentry$$00000000) refers (Special) to __rtentry2.o(.ARM.Collect$$rtentry$$0000000C) for __rt_entry_postli_1
    __rtentry.o(.ARM.Collect$$rtentry$$00000000) refers (Special) to __rtentry2.o(.ARM.Collect$$rtentry$$00000009) for __rt_entry_postsh_1
    __rtentry.o(.ARM.Collect$$rtentry$$00000000) refers (Special) to __rtentry2.o(.ARM.Collect$$rtentry$$00000002) for __rt_entry_presh_1
    __rtentry.o(.ARM.Collect$$rtentry$$00000000) refers (Special) to __rtentry4.o(.ARM.Collect$$rtentry$$00000004) for __rt_entry_sh
    aeabi_ldiv0_sigfpe.o(.text) refers to rt_div0.o(.text) for __rt_div0
    _rserrno.o(.text) refers to rt_errno_addr_intlibspace.o(.text) for __aeabi_errno_addr
    dnaninf.o(x$fpl$dnaninf) refers (Special) to usenofp.o(x$fpl$usenofp) for __I$use$fp
    dretinf.o(x$fpl$dretinf) refers (Special) to usenofp.o(x$fpl$usenofp) for __I$use$fp
    drleqf.o(x$fpl$drleqf) refers (Special) to usenofp.o(x$fpl$usenofp) for __I$use$fp
    drleqf.o(x$fpl$drleqf) refers to dleqf.o(x$fpl$dleqf) for __fpl_dcmple_InfNaN
    dsqrt_noumaal.o(x$fpl$dsqrt) refers (Special) to usenofp.o(x$fpl$usenofp) for __I$use$fp
    dsqrt_noumaal.o(x$fpl$dsqrt) refers to dnaninf.o(x$fpl$dnaninf) for __fpl_dnaninf
    feqf.o(x$fpl$feqf) refers (Special) to usenofp.o(x$fpl$usenofp) for __I$use$fp
    feqf.o(x$fpl$feqf) refers to fnaninf.o(x$fpl$fnaninf) for __fpl_fnaninf
    feqf.o(x$fpl$feqf) refers to fcmpi.o(x$fpl$fcmpinf) for __fpl_fcmp_Inf
    fgeqf.o(x$fpl$fgeqf) refers (Special) to usenofp.o(x$fpl$usenofp) for __I$use$fp
    fgeqf.o(x$fpl$fgeqf) refers to fnaninf.o(x$fpl$fnaninf) for __fpl_fnaninf
    fgeqf.o(x$fpl$fgeqf) refers to fcmpi.o(x$fpl$fcmpinf) for __fpl_fcmp_Inf
    fleqf.o(x$fpl$fleqf) refers (Special) to usenofp.o(x$fpl$usenofp) for __I$use$fp
    fleqf.o(x$fpl$fleqf) refers to fnaninf.o(x$fpl$fnaninf) for __fpl_fnaninf
    fleqf.o(x$fpl$fleqf) refers to fcmpi.o(x$fpl$fcmpinf) for __fpl_fcmp_Inf
    fnaninf.o(x$fpl$fnaninf) refers (Special) to usenofp.o(x$fpl$usenofp) for __I$use$fp
    fretinf.o(x$fpl$fretinf) refers (Special) to usenofp.o(x$fpl$usenofp) for __I$use$fp
    fsqrt.o(x$fpl$fsqrt) refers (Special) to usenofp.o(x$fpl$usenofp) for __I$use$fp
    fsqrt.o(x$fpl$fsqrt) refers to fnaninf.o(x$fpl$fnaninf) for __fpl_fnaninf
    istatus.o(x$fpl$ieeestatus) refers (Special) to usenofp.o(x$fpl$usenofp) for __I$use$fp
    scalbn.o(x$fpl$scalbn) refers (Special) to usenofp.o(x$fpl$usenofp) for __I$use$fp
    scalbn.o(x$fpl$scalbn) refers to dcheck1.o(x$fpl$dcheck1) for __fpl_dcheck_NaN1
    scalbnf.o(x$fpl$scalbnf) refers (Special) to usenofp.o(x$fpl$usenofp) for __I$use$fp
    scalbnf.o(x$fpl$scalbnf) refers to fcheck1.o(x$fpl$fcheck1) for __fpl_fcheck_NaN1
    dunder.o(i.__mathlib_dbl_divzero) refers to ddiv.o(x$fpl$ddiv) for __aeabi_ddiv
    dunder.o(i.__mathlib_dbl_infnan) refers to scalbn.o(x$fpl$scalbn) for __ARM_scalbn
    dunder.o(i.__mathlib_dbl_infnan2) refers to daddsub_clz.o(x$fpl$dadd) for __aeabi_dadd
    dunder.o(i.__mathlib_dbl_invalid) refers to ddiv.o(x$fpl$ddiv) for __aeabi_ddiv
    dunder.o(i.__mathlib_dbl_overflow) refers to scalbn.o(x$fpl$scalbn) for __ARM_scalbn
    dunder.o(i.__mathlib_dbl_posinfnan) refers to dmul.o(x$fpl$dmul) for __aeabi_dmul
    dunder.o(i.__mathlib_dbl_underflow) refers to scalbn.o(x$fpl$scalbn) for __ARM_scalbn
    fpclassify.o(i.__ARM_fpclassify) refers (Special) to usenofp.o(x$fpl$usenofp) for __I$use$fp
    fpclassifyf.o(i.__ARM_fpclassifyf) refers (Special) to usenofp.o(x$fpl$usenofp) for __I$use$fp
    funder.o(i.__mathlib_flt_divzero) refers to fdiv.o(x$fpl$fdiv) for __aeabi_fdiv
    funder.o(i.__mathlib_flt_infnan) refers to scalbnf.o(x$fpl$scalbnf) for __ARM_scalbnf
    funder.o(i.__mathlib_flt_infnan2) refers to faddsub_clz.o(x$fpl$fadd) for __aeabi_fadd
    funder.o(i.__mathlib_flt_invalid) refers to fdiv.o(x$fpl$fdiv) for __aeabi_fdiv
    funder.o(i.__mathlib_flt_overflow) refers to scalbnf.o(x$fpl$scalbnf) for __ARM_scalbnf
    funder.o(i.__mathlib_flt_posinfnan) refers to fmul.o(x$fpl$fmul) for __aeabi_fmul
    funder.o(i.__mathlib_flt_underflow) refers to scalbnf.o(x$fpl$scalbnf) for __ARM_scalbnf
    poly.o(i.__kernel_poly) refers (Special) to usenofp.o(x$fpl$usenofp) for __I$use$fp
    poly.o(i.__kernel_poly) refers to dmul.o(x$fpl$dmul) for __aeabi_dmul
    poly.o(i.__kernel_poly) refers to daddsub_clz.o(x$fpl$dadd) for __aeabi_dadd
    qnan.o(.constdata) refers (Special) to usenofp.o(x$fpl$usenofp) for __I$use$fp
    __rtentry2.o(.ARM.Collect$$rtentry$$00000008) refers to boardinit2.o(.text) for _platform_post_stackheap_init
    __rtentry2.o(.ARM.Collect$$rtentry$$0000000A) refers to libinit.o(.ARM.Collect$$libinit$$00000000) for __rt_lib_init
    __rtentry2.o(.ARM.Collect$$rtentry$$0000000B) refers to boardinit3.o(.text) for _platform_post_lib_init
    __rtentry2.o(.ARM.Collect$$rtentry$$0000000D) refers to main.o(.text.main) for main
    __rtentry2.o(.ARM.Collect$$rtentry$$0000000D) refers to exit.o(.text) for exit
    __rtentry2.o(.ARM.exidx) refers to __rtentry2.o(.ARM.Collect$$rtentry$$00000001) for .ARM.Collect$$rtentry$$00000001
    __rtentry2.o(.ARM.exidx) refers to __rtentry2.o(.ARM.Collect$$rtentry$$00000008) for .ARM.Collect$$rtentry$$00000008
    __rtentry2.o(.ARM.exidx) refers to __rtentry2.o(.ARM.Collect$$rtentry$$0000000A) for .ARM.Collect$$rtentry$$0000000A
    __rtentry2.o(.ARM.exidx) refers to __rtentry2.o(.ARM.Collect$$rtentry$$0000000B) for .ARM.Collect$$rtentry$$0000000B
    __rtentry2.o(.ARM.exidx) refers to __rtentry2.o(.ARM.Collect$$rtentry$$0000000D) for .ARM.Collect$$rtentry$$0000000D
    __rtentry4.o(.ARM.Collect$$rtentry$$00000004) refers to sys_stackheap_outer.o(.text) for __user_setup_stackheap
    __rtentry4.o(.ARM.exidx) refers to __rtentry4.o(.ARM.Collect$$rtentry$$00000004) for .ARM.Collect$$rtentry$$00000004
    rt_div0.o(.text) refers to defsig_fpe_outer.o(.text) for __rt_SIGFPE
    rt_errno_addr.o(.text) refers to rt_errno_addr.o(.bss) for __aeabi_errno_addr_data
    rt_errno_addr_intlibspace.o(.text) refers to libspace.o(.bss) for __libspace_start
    dcheck1.o(x$fpl$dcheck1) refers (Special) to usenofp.o(x$fpl$usenofp) for __I$use$fp
    dcheck1.o(x$fpl$dcheck1) refers to retnan.o(x$fpl$retnan) for __fpl_return_NaN
    dleqf.o(x$fpl$dleqf) refers (Special) to usenofp.o(x$fpl$usenofp) for __I$use$fp
    dleqf.o(x$fpl$dleqf) refers to dnaninf.o(x$fpl$dnaninf) for __fpl_dnaninf
    dleqf.o(x$fpl$dleqf) refers to dcmpi.o(x$fpl$dcmpinf) for __fpl_dcmp_Inf
    fcheck1.o(x$fpl$fcheck1) refers (Special) to usenofp.o(x$fpl$usenofp) for __I$use$fp
    fcheck1.o(x$fpl$fcheck1) refers to retnan.o(x$fpl$retnan) for __fpl_return_NaN
    fcmpi.o(x$fpl$fcmpinf) refers (Special) to usenofp.o(x$fpl$usenofp) for __I$use$fp
    libspace.o(.text) refers to libspace.o(.bss) for __libspace_start
    sys_stackheap_outer.o(.text) refers to libspace.o(.text) for __user_perproc_libspace
    sys_stackheap_outer.o(.text) refers to startup_stm32f10x_md.o(.text) for __user_initial_stackheap
    exit.o(.text) refers to rtexit.o(.ARM.Collect$$rtexit$$00000000) for __rt_exit
    defsig_fpe_outer.o(.text) refers to defsig_fpe_inner.o(.text) for __rt_SIGFPE_inner
    defsig_fpe_outer.o(.text) refers to defsig_exit.o(.text) for __sig_exit
    defsig_fpe_formal.o(.text) refers to rt_raise.o(.text) for __rt_raise
    libinit.o(.ARM.Collect$$libinit$$00000000) refers (Special) to libinit2.o(.ARM.Collect$$libinit$$00000030) for __rt_lib_init_alloca_1
    libinit.o(.ARM.Collect$$libinit$$00000000) refers (Special) to libinit2.o(.ARM.Collect$$libinit$$0000002E) for __rt_lib_init_argv_1
    libinit.o(.ARM.Collect$$libinit$$00000000) refers (Special) to libinit2.o(.ARM.Collect$$libinit$$0000001D) for __rt_lib_init_atexit_1
    libinit.o(.ARM.Collect$$libinit$$00000000) refers (Special) to libinit2.o(.ARM.Collect$$libinit$$00000023) for __rt_lib_init_clock_1
    libinit.o(.ARM.Collect$$libinit$$00000000) refers (Special) to libinit2.o(.ARM.Collect$$libinit$$00000034) for __rt_lib_init_cpp_1
    libinit.o(.ARM.Collect$$libinit$$00000000) refers (Special) to libinit2.o(.ARM.Collect$$libinit$$00000032) for __rt_lib_init_exceptions_1
    libinit.o(.ARM.Collect$$libinit$$00000000) refers (Special) to libinit2.o(.ARM.Collect$$libinit$$00000002) for __rt_lib_init_fp_1
    libinit.o(.ARM.Collect$$libinit$$00000000) refers (Special) to libinit2.o(.ARM.Collect$$libinit$$00000021) for __rt_lib_init_fp_trap_1
    libinit.o(.ARM.Collect$$libinit$$00000000) refers (Special) to libinit2.o(.ARM.Collect$$libinit$$00000025) for __rt_lib_init_getenv_1
    libinit.o(.ARM.Collect$$libinit$$00000000) refers (Special) to libinit2.o(.ARM.Collect$$libinit$$0000000C) for __rt_lib_init_heap_1
    libinit.o(.ARM.Collect$$libinit$$00000000) refers (Special) to libinit2.o(.ARM.Collect$$libinit$$00000013) for __rt_lib_init_lc_collate_1
    libinit.o(.ARM.Collect$$libinit$$00000000) refers (Special) to libinit2.o(.ARM.Collect$$libinit$$00000015) for __rt_lib_init_lc_ctype_1
    libinit.o(.ARM.Collect$$libinit$$00000000) refers (Special) to libinit2.o(.ARM.Collect$$libinit$$00000017) for __rt_lib_init_lc_monetary_1
    libinit.o(.ARM.Collect$$libinit$$00000000) refers (Special) to libinit2.o(.ARM.Collect$$libinit$$00000019) for __rt_lib_init_lc_numeric_1
    libinit.o(.ARM.Collect$$libinit$$00000000) refers (Special) to libinit2.o(.ARM.Collect$$libinit$$0000001B) for __rt_lib_init_lc_time_1
    libinit.o(.ARM.Collect$$libinit$$00000000) refers (Special) to libinit2.o(.ARM.Collect$$libinit$$00000006) for __rt_lib_init_preinit_1
    libinit.o(.ARM.Collect$$libinit$$00000000) refers (Special) to libinit2.o(.ARM.Collect$$libinit$$00000010) for __rt_lib_init_rand_1
    libinit.o(.ARM.Collect$$libinit$$00000000) refers (Special) to libinit2.o(.ARM.Collect$$libinit$$00000004) for __rt_lib_init_relocate_pie_1
    libinit.o(.ARM.Collect$$libinit$$00000000) refers (Special) to libinit2.o(.ARM.Collect$$libinit$$00000035) for __rt_lib_init_return
    libinit.o(.ARM.Collect$$libinit$$00000000) refers (Special) to libinit2.o(.ARM.Collect$$libinit$$0000001F) for __rt_lib_init_signal_1
    libinit.o(.ARM.Collect$$libinit$$00000000) refers (Special) to libinit2.o(.ARM.Collect$$libinit$$00000027) for __rt_lib_init_stdio_1
    libinit.o(.ARM.Collect$$libinit$$00000000) refers (Special) to libinit2.o(.ARM.Collect$$libinit$$0000000E) for __rt_lib_init_user_alloc_1
    dcmpi.o(x$fpl$dcmpinf) refers (Special) to usenofp.o(x$fpl$usenofp) for __I$use$fp
    retnan.o(x$fpl$retnan) refers (Special) to usenofp.o(x$fpl$usenofp) for __I$use$fp
    retnan.o(x$fpl$retnan) refers to trapv.o(x$fpl$trapveneer) for __fpl_cmpreturn
    rtexit.o(.ARM.Collect$$rtexit$$00000000) refers (Special) to rtexit2.o(.ARM.Collect$$rtexit$$00000004) for __rt_exit_exit
    rtexit.o(.ARM.Collect$$rtexit$$00000000) refers (Special) to rtexit2.o(.ARM.Collect$$rtexit$$00000003) for __rt_exit_ls
    rtexit.o(.ARM.Collect$$rtexit$$00000000) refers (Special) to rtexit2.o(.ARM.Collect$$rtexit$$00000002) for __rt_exit_prels_1
    rtexit.o(.ARM.exidx) refers (Special) to rtexit2.o(.ARM.Collect$$rtexit$$00000004) for __rt_exit_exit
    rtexit.o(.ARM.exidx) refers (Special) to rtexit2.o(.ARM.Collect$$rtexit$$00000003) for __rt_exit_ls
    rtexit.o(.ARM.exidx) refers (Special) to rtexit2.o(.ARM.Collect$$rtexit$$00000002) for __rt_exit_prels_1
    rtexit.o(.ARM.exidx) refers to rtexit.o(.ARM.Collect$$rtexit$$00000000) for .ARM.Collect$$rtexit$$00000000
    rt_raise.o(.text) refers to __raise.o(.text) for __raise
    rt_raise.o(.text) refers to sys_exit.o(.text) for _sys_exit
    defsig_exit.o(.text) refers to sys_exit.o(.text) for _sys_exit
    defsig_fpe_inner.o(.text) refers to defsig_general.o(.text) for __default_signal_display
    libinit2.o(.ARM.Collect$$libinit$$00000012) refers to libinit2.o(.ARM.Collect$$libinit$$00000011) for .ARM.Collect$$libinit$$00000011
    libinit2.o(.ARM.Collect$$libinit$$00000014) refers to libinit2.o(.ARM.Collect$$libinit$$00000011) for .ARM.Collect$$libinit$$00000011
    libinit2.o(.ARM.Collect$$libinit$$00000016) refers to libinit2.o(.ARM.Collect$$libinit$$00000011) for .ARM.Collect$$libinit$$00000011
    libinit2.o(.ARM.Collect$$libinit$$00000018) refers to libinit2.o(.ARM.Collect$$libinit$$00000011) for .ARM.Collect$$libinit$$00000011
    libinit2.o(.ARM.Collect$$libinit$$0000001A) refers to libinit2.o(.ARM.Collect$$libinit$$00000011) for .ARM.Collect$$libinit$$00000011
    libinit2.o(.ARM.Collect$$libinit$$00000028) refers to argv_veneer.o(.emb_text) for __ARM_argv_veneer
    libinit2.o(.ARM.Collect$$libinit$$00000029) refers to argv_veneer.o(.emb_text) for __ARM_argv_veneer
    trapv.o(x$fpl$trapveneer) refers (Special) to usenofp.o(x$fpl$usenofp) for __I$use$fp
    sys_exit.o(.text) refers (Special) to use_no_semi.o(.text) for __I$use$semihosting
    sys_exit.o(.text) refers (Special) to indicate_semi.o(.text) for __semihosting_library_function
    sys_exit_hlt.o(.text) refers (Special) to use_no_semi.o(.text) for __I$use$semihosting
    sys_exit_hlt.o(.text) refers (Special) to indicate_semi.o(.text) for __semihosting_library_function
    rtexit2.o(.ARM.Collect$$rtexit$$00000003) refers to libshutdown.o(.ARM.Collect$$libshutdown$$00000000) for __rt_lib_shutdown
    rtexit2.o(.ARM.Collect$$rtexit$$00000004) refers to sys_exit.o(.text) for _sys_exit
    rtexit2.o(.ARM.exidx) refers to rtexit2.o(.ARM.Collect$$rtexit$$00000001) for .ARM.Collect$$rtexit$$00000001
    rtexit2.o(.ARM.exidx) refers to rtexit2.o(.ARM.Collect$$rtexit$$00000003) for .ARM.Collect$$rtexit$$00000003
    rtexit2.o(.ARM.exidx) refers to rtexit2.o(.ARM.Collect$$rtexit$$00000004) for .ARM.Collect$$rtexit$$00000004
    __raise.o(.text) refers to defsig.o(CL$$defsig) for __default_signal_handler
    defsig_general.o(.text) refers to sys_wrch.o(.text) for _ttywrch
    argv_veneer.o(.emb_text) refers to no_argv.o(.text) for __ARM_get_argv
    sys_wrch.o(.text) refers (Special) to use_no_semi.o(.text) for __I$use$semihosting
    sys_wrch.o(.text) refers (Special) to indicate_semi.o(.text) for __semihosting_library_function
    sys_wrch_hlt.o(.text) refers (Special) to use_no_semi.o(.text) for __I$use$semihosting
    sys_wrch_hlt.o(.text) refers (Special) to indicate_semi.o(.text) for __semihosting_library_function
    defsig.o(CL$$defsig) refers to defsig_fpe_inner.o(.text) for __rt_SIGFPE_inner
    defsig.o(CL$$defsig) refers to defsig_rtmem_inner.o(.text) for __rt_SIGRTMEM_inner
    _get_argv_nomalloc.o(.text) refers (Special) to hrguard.o(.text) for __heap_region$guard
    _get_argv_nomalloc.o(.text) refers to defsig_rtmem_outer.o(.text) for __rt_SIGRTMEM
    _get_argv_nomalloc.o(.text) refers to sys_command.o(.text) for _sys_command_string
    libshutdown.o(.ARM.Collect$$libshutdown$$00000000) refers (Special) to libshutdown2.o(.ARM.Collect$$libshutdown$$00000002) for __rt_lib_shutdown_cpp_1
    libshutdown.o(.ARM.Collect$$libshutdown$$00000000) refers (Special) to libshutdown2.o(.ARM.Collect$$libshutdown$$00000007) for __rt_lib_shutdown_fp_trap_1
    libshutdown.o(.ARM.Collect$$libshutdown$$00000000) refers (Special) to libshutdown2.o(.ARM.Collect$$libshutdown$$0000000F) for __rt_lib_shutdown_heap_1
    libshutdown.o(.ARM.Collect$$libshutdown$$00000000) refers (Special) to libshutdown2.o(.ARM.Collect$$libshutdown$$00000010) for __rt_lib_shutdown_return
    libshutdown.o(.ARM.Collect$$libshutdown$$00000000) refers (Special) to libshutdown2.o(.ARM.Collect$$libshutdown$$0000000A) for __rt_lib_shutdown_signal_1
    libshutdown.o(.ARM.Collect$$libshutdown$$00000000) refers (Special) to libshutdown2.o(.ARM.Collect$$libshutdown$$00000004) for __rt_lib_shutdown_stdio_1
    libshutdown.o(.ARM.Collect$$libshutdown$$00000000) refers (Special) to libshutdown2.o(.ARM.Collect$$libshutdown$$0000000C) for __rt_lib_shutdown_user_alloc_1
    sys_command.o(.text) refers (Special) to use_no_semi.o(.text) for __I$use$semihosting
    sys_command.o(.text) refers (Special) to indicate_semi.o(.text) for __semihosting_library_function
    sys_command_hlt.o(.text) refers (Special) to use_no_semi.o(.text) for __I$use$semihosting
    sys_command_hlt.o(.text) refers (Special) to indicate_semi.o(.text) for __semihosting_library_function
    defsig_abrt_inner.o(.text) refers to defsig_general.o(.text) for __default_signal_display
    defsig_rtred_inner.o(.text) refers to defsig_general.o(.text) for __default_signal_display
    defsig_rtmem_inner.o(.text) refers to defsig_general.o(.text) for __default_signal_display
    defsig_rtmem_outer.o(.text) refers to defsig_rtmem_inner.o(.text) for __rt_SIGRTMEM_inner
    defsig_rtmem_outer.o(.text) refers to defsig_exit.o(.text) for __sig_exit
    defsig_rtmem_formal.o(.text) refers to rt_raise.o(.text) for __rt_raise
    defsig_stak_inner.o(.text) refers to defsig_general.o(.text) for __default_signal_display
    defsig_pvfn_inner.o(.text) refers to defsig_general.o(.text) for __default_signal_display
    defsig_cppl_inner.o(.text) refers to defsig_general.o(.text) for __default_signal_display
    defsig_segv_inner.o(.text) refers to defsig_general.o(.text) for __default_signal_display
    defsig_other.o(.text) refers to defsig_general.o(.text) for __default_signal_display

