Archive member included to satisfy reference by file (symbol)

c:/st/stm32cubeide_1.10.0/stm32cubeide/plugins/com.st.stm32cube.ide.mcu.externaltools.gnu-tools-for-stm32.10.3-2021.10.win32_1.0.0.202111181127/tools/bin/../lib/gcc/arm-none-eabi/10.3.1/../../../../arm-none-eabi/lib/thumb/v7-m/nofp\libc_nano.a(lib_a-abs.o)
                              ./Core/flight/controller.o (abs)
c:/st/stm32cubeide_1.10.0/stm32cubeide/plugins/com.st.stm32cube.ide.mcu.externaltools.gnu-tools-for-stm32.10.3-2021.10.win32_1.0.0.202111181127/tools/bin/../lib/gcc/arm-none-eabi/10.3.1/../../../../arm-none-eabi/lib/thumb/v7-m/nofp\libc_nano.a(lib_a-errno.o)
                              ./Core/Src/syscalls.o (__errno)
c:/st/stm32cubeide_1.10.0/stm32cubeide/plugins/com.st.stm32cube.ide.mcu.externaltools.gnu-tools-for-stm32.10.3-2021.10.win32_1.0.0.202111181127/tools/bin/../lib/gcc/arm-none-eabi/10.3.1/../../../../arm-none-eabi/lib/thumb/v7-m/nofp\libc_nano.a(lib_a-exit.o)
                              c:/st/stm32cubeide_1.10.0/stm32cubeide/plugins/com.st.stm32cube.ide.mcu.externaltools.gnu-tools-for-stm32.10.3-2021.10.win32_1.0.0.202111181127/tools/bin/../lib/gcc/arm-none-eabi/10.3.1/../../../../arm-none-eabi/lib/thumb/v7-m/nofp/crt0.o (exit)
c:/st/stm32cubeide_1.10.0/stm32cubeide/plugins/com.st.stm32cube.ide.mcu.externaltools.gnu-tools-for-stm32.10.3-2021.10.win32_1.0.0.202111181127/tools/bin/../lib/gcc/arm-none-eabi/10.3.1/../../../../arm-none-eabi/lib/thumb/v7-m/nofp\libc_nano.a(lib_a-impure.o)
                              c:/st/stm32cubeide_1.10.0/stm32cubeide/plugins/com.st.stm32cube.ide.mcu.externaltools.gnu-tools-for-stm32.10.3-2021.10.win32_1.0.0.202111181127/tools/bin/../lib/gcc/arm-none-eabi/10.3.1/../../../../arm-none-eabi/lib/thumb/v7-m/nofp\libc_nano.a(lib_a-exit.o) (_global_impure_ptr)
c:/st/stm32cubeide_1.10.0/stm32cubeide/plugins/com.st.stm32cube.ide.mcu.externaltools.gnu-tools-for-stm32.10.3-2021.10.win32_1.0.0.202111181127/tools/bin/../lib/gcc/arm-none-eabi/10.3.1/../../../../arm-none-eabi/lib/thumb/v7-m/nofp\libc_nano.a(lib_a-init.o)
                              c:/st/stm32cubeide_1.10.0/stm32cubeide/plugins/com.st.stm32cube.ide.mcu.externaltools.gnu-tools-for-stm32.10.3-2021.10.win32_1.0.0.202111181127/tools/bin/../lib/gcc/arm-none-eabi/10.3.1/../../../../arm-none-eabi/lib/thumb/v7-m/nofp/crt0.o (__libc_init_array)
c:/st/stm32cubeide_1.10.0/stm32cubeide/plugins/com.st.stm32cube.ide.mcu.externaltools.gnu-tools-for-stm32.10.3-2021.10.win32_1.0.0.202111181127/tools/bin/../lib/gcc/arm-none-eabi/10.3.1/../../../../arm-none-eabi/lib/thumb/v7-m/nofp\libc_nano.a(lib_a-memcpy-stub.o)
                              ./Core/flight/mavlink_handler.o (memcpy)
c:/st/stm32cubeide_1.10.0/stm32cubeide/plugins/com.st.stm32cube.ide.mcu.externaltools.gnu-tools-for-stm32.10.3-2021.10.win32_1.0.0.202111181127/tools/bin/../lib/gcc/arm-none-eabi/10.3.1/../../../../arm-none-eabi/lib/thumb/v7-m/nofp\libc_nano.a(lib_a-memset.o)
                              c:/st/stm32cubeide_1.10.0/stm32cubeide/plugins/com.st.stm32cube.ide.mcu.externaltools.gnu-tools-for-stm32.10.3-2021.10.win32_1.0.0.202111181127/tools/bin/../lib/gcc/arm-none-eabi/10.3.1/../../../../arm-none-eabi/lib/thumb/v7-m/nofp/crt0.o (memset)
c:/st/stm32cubeide_1.10.0/stm32cubeide/plugins/com.st.stm32cube.ide.mcu.externaltools.gnu-tools-for-stm32.10.3-2021.10.win32_1.0.0.202111181127/tools/bin/../lib/gcc/arm-none-eabi/10.3.1/../../../../arm-none-eabi/lib/thumb/v7-m/nofp\libm.a(lib_a-w_atan2.o)
                              ./Core/flight/navigation.o (atan2)
c:/st/stm32cubeide_1.10.0/stm32cubeide/plugins/com.st.stm32cube.ide.mcu.externaltools.gnu-tools-for-stm32.10.3-2021.10.win32_1.0.0.202111181127/tools/bin/../lib/gcc/arm-none-eabi/10.3.1/../../../../arm-none-eabi/lib/thumb/v7-m/nofp\libm.a(lib_a-w_pow.o)
                              ./Core/Driver/ms5611.o (pow)
c:/st/stm32cubeide_1.10.0/stm32cubeide/plugins/com.st.stm32cube.ide.mcu.externaltools.gnu-tools-for-stm32.10.3-2021.10.win32_1.0.0.202111181127/tools/bin/../lib/gcc/arm-none-eabi/10.3.1/../../../../arm-none-eabi/lib/thumb/v7-m/nofp\libm.a(lib_a-w_sqrt.o)
                              ./Core/Lib/imu.o (sqrt)
c:/st/stm32cubeide_1.10.0/stm32cubeide/plugins/com.st.stm32cube.ide.mcu.externaltools.gnu-tools-for-stm32.10.3-2021.10.win32_1.0.0.202111181127/tools/bin/../lib/gcc/arm-none-eabi/10.3.1/../../../../arm-none-eabi/lib/thumb/v7-m/nofp\libm.a(lib_a-wf_pow.o)
                              ./Core/Driver/bmp280.o (powf)
c:/st/stm32cubeide_1.10.0/stm32cubeide/plugins/com.st.stm32cube.ide.mcu.externaltools.gnu-tools-for-stm32.10.3-2021.10.win32_1.0.0.202111181127/tools/bin/../lib/gcc/arm-none-eabi/10.3.1/../../../../arm-none-eabi/lib/thumb/v7-m/nofp\libm.a(lib_a-wf_sqrt.o)
                              ./Core/Lib/imu.o (sqrtf)
[...]
Memory Configuration

Name             Origin             Length             Attributes
RAM              0x0000000020000000 0x0000000000005000 xrw
FLASH            0x0000000008000000 0x0000000000010000 xr
*default*        0x0000000000000000 0xffffffffffffffff

Linker script and memory map

LOAD c:/st/stm32cubeide_1.10.0/stm32cubeide/plugins/com.st.stm32cube.ide.mcu.externaltools.gnu-tools-for-stm32.10.3-2021.10.win32_1.0.0.202111181127/tools/bin/../lib/gcc/arm-none-eabi/10.3.1/thumb/v7-m/nofp/crti.o
LOAD c:/st/stm32cubeide_1.10.0/stm32cubeide/plugins/com.st.stm32cube.ide.mcu.externaltools.gnu-tools-for-stm32.10.3-2021.10.win32_1.0.0.202111181127/tools/bin/../lib/gcc/arm-none-eabi/10.3.1/thumb/v7-m/nofp/crtbegin.o
LOAD c:/st/stm32cubeide_1.10.0/stm32cubeide/plugins/com.st.stm32cube.ide.mcu.externaltools.gnu-tools-for-stm32.10.3-2021.10.win32_1.0.0.202111181127/tools/bin/../lib/gcc/arm-none-eabi/10.3.1/../../../../arm-none-eabi/lib/thumb/v7-m/nofp/crt0.o
LOAD ./Core/Driver/bmp280.o
LOAD ./Core/Driver/ibus.o
LOAD ./Core/Driver/mpu6500.o
LOAD ./Core/Driver/ms5611.o
LOAD ./Core/Driver/nrf24l01p.o
LOAD ./Core/Driver/qmc5883.o
LOAD ./Core/Lib/gps.o
LOAD ./Core/Lib/imu.o
LOAD ./Core/Lib/log.o
LOAD ./Core/Lib/maths.o
LOAD ./Core/Lib/pid.o
LOAD ./Core/Lib/ppmreceiver.o
LOAD ./Core/Lib/pwmwrite.o
LOAD ./Core/Lib/timer.o
LOAD ./Core/Src/gpio.o
LOAD ./Core/Src/i2c.o
LOAD ./Core/Src/main.o
LOAD ./Core/Src/spi.o
LOAD ./Core/Src/stm32f1xx_hal_msp.o
LOAD ./Core/Src/stm32f1xx_it.o
LOAD ./Core/Src/syscalls.o
LOAD ./Core/Src/sysmem.o
LOAD ./Core/Src/system_stm32f1xx.o
LOAD ./Core/Src/tim.o
LOAD ./Core/Src/usart.o
LOAD ./Core/Startup/startup_stm32f103c8tx.o
LOAD ./Core/flight/controller.o
LOAD ./Core/flight/estimate.o
LOAD ./Core/flight/fixedwing.o
LOAD ./Core/flight/mavlink_handler.o
LOAD ./Core/flight/navigation.o
LOAD ./Core/flight/scheduler.o
LOAD ./Drivers/STM32F1xx_HAL_Driver/Src/stm32f1xx_hal.o
LOAD ./Drivers/STM32F1xx_HAL_Driver/Src/stm32f1xx_hal_cortex.o
LOAD ./Drivers/STM32F1xx_HAL_Driver/Src/stm32f1xx_hal_dma.o
LOAD ./Drivers/STM32F1xx_HAL_Driver/Src/stm32f1xx_hal_exti.o
LOAD ./Drivers/STM32F1xx_HAL_Driver/Src/stm32f1xx_hal_flash.o
LOAD ./Drivers/STM32F1xx_HAL_Driver/Src/stm32f1xx_hal_flash_ex.o
LOAD ./Drivers/STM32F1xx_HAL_Driver/Src/stm32f1xx_hal_gpio.o
LOAD ./Drivers/STM32F1xx_HAL_Driver/Src/stm32f1xx_hal_gpio_ex.o
LOAD ./Drivers/STM32F1xx_HAL_Driver/Src/stm32f1xx_hal_i2c.o
LOAD ./Drivers/STM32F1xx_HAL_Driver/Src/stm32f1xx_hal_pwr.o
LOAD ./Drivers/STM32F1xx_HAL_Driver/Src/stm32f1xx_hal_rcc.o
LOAD ./Drivers/STM32F1xx_HAL_Driver/Src/stm32f1xx_hal_rcc_ex.o
LOAD ./Drivers/STM32F1xx_HAL_Driver/Src/stm32f1xx_hal_spi.o
LOAD ./Drivers/STM32F1xx_HAL_Driver/Src/stm32f1xx_hal_tim.o
LOAD ./Drivers/STM32F1xx_HAL_Driver/Src/stm32f1xx_hal_tim_ex.o
LOAD ./Drivers/STM32F1xx_HAL_Driver/Src/stm32f1xx_hal_uart.o
START GROUP
LOAD c:/st/stm32cubeide_1.10.0/stm32cubeide/plugins/com.st.stm32cube.ide.mcu.externaltools.gnu-tools-for-stm32.10.3-2021.10.win32_1.0.0.202111181127/tools/bin/../lib/gcc/arm-none-eabi/10.3.1/../../../../arm-none-eabi/lib/thumb/v7-m/nofp\libc_nano.a
LOAD c:/st/stm32cubeide_1.10.0/stm32cubeide/plugins/com.st.stm32cube.ide.mcu.externaltools.gnu-tools-for-stm32.10.3-2021.10.win32_1.0.0.202111181127/tools/bin/../lib/gcc/arm-none-eabi/10.3.1/../../../../arm-none-eabi/lib/thumb/v7-m/nofp\libm.a
END GROUP
START GROUP
LOAD c:/st/stm32cubeide_1.10.0/stm32cubeide/plugins/com.st.stm32cube.ide.mcu.externaltools.gnu-tools-for-stm32.10.3-2021.10.win32_1.0.0.202111181127/tools/bin/../lib/gcc/arm-none-eabi/10.3.1/thumb/v7-m/nofp\libgcc.a
LOAD c:/st/stm32cubeide_1.10.0/stm32cubeide/plugins/com.st.stm32cube.ide.mcu.externaltools.gnu-tools-for-stm32.10.3-2021.10.win32_1.0.0.202111181127/tools/bin/../lib/gcc/arm-none-eabi/10.3.1/../../../../arm-none-eabi/lib/thumb/v7-m/nofp\libc_nano.a
END GROUP
START GROUP
LOAD c:/st/stm32cubeide_1.10.0/stm32cubeide/plugins/com.st.stm32cube.ide.mcu.externaltools.gnu-tools-for-stm32.10.3-2021.10.win32_1.0.0.202111181127/tools/bin/../lib/gcc/arm-none-eabi/10.3.1/thumb/v7-m/nofp\libgcc.a
LOAD c:/st/stm32cubeide_1.10.0/stm32cubeide/plugins/com.st.stm32cube.ide.mcu.externaltools.gnu-tools-for-stm32.10.3-2021.10.win32_1.0.0.202111181127/tools/bin/../lib/gcc/arm-none-eabi/10.3.1/../../../../arm-none-eabi/lib/thumb/v7-m/nofp\libc_nano.a
LOAD c:/st/stm32cubeide_1.10.0/stm32cubeide/plugins/com.st.stm32cube.ide.mcu.externaltools.gnu-tools-for-stm32.10.3-2021.10.win32_1.0.0.202111181127/tools/bin/../lib/gcc/arm-none-eabi/10.3.1/../../../../arm-none-eabi/lib/thumb/v7-m/nofp\libnosys.a
END GROUP
START GROUP
LOAD c:/st/stm32cubeide_1.10.0/stm32cubeide/plugins/com.st.stm32cube.ide.mcu.externaltools.gnu-tools-for-stm32.10.3-2021.10.win32_1.0.0.202111181127/tools/bin/../lib/gcc/arm-none-eabi/10.3.1/thumb/v7-m/nofp\libgcc.a
LOAD c:/st/stm32cubeide_1.10.0/stm32cubeide/plugins/com.st.stm32cube.ide.mcu.externaltools.gnu-tools-for-stm32.10.3-2021.10.win32_1.0.0.202111181127/tools/bin/../lib/gcc/arm-none-eabi/10.3.1/../../../../arm-none-eabi/lib/thumb/v7-m/nofp\libc_nano.a
LOAD c:/st/stm32cubeide_1.10.0/stm32cubeide/plugins/com.st.stm32cube.ide.mcu.externaltools.gnu-tools-for-stm32.10.3-2021.10.win32_1.0.0.202111181127/tools/bin/../lib/gcc/arm-none-eabi/10.3.1/../../../../arm-none-eabi/lib/thumb/v7-m/nofp\libnosys.a
END GROUP
LOAD c:/st/stm32cubeide_1.10.0/stm32cubeide/plugins/com.st.stm32cube.ide.mcu.externaltools.gnu-tools-for-stm32.10.3-2021.10.win32_1.0.0.202111181127/tools/bin/../lib/gcc/arm-none-eabi/10.3.1/thumb/v7-m/nofp/crtend.o
LOAD c:/st/stm32cubeide_1.10.0/stm32cubeide/plugins/com.st.stm32cube.ide.mcu.externaltools.gnu-tools-for-stm32.10.3-2021.10.win32_1.0.0.202111181127/tools/bin/../lib/gcc/arm-none-eabi/10.3.1/thumb/v7-m/nofp/crtn.o
                0x0000000020005000                _estack = (ORIGIN (RAM) + LENGTH (RAM))
                0x0000000000000200                _Min_Heap_Size = 0x200
                0x0000000000000400                _Min_Stack_Size = 0x400

.isr_vector     0x0000000008000000      0x10c
                0x0000000008000000                . = ALIGN (0x4)
 *(.isr_vector)
 .isr_vector    0x0000000008000000      0x10c ./Core/Startup/startup_stm32f103c8tx.o
                0x0000000008000000                g_pfnVectors
                0x000000000800010c                . = ALIGN (0x4)

.text           0x0000000008000110     0x669c
                0x0000000008000110                . = ALIGN (0x4)
 *(.text)
 .text          0x0000000008000110       0x40 c:/st/stm32cubeide_1.10.0/stm32cubeide/plugins/com.st.stm32cube.ide.mcu.externaltools.gnu-tools-for-stm32.10.3-2021.10.win32_1.0.0.202111181127/tools/bin/../lib/gcc/arm-none-eabi/10.3.1/thumb/v7-m/nofp/crtbegin.o
 .text          0x0000000008000150      0x378 c:/st/stm32cubeide_1.10.0/stm32cubeide/plugins/com.st.stm32cube.ide.mcu.externaltools.gnu-tools-for-stm32.10.3-2021.10.win32_1.0.0.202111181127/tools/bin/../lib/gcc/arm-none-eabi/10.3.1/thumb/v7-m/nofp\libgcc.a(_arm_addsubdf3.o)
                0x0000000008000150                __aeabi_drsub
                0x0000000008000158                __aeabi_dsub
                0x0000000008000158                __subdf3
                0x000000000800015c                __aeabi_dadd
                0x000000000800015c                __adddf3
                0x00000000080003d4                __floatunsidf
                0x00000000080003d4                __aeabi_ui2d
                0x00000000080003f4                __floatsidf
                0x00000000080003f4                __aeabi_i2d
                0x0000000008000418                __aeabi_f2d
                0x0000000008000418                __extendsfdf2
                0x000000000800045c                __floatundidf
                0x000000000800045c                __aeabi_ul2d
                0x000000000800046c                __floatdidf
                0x000000000800046c                __aeabi_l2d
 .text          0x00000000080004c8      0x424 c:/st/stm32cubeide_1.10.0/stm32cubeide/plugins/com.st.stm32cube.ide.mcu.externaltools.gnu-tools-for-stm32.10.3-2021.10.win32_1.0.0.202111181127/tools/bin/../lib/gcc/arm-none-eabi/10.3.1/thumb/v7-m/nofp\libgcc.a(_arm_muldivdf3.o)
                0x00000000080004c8                __aeabi_dmul
                0x00000000080004c8                __muldf3
                0x000000000800071c                __divdf3
                0x000000000800071c                __aeabi_ddiv
 .text          0x00000000080008ec       0xa0 c:/st/stm32cubeide_1.10.0/stm32cubeide/plugins/com.st.stm32cube.ide.mcu.externaltools.gnu-tools-for-stm32.10.3-2021.10.win32_1.0.0.202111181127/tools/bin/../lib/gcc/arm-none-eabi/10.3.1/thumb/v7-m/nofp\libgcc.a(_arm_truncdfsf2.o)
                0x00000000080008ec                __truncdfsf2
                0x00000000080008ec                __aeabi_d2f
 .text          0x000000000800098c      0x21c c:/st/stm32cubeide_1.10.0/stm32cubeide/plugins/com.st.stm32cube.ide.mcu.externaltools.gnu-tools-for-stm32.10.3-2021.10.win32_1.0.0.202111181127/tools/bin/../lib/gcc/arm-none-eabi/10.3.1/thumb/v7-m/nofp\libgcc.a(_arm_addsubsf3.o)
                0x000000000800098c                __aeabi_frsub
                0x0000000008000994                __subsf3
                0x0000000008000994                __aeabi_fsub
                0x0000000008000998                __aeabi_fadd
                0x0000000008000998                __addsf3
                0x0000000008000af8                __aeabi_ui2f
                0x0000000008000af8                __floatunsisf
                0x0000000008000b00                __aeabi_i2f
                0x0000000008000b00                __floatsisf
                0x0000000008000b1c                __aeabi_ul2f
                0x0000000008000b1c                __floatundisf
                0x0000000008000b2c                __aeabi_l2f
                0x0000000008000b2c                __floatdisf
 .text          0x0000000008000ba8      0x2a0 c:/st/stm32cubeide_1.10.0/stm32cubeide/plugins/com.st.stm32cube.ide.mcu.externaltools.gnu-tools-for-stm32.10.3-2021.10.win32_1.0.0.202111181127/tools/bin/../lib/gcc/arm-none-eabi/10.3.1/thumb/v7-m/nofp\libgcc.a(_arm_muldivsf3.o)
                0x0000000008000ba8                __mulsf3
                0x0000000008000ba8                __aeabi_fmul
                0x0000000008000d10                __aeabi_fdiv
                0x0000000008000d10                __divsf3
 .text          0x0000000008000e48       0xec c:/st/stm32cubeide_1.10.0/stm32cubeide/plugins/com.st.stm32cube.ide.mcu.externaltools.gnu-tools-for-stm32.10.3-2021.10.win32_1.0.0.202111181127/tools/bin/../lib/gcc/arm-none-eabi/10.3.1/thumb/v7-m/nofp\libgcc.a(_arm_cmpsf2.o)
                0x0000000008000e48                __gesf2
                0x0000000008000e48                __gtsf2
                0x0000000008000e50                __lesf2
                0x0000000008000e50                __ltsf2
                0x0000000008000e58                __nesf2
                0x0000000008000e58                __eqsf2
                0x0000000008000e58                __cmpsf2
                0x0000000008000eb8                __aeabi_cfrcmple
                0x0000000008000ec0                __aeabi_cfcmpeq
                0x0000000008000ec0                __aeabi_cfcmple
                0x0000000008000ed0                __aeabi_fcmpeq
                0x0000000008000ee4                __aeabi_fcmplt
                0x0000000008000ef8                __aeabi_fcmple
                0x0000000008000f0c                __aeabi_fcmpge
                0x0000000008000f20                __aeabi_fcmpgt
 .text          0x0000000008000f34       0x2c c:/st/stm32cubeide_1.10.0/stm32cubeide/plugins/com.st.stm32cube.ide.mcu.externaltools.gnu-tools-for-stm32.10.3-2021.10.win32_1.0.0.202111181127/tools/bin/../lib/gcc/arm-none-eabi/10.3.1/thumb/v7-m/nofp\libgcc.a(_arm_unordsf2.o)
                0x0000000008000f34                __unordsf2
                0x0000000008000f34                __aeabi_fcmpun
 *(.text*)
 .text.gyro_read_raw
                0x0000000008000f60       0xb0 ./Core/Driver/mpu6500.o
                0x0000000008000f60                gyro_read_raw
 .text.acc_read_raw
                0x0000000008001010       0xb0 ./Core/Driver/mpu6500.o
                0x0000000008001010                acc_read_raw
 .text.mpu6500_init
                0x00000000080010c0       0x5c ./Core/Driver/mpu6500.o
                0x00000000080010c0                mpu6500_init
 .text.ms5611_init
                0x000000000800111c       0x74 ./Core/Driver/ms5611.o
                0x000000000800111c                ms5611_init
 .text.ms5611_reset
                0x0000000008001190       0x30 ./Core/Driver/ms5611.o
 .text.ms5611_prom
                0x00000000080011c0       0x50 ./Core/Driver/ms5611.o
 .text.gyro_read
                0x0000000008001210      0x170 ./Core/Lib/imu.o
                0x0000000008001210                gyro_read
 .text.gyro_zero_offset
                0x0000000008001380       0xc0 ./Core/Lib/imu.o
                0x0000000008001380                gyro_zero_offset
 .text.mpu_init
                0x0000000008001440       0x18 ./Core/Lib/imu.o
                0x0000000008001440                mpu_init
 .text.ahrs_update
                0x0000000008001458      0xb3c ./Core/Lib/imu.o
                0x0000000008001458                ahrs_update
 .text.atan2_approx
                0x0000000008001f94      0x180 ./Core/Lib/maths.o
                0x0000000008001f94                atan2_approx
 .text.fapplyDeadband
                0x0000000008002114       0x52 ./Core/Lib/maths.o
                0x0000000008002114                fapplyDeadband
 *fill*         0x0000000008002166        0x2 
 .text.invSqrt_
                0x0000000008002168       0x78 ./Core/Lib/maths.o
                0x0000000008002168                invSqrt_
 .text.initPWM  0x00000000080021e0       0x50 ./Core/Lib/pwmwrite.o
                0x00000000080021e0                initPWM
 .text.motoIdle
                0x0000000008002230       0x40 ./Core/Lib/pwmwrite.o
                0x0000000008002230                motoIdle
 .text.delay_us
                0x0000000008002270       0x50 ./Core/Lib/timer.o
                0x0000000008002270                delay_us
 .text.delay_ms
                0x00000000080022c0       0x20 ./Core/Lib/timer.o
                0x00000000080022c0                delay_ms
 .text.timer_start
                0x00000000080022e0       0x24 ./Core/Lib/timer.o
                0x00000000080022e0                timer_start
 .text.MX_GPIO_Init
                0x0000000008002304       0xdc ./Core/Src/gpio.o
                0x0000000008002304                MX_GPIO_Init
 .text.MX_I2C1_Init
                0x00000000080023e0       0x5c ./Core/Src/i2c.o
                0x00000000080023e0                MX_I2C1_Init
 .text.MX_I2C2_Init
                0x000000000800243c       0x5c ./Core/Src/i2c.o
                0x000000000800243c                MX_I2C2_Init
 .text.HAL_I2C_MspInit
                0x0000000008002498       0xd8 ./Core/Src/i2c.o
                0x0000000008002498                HAL_I2C_MspInit
 .text.main     0x0000000008002570       0x32 ./Core/Src/main.o
                0x0000000008002570                main
 .text.SystemClock_Config
                0x00000000080025a2       0x8a ./Core/Src/main.o
                0x00000000080025a2                SystemClock_Config
 .text.Error_Handler
                0x000000000800262c        0xa ./Core/Src/main.o
                0x000000000800262c                Error_Handler
 *fill*         0x0000000008002636        0x2 
 .text.MX_SPI2_Init
                0x0000000008002638       0x6c ./Core/Src/spi.o
                0x0000000008002638                MX_SPI2_Init
 .text.HAL_SPI_MspInit
                0x00000000080026a4       0x98 ./Core/Src/spi.o
                0x00000000080026a4                HAL_SPI_MspInit
 .text.HAL_MspInit
                0x000000000800273c       0x64 ./Core/Src/stm32f1xx_hal_msp.o
                0x000000000800273c                HAL_MspInit
 .text.NMI_Handler
                0x00000000080027a0        0x6 ./Core/Src/stm32f1xx_it.o
                0x00000000080027a0                NMI_Handler
 .text.HardFault_Handler
                0x00000000080027a6        0x6 ./Core/Src/stm32f1xx_it.o
                0x00000000080027a6                HardFault_Handler
 .text.MemManage_Handler
                0x00000000080027ac        0x6 ./Core/Src/stm32f1xx_it.o
                0x00000000080027ac                MemManage_Handler
 .text.BusFault_Handler
                0x00000000080027b2        0x6 ./Core/Src/stm32f1xx_it.o
                0x00000000080027b2                BusFault_Handler
 .text.UsageFault_Handler
                0x00000000080027b8        0x6 ./Core/Src/stm32f1xx_it.o
                0x00000000080027b8                UsageFault_Handler
 .text.SVC_Handler
                0x00000000080027be        0xc ./Core/Src/stm32f1xx_it.o
                0x00000000080027be                SVC_Handler
 .text.DebugMon_Handler
                0x00000000080027ca        0xc ./Core/Src/stm32f1xx_it.o
                0x00000000080027ca                DebugMon_Handler
 .text.PendSV_Handler
                0x00000000080027d6        0xc ./Core/Src/stm32f1xx_it.o
                0x00000000080027d6                PendSV_Handler
 .text.SysTick_Handler
                0x00000000080027e2        0xc ./Core/Src/stm32f1xx_it.o
                0x00000000080027e2                SysTick_Handler
 *fill*         0x00000000080027ee        0x2 
 .text.TIM4_IRQHandler
                0x00000000080027f0       0x14 ./Core/Src/stm32f1xx_it.o
                0x00000000080027f0                TIM4_IRQHandler
 .text.SystemInit
                0x0000000008002804        0xc ./Core/Src/system_stm32f1xx.o
                0x0000000008002804                SystemInit
 .text.MX_TIM3_Init
                0x0000000008002810      0x130 ./Core/Src/tim.o
                0x0000000008002810                MX_TIM3_Init
 .text.MX_TIM4_Init
                0x0000000008002940       0x9c ./Core/Src/tim.o
                0x0000000008002940                MX_TIM4_Init
 .text.HAL_TIM_Base_MspInit
                0x00000000080029dc       0x74 ./Core/Src/tim.o
                0x00000000080029dc                HAL_TIM_Base_MspInit
 .text.HAL_TIM_MspPostInit
                0x0000000008002a50       0x98 ./Core/Src/tim.o
                0x0000000008002a50                HAL_TIM_MspPostInit
 .text.MX_USART1_UART_Init
                0x0000000008002ae8       0x54 ./Core/Src/usart.o
                0x0000000008002ae8                MX_USART1_UART_Init
 .text.MX_USART2_UART_Init
                0x0000000008002b3c       0x54 ./Core/Src/usart.o
                0x0000000008002b3c                MX_USART2_UART_Init
 .text.HAL_UART_MspInit
                0x0000000008002b90      0x108 ./Core/Src/usart.o
                0x0000000008002b90                HAL_UART_MspInit
 .text.Reset_Handler
                0x0000000008002c98       0x48 ./Core/Startup/startup_stm32f103c8tx.o
                0x0000000008002c98                Reset_Handler
 .text.Default_Handler
                0x0000000008002ce0        0x2 ./Core/Startup/startup_stm32f103c8tx.o
                0x0000000008002ce0                RTC_Alarm_IRQHandler
                0x0000000008002ce0                EXTI2_IRQHandler
                0x0000000008002ce0                TIM1_CC_IRQHandler
                0x0000000008002ce0                PVD_IRQHandler
                0x0000000008002ce0                EXTI3_IRQHandler
                0x0000000008002ce0                EXTI0_IRQHandler
                0x0000000008002ce0                I2C2_EV_IRQHandler
                0x0000000008002ce0                ADC1_2_IRQHandler
                0x0000000008002ce0                SPI1_IRQHandler
                0x0000000008002ce0                TAMPER_IRQHandler
                0x0000000008002ce0                DMA1_Channel4_IRQHandler
                0x0000000008002ce0                USART3_IRQHandler
                0x0000000008002ce0                RTC_IRQHandler
                0x0000000008002ce0                DMA1_Channel7_IRQHandler
                0x0000000008002ce0                CAN1_RX1_IRQHandler
                0x0000000008002ce0                I2C1_EV_IRQHandler
                0x0000000008002ce0                DMA1_Channel6_IRQHandler
                0x0000000008002ce0                TIM3_IRQHandler
                0x0000000008002ce0                RCC_IRQHandler
                0x0000000008002ce0                TIM1_TRG_COM_IRQHandler
                0x0000000008002ce0                DMA1_Channel1_IRQHandler
                0x0000000008002ce0                Default_Handler
                0x0000000008002ce0                EXTI15_10_IRQHandler
                0x0000000008002ce0                EXTI9_5_IRQHandler
                0x0000000008002ce0                SPI2_IRQHandler
                0x0000000008002ce0                DMA1_Channel5_IRQHandler
                0x0000000008002ce0                EXTI4_IRQHandler
                0x0000000008002ce0                USB_LP_CAN1_RX0_IRQHandler
                0x0000000008002ce0                USB_HP_CAN1_TX_IRQHandler
                0x0000000008002ce0                DMA1_Channel3_IRQHandler
                0x0000000008002ce0                TIM1_UP_IRQHandler
                0x0000000008002ce0                WWDG_IRQHandler
                0x0000000008002ce0                TIM2_IRQHandler
                0x0000000008002ce0                TIM1_BRK_IRQHandler
                0x0000000008002ce0                EXTI1_IRQHandler
                0x0000000008002ce0                USART2_IRQHandler
                0x0000000008002ce0                I2C2_ER_IRQHandler
                0x0000000008002ce0                DMA1_Channel2_IRQHandler
                0x0000000008002ce0                CAN1_SCE_IRQHandler
                0x0000000008002ce0                FLASH_IRQHandler
                0x0000000008002ce0                USART1_IRQHandler
                0x0000000008002ce0                I2C1_ER_IRQHandler
                0x0000000008002ce0                USBWakeUp_IRQHandler
 .text.main_loop
                0x0000000008002ce2        0xe ./Core/flight/fixedwing.o
                0x0000000008002ce2                main_loop
 .text.tongepin
                0x0000000008002cf0       0x18 ./Core/flight/scheduler.o
                0x0000000008002cf0                tongepin
 .text.init_sche
                0x0000000008002d08       0x58 ./Core/flight/scheduler.o
                0x0000000008002d08                init_sche
 .text.start_scheduler
                0x0000000008002d60      0x19c ./Core/flight/scheduler.o
                0x0000000008002d60                start_scheduler
 .text.HAL_Init
                0x0000000008002efc       0x2c ./Drivers/STM32F1xx_HAL_Driver/Src/stm32f1xx_hal.o
                0x0000000008002efc                HAL_Init
 .text.HAL_InitTick
                0x0000000008002f28       0x60 ./Drivers/STM32F1xx_HAL_Driver/Src/stm32f1xx_hal.o
                0x0000000008002f28                HAL_InitTick
 .text.HAL_IncTick
                0x0000000008002f88       0x24 ./Drivers/STM32F1xx_HAL_Driver/Src/stm32f1xx_hal.o
                0x0000000008002f88                HAL_IncTick
 .text.HAL_GetTick
                0x0000000008002fac       0x14 ./Drivers/STM32F1xx_HAL_Driver/Src/stm32f1xx_hal.o
                0x0000000008002fac                HAL_GetTick
 .text.HAL_Delay
                0x0000000008002fc0       0x48 ./Drivers/STM32F1xx_HAL_Driver/Src/stm32f1xx_hal.o
                0x0000000008002fc0                HAL_Delay
 .text.__NVIC_SetPriorityGrouping
                0x0000000008003008       0x48 ./Drivers/STM32F1xx_HAL_Driver/Src/stm32f1xx_hal_cortex.o
 .text.__NVIC_GetPriorityGrouping
                0x0000000008003050       0x1c ./Drivers/STM32F1xx_HAL_Driver/Src/stm32f1xx_hal_cortex.o
 .text.__NVIC_EnableIRQ
                0x000000000800306c       0x38 ./Drivers/STM32F1xx_HAL_Driver/Src/stm32f1xx_hal_cortex.o
 .text.__NVIC_SetPriority
                0x00000000080030a4       0x54 ./Drivers/STM32F1xx_HAL_Driver/Src/stm32f1xx_hal_cortex.o
 .text.NVIC_EncodePriority
                0x00000000080030f8       0x64 ./Drivers/STM32F1xx_HAL_Driver/Src/stm32f1xx_hal_cortex.o
 .text.SysTick_Config
                0x000000000800315c       0x44 ./Drivers/STM32F1xx_HAL_Driver/Src/stm32f1xx_hal_cortex.o
 .text.HAL_NVIC_SetPriorityGrouping
                0x00000000080031a0       0x16 ./Drivers/STM32F1xx_HAL_Driver/Src/stm32f1xx_hal_cortex.o
                0x00000000080031a0                HAL_NVIC_SetPriorityGrouping
 .text.HAL_NVIC_SetPriority
                0x00000000080031b6       0x38 ./Drivers/STM32F1xx_HAL_Driver/Src/stm32f1xx_hal_cortex.o
                0x00000000080031b6                HAL_NVIC_SetPriority
 .text.HAL_NVIC_EnableIRQ
                0x00000000080031ee       0x1c ./Drivers/STM32F1xx_HAL_Driver/Src/stm32f1xx_hal_cortex.o
                0x00000000080031ee                HAL_NVIC_EnableIRQ
 .text.HAL_SYSTICK_Config
                0x000000000800320a       0x18 ./Drivers/STM32F1xx_HAL_Driver/Src/stm32f1xx_hal_cortex.o
                0x000000000800320a                HAL_SYSTICK_Config
 *fill*         0x0000000008003222        0x2 
 .text.HAL_GPIO_Init
                0x0000000008003224      0x308 ./Drivers/STM32F1xx_HAL_Driver/Src/stm32f1xx_hal_gpio.o
                0x0000000008003224                HAL_GPIO_Init
 .text.HAL_GPIO_WritePin
                0x000000000800352c       0x30 ./Drivers/STM32F1xx_HAL_Driver/Src/stm32f1xx_hal_gpio.o
                0x000000000800352c                HAL_GPIO_WritePin
 .text.HAL_GPIO_TogglePin
                0x000000000800355c       0x32 ./Drivers/STM32F1xx_HAL_Driver/Src/stm32f1xx_hal_gpio.o
                0x000000000800355c                HAL_GPIO_TogglePin
 *fill*         0x000000000800358e        0x2 
 .text.HAL_I2C_Init
                0x0000000008003590      0x288 ./Drivers/STM32F1xx_HAL_Driver/Src/stm32f1xx_hal_i2c.o
                0x0000000008003590                HAL_I2C_Init
 .text.HAL_I2C_Master_Transmit
                0x0000000008003818      0x1fc ./Drivers/STM32F1xx_HAL_Driver/Src/stm32f1xx_hal_i2c.o
                0x0000000008003818                HAL_I2C_Master_Transmit
 .text.HAL_I2C_Master_Receive
                0x0000000008003a14      0x4d8 ./Drivers/STM32F1xx_HAL_Driver/Src/stm32f1xx_hal_i2c.o
                0x0000000008003a14                HAL_I2C_Master_Receive
 .text.HAL_I2C_Mem_Read
                0x0000000008003eec      0x4d0 ./Drivers/STM32F1xx_HAL_Driver/Src/stm32f1xx_hal_i2c.o
                0x0000000008003eec                HAL_I2C_Mem_Read
 .text.I2C_MasterRequestWrite
                0x00000000080043bc      0x104 ./Drivers/STM32F1xx_HAL_Driver/Src/stm32f1xx_hal_i2c.o
 .text.I2C_MasterRequestRead
                0x00000000080044c0      0x19c ./Drivers/STM32F1xx_HAL_Driver/Src/stm32f1xx_hal_i2c.o
 .text.I2C_RequestMemoryRead
                0x000000000800465c      0x1d0 ./Drivers/STM32F1xx_HAL_Driver/Src/stm32f1xx_hal_i2c.o
 .text.I2C_WaitOnFlagUntilTimeout
                0x000000000800482c       0xf4 ./Drivers/STM32F1xx_HAL_Driver/Src/stm32f1xx_hal_i2c.o
 .text.I2C_WaitOnMasterAddressFlagUntilTimeout
                0x0000000008004920      0x140 ./Drivers/STM32F1xx_HAL_Driver/Src/stm32f1xx_hal_i2c.o
 .text.I2C_WaitOnTXEFlagUntilTimeout
                0x0000000008004a60       0x90 ./Drivers/STM32F1xx_HAL_Driver/Src/stm32f1xx_hal_i2c.o
 .text.I2C_WaitOnBTFFlagUntilTimeout
                0x0000000008004af0       0x90 ./Drivers/STM32F1xx_HAL_Driver/Src/stm32f1xx_hal_i2c.o
 .text.I2C_WaitOnRXNEFlagUntilTimeout
                0x0000000008004b80       0xba ./Drivers/STM32F1xx_HAL_Driver/Src/stm32f1xx_hal_i2c.o
 .text.I2C_IsAcknowledgeFailed
                0x0000000008004c3a       0x5c ./Drivers/STM32F1xx_HAL_Driver/Src/stm32f1xx_hal_i2c.o
 *fill*         0x0000000008004c96        0x2 
 .text.HAL_RCC_OscConfig
                0x0000000008004c98      0x504 ./Drivers/STM32F1xx_HAL_Driver/Src/stm32f1xx_hal_rcc.o
                0x0000000008004c98                HAL_RCC_OscConfig
 .text.HAL_RCC_ClockConfig
                0x000000000800519c      0x1d4 ./Drivers/STM32F1xx_HAL_Driver/Src/stm32f1xx_hal_rcc.o
                0x000000000800519c                HAL_RCC_ClockConfig
 .text.HAL_RCC_GetSysClockFreq
                0x0000000008005370       0xa8 ./Drivers/STM32F1xx_HAL_Driver/Src/stm32f1xx_hal_rcc.o
                0x0000000008005370                HAL_RCC_GetSysClockFreq
 .text.HAL_RCC_GetHCLKFreq
                0x0000000008005418       0x14 ./Drivers/STM32F1xx_HAL_Driver/Src/stm32f1xx_hal_rcc.o
                0x0000000008005418                HAL_RCC_GetHCLKFreq
 .text.HAL_RCC_GetPCLK1Freq
                0x000000000800542c       0x28 ./Drivers/STM32F1xx_HAL_Driver/Src/stm32f1xx_hal_rcc.o
                0x000000000800542c                HAL_RCC_GetPCLK1Freq
 .text.HAL_RCC_GetPCLK2Freq
                0x0000000008005454       0x28 ./Drivers/STM32F1xx_HAL_Driver/Src/stm32f1xx_hal_rcc.o
                0x0000000008005454                HAL_RCC_GetPCLK2Freq
 .text.RCC_Delay
                0x000000000800547c       0x3c ./Drivers/STM32F1xx_HAL_Driver/Src/stm32f1xx_hal_rcc.o
 .text.HAL_SPI_Init
                0x00000000080054b8      0x108 ./Drivers/STM32F1xx_HAL_Driver/Src/stm32f1xx_hal_spi.o
                0x00000000080054b8                HAL_SPI_Init
 .text.HAL_TIM_Base_Init
                0x00000000080055c0       0x9e ./Drivers/STM32F1xx_HAL_Driver/Src/stm32f1xx_hal_tim.o
                0x00000000080055c0                HAL_TIM_Base_Init
 *fill*         0x000000000800565e        0x2 
 .text.HAL_TIM_Base_Start_IT
                0x0000000008005660       0xa4 ./Drivers/STM32F1xx_HAL_Driver/Src/stm32f1xx_hal_tim.o
                0x0000000008005660                HAL_TIM_Base_Start_IT
 .text.HAL_TIM_PWM_Init
                0x0000000008005704       0x9e ./Drivers/STM32F1xx_HAL_Driver/Src/stm32f1xx_hal_tim.o
                0x0000000008005704                HAL_TIM_PWM_Init
 .text.HAL_TIM_PWM_MspInit
                0x00000000080057a2       0x12 ./Drivers/STM32F1xx_HAL_Driver/Src/stm32f1xx_hal_tim.o
                0x00000000080057a2                HAL_TIM_PWM_MspInit
 .text.HAL_TIM_PWM_Start
                0x00000000080057b4      0x144 ./Drivers/STM32F1xx_HAL_Driver/Src/stm32f1xx_hal_tim.o
                0x00000000080057b4                HAL_TIM_PWM_Start
 .text.HAL_TIM_IRQHandler
                0x00000000080058f8      0x210 ./Drivers/STM32F1xx_HAL_Driver/Src/stm32f1xx_hal_tim.o
                0x00000000080058f8                HAL_TIM_IRQHandler
 .text.HAL_TIM_PWM_ConfigChannel
                0x0000000008005b08      0x184 ./Drivers/STM32F1xx_HAL_Driver/Src/stm32f1xx_hal_tim.o
                0x0000000008005b08                HAL_TIM_PWM_ConfigChannel
 .text.HAL_TIM_ConfigClockSource
                0x0000000008005c8c      0x18e ./Drivers/STM32F1xx_HAL_Driver/Src/stm32f1xx_hal_tim.o
                0x0000000008005c8c                HAL_TIM_ConfigClockSource
 .text.HAL_TIM_PeriodElapsedCallback
                0x0000000008005e1a       0x12 ./Drivers/STM32F1xx_HAL_Driver/Src/stm32f1xx_hal_tim.o
                0x0000000008005e1a                HAL_TIM_PeriodElapsedCallback
 .text.HAL_TIM_OC_DelayElapsedCallback
                0x0000000008005e2c       0x12 ./Drivers/STM32F1xx_HAL_Driver/Src/stm32f1xx_hal_tim.o
                0x0000000008005e2c                HAL_TIM_OC_DelayElapsedCallback
 .text.HAL_TIM_IC_CaptureCallback
                0x0000000008005e3e       0x12 ./Drivers/STM32F1xx_HAL_Driver/Src/stm32f1xx_hal_tim.o
                0x0000000008005e3e                HAL_TIM_IC_CaptureCallback
 .text.HAL_TIM_PWM_PulseFinishedCallback
                0x0000000008005e50       0x12 ./Drivers/STM32F1xx_HAL_Driver/Src/stm32f1xx_hal_tim.o
                0x0000000008005e50                HAL_TIM_PWM_PulseFinishedCallback
 .text.HAL_TIM_TriggerCallback
                0x0000000008005e62       0x12 ./Drivers/STM32F1xx_HAL_Driver/Src/stm32f1xx_hal_tim.o
                0x0000000008005e62                HAL_TIM_TriggerCallback
 .text.TIM_Base_SetConfig
                0x0000000008005e74       0xc4 ./Drivers/STM32F1xx_HAL_Driver/Src/stm32f1xx_hal_tim.o
                0x0000000008005e74                TIM_Base_SetConfig
 .text.TIM_OC1_SetConfig
                0x0000000008005f38       0xcc ./Drivers/STM32F1xx_HAL_Driver/Src/stm32f1xx_hal_tim.o
 .text.TIM_OC2_SetConfig
                0x0000000008006004       0xd4 ./Drivers/STM32F1xx_HAL_Driver/Src/stm32f1xx_hal_tim.o
                0x0000000008006004                TIM_OC2_SetConfig
 .text.TIM_OC3_SetConfig
                0x00000000080060d8       0xd4 ./Drivers/STM32F1xx_HAL_Driver/Src/stm32f1xx_hal_tim.o
 .text.TIM_OC4_SetConfig
                0x00000000080061ac       0x9c ./Drivers/STM32F1xx_HAL_Driver/Src/stm32f1xx_hal_tim.o
 .text.TIM_TI1_ConfigInputStage
                0x0000000008006248       0x5c ./Drivers/STM32F1xx_HAL_Driver/Src/stm32f1xx_hal_tim.o
 .text.TIM_TI2_ConfigInputStage
                0x00000000080062a4       0x5e ./Drivers/STM32F1xx_HAL_Driver/Src/stm32f1xx_hal_tim.o
 .text.TIM_ITRx_SetConfig
                0x0000000008006302       0x34 ./Drivers/STM32F1xx_HAL_Driver/Src/stm32f1xx_hal_tim.o
 .text.TIM_ETR_SetConfig
                0x0000000008006336       0x3e ./Drivers/STM32F1xx_HAL_Driver/Src/stm32f1xx_hal_tim.o
                0x0000000008006336                TIM_ETR_SetConfig
 .text.TIM_CCxChannelCmd
                0x0000000008006374       0x48 ./Drivers/STM32F1xx_HAL_Driver/Src/stm32f1xx_hal_tim.o
                0x0000000008006374                TIM_CCxChannelCmd
 .text.HAL_TIMEx_MasterConfigSynchronization
                0x00000000080063bc       0xbc ./Drivers/STM32F1xx_HAL_Driver/Src/stm32f1xx_hal_tim_ex.o
                0x00000000080063bc                HAL_TIMEx_MasterConfigSynchronization
 .text.HAL_TIMEx_CommutCallback
                0x0000000008006478       0x12 ./Drivers/STM32F1xx_HAL_Driver/Src/stm32f1xx_hal_tim_ex.o
                0x0000000008006478                HAL_TIMEx_CommutCallback
 .text.HAL_TIMEx_BreakCallback
                0x000000000800648a       0x12 ./Drivers/STM32F1xx_HAL_Driver/Src/stm32f1xx_hal_tim_ex.o
                0x000000000800648a                HAL_TIMEx_BreakCallback
 .text.HAL_UART_Init
                0x000000000800649c       0xa0 ./Drivers/STM32F1xx_HAL_Driver/Src/stm32f1xx_hal_uart.o
                0x000000000800649c                HAL_UART_Init
 .text.UART_SetConfig
                0x000000000800653c      0x11c ./Drivers/STM32F1xx_HAL_Driver/Src/stm32f1xx_hal_uart.o
 .text.__errno  0x0000000008006658        0xc c:/st/stm32cubeide_1.10.0/stm32cubeide/plugins/com.st.stm32cube.ide.mcu.externaltools.gnu-tools-for-stm32.10.3-2021.10.win32_1.0.0.202111181127/tools/bin/../lib/gcc/arm-none-eabi/10.3.1/../../../../arm-none-eabi/lib/thumb/v7-m/nofp\libc_nano.a(lib_a-errno.o)
                0x0000000008006658                __errno
 .text.__libc_init_array
                0x0000000008006664       0x48 c:/st/stm32cubeide_1.10.0/stm32cubeide/plugins/com.st.stm32cube.ide.mcu.externaltools.gnu-tools-for-stm32.10.3-2021.10.win32_1.0.0.202111181127/tools/bin/../lib/gcc/arm-none-eabi/10.3.1/../../../../arm-none-eabi/lib/thumb/v7-m/nofp\libc_nano.a(lib_a-init.o)
                0x0000000008006664                __libc_init_array
 .text.memset   0x00000000080066ac       0x10 c:/st/stm32cubeide_1.10.0/stm32cubeide/plugins/com.st.stm32cube.ide.mcu.externaltools.gnu-tools-for-stm32.10.3-2021.10.win32_1.0.0.202111181127/tools/bin/../lib/gcc/arm-none-eabi/10.3.1/../../../../arm-none-eabi/lib/thumb/v7-m/nofp\libc_nano.a(lib_a-memset.o)
                0x00000000080066ac                memset
 .text.sqrtf    0x00000000080066bc       0x34 c:/st/stm32cubeide_1.10.0/stm32cubeide/plugins/com.st.stm32cube.ide.mcu.externaltools.gnu-tools-for-stm32.10.3-2021.10.win32_1.0.0.202111181127/tools/bin/../lib/gcc/arm-none-eabi/10.3.1/../../../../arm-none-eabi/lib/thumb/v7-m/nofp\libm.a(lib_a-wf_sqrt.o)
                0x00000000080066bc                sqrtf
 .text.__ieee754_sqrtf
                0x00000000080066f0       0xa2 c:/st/stm32cubeide_1.10.0/stm32cubeide/plugins/com.st.stm32cube.ide.mcu.externaltools.gnu-tools-for-stm32.10.3-2021.10.win32_1.0.0.202111181127/tools/bin/../lib/gcc/arm-none-eabi/10.3.1/../../../../arm-none-eabi/lib/thumb/v7-m/nofp\libm.a(lib_a-ef_sqrt.o)
                0x00000000080066f0                __ieee754_sqrtf
 *(.glue_7)
 .glue_7        0x0000000008006792        0x0 linker stubs
 *(.glue_7t)
 .glue_7t       0x0000000008006792        0x0 linker stubs
 *(.eh_frame)
 *fill*         0x0000000008006792        0x2 
 .eh_frame      0x0000000008006794        0x0 c:/st/stm32cubeide_1.10.0/stm32cubeide/plugins/com.st.stm32cube.ide.mcu.externaltools.gnu-tools-for-stm32.10.3-2021.10.win32_1.0.0.202111181127/tools/bin/../lib/gcc/arm-none-eabi/10.3.1/thumb/v7-m/nofp/crtbegin.o
 *(.init)
 .init          0x0000000008006794        0x4 c:/st/stm32cubeide_1.10.0/stm32cubeide/plugins/com.st.stm32cube.ide.mcu.externaltools.gnu-tools-for-stm32.10.3-2021.10.win32_1.0.0.202111181127/tools/bin/../lib/gcc/arm-none-eabi/10.3.1/thumb/v7-m/nofp/crti.o
                0x0000000008006794                _init
 .init          0x0000000008006798        0x8 c:/st/stm32cubeide_1.10.0/stm32cubeide/plugins/com.st.stm32cube.ide.mcu.externaltools.gnu-tools-for-stm32.10.3-2021.10.win32_1.0.0.202111181127/tools/bin/../lib/gcc/arm-none-eabi/10.3.1/thumb/v7-m/nofp/crtn.o
 *(.fini)
 .fini          0x00000000080067a0        0x4 c:/st/stm32cubeide_1.10.0/stm32cubeide/plugins/com.st.stm32cube.ide.mcu.externaltools.gnu-tools-for-stm32.10.3-2021.10.win32_1.0.0.202111181127/tools/bin/../lib/gcc/arm-none-eabi/10.3.1/thumb/v7-m/nofp/crti.o
                0x00000000080067a0                _fini
 .fini          0x00000000080067a4        0x8 c:/st/stm32cubeide_1.10.0/stm32cubeide/plugins/com.st.stm32cube.ide.mcu.externaltools.gnu-tools-for-stm32.10.3-2021.10.win32_1.0.0.202111181127/tools/bin/../lib/gcc/arm-none-eabi/10.3.1/thumb/v7-m/nofp/crtn.o
                0x00000000080067ac                . = ALIGN (0x4)
                0x00000000080067ac                _etext = .

.vfp11_veneer   0x00000000080067ac        0x0
 .vfp11_veneer  0x00000000080067ac        0x0 linker stubs

.v4_bx          0x00000000080067ac        0x0
 .v4_bx         0x00000000080067ac        0x0 linker stubs

.iplt           0x00000000080067ac        0x0
 .iplt          0x00000000080067ac        0x0 c:/st/stm32cubeide_1.10.0/stm32cubeide/plugins/com.st.stm32cube.ide.mcu.externaltools.gnu-tools-for-stm32.10.3-2021.10.win32_1.0.0.202111181127/tools/bin/../lib/gcc/arm-none-eabi/10.3.1/thumb/v7-m/nofp/crtbegin.o

.rodata         0x00000000080067ac       0x2c
                0x00000000080067ac                . = ALIGN (0x4)
 *(.rodata)
 *(.rodata*)
 .rodata.AHBPrescTable
                0x00000000080067ac       0x10 ./Core/Src/system_stm32f1xx.o
                0x00000000080067ac                AHBPrescTable
 .rodata.APBPrescTable
                0x00000000080067bc        0x8 ./Core/Src/system_stm32f1xx.o
                0x00000000080067bc                APBPrescTable
 .rodata.aPLLMULFactorTable.1
                0x00000000080067c4       0x10 ./Drivers/STM32F1xx_HAL_Driver/Src/stm32f1xx_hal_rcc.o
 .rodata.aPredivFactorTable.0
                0x00000000080067d4        0x2 ./Drivers/STM32F1xx_HAL_Driver/Src/stm32f1xx_hal_rcc.o
                0x00000000080067d8                . = ALIGN (0x4)
 *fill*         0x00000000080067d6        0x2 

.rel.dyn        0x00000000080067d8        0x0
 .rel.iplt      0x00000000080067d8        0x0 c:/st/stm32cubeide_1.10.0/stm32cubeide/plugins/com.st.stm32cube.ide.mcu.externaltools.gnu-tools-for-stm32.10.3-2021.10.win32_1.0.0.202111181127/tools/bin/../lib/gcc/arm-none-eabi/10.3.1/thumb/v7-m/nofp/crtbegin.o

.ARM.extab      0x00000000080067d8        0x0
                0x00000000080067d8                . = ALIGN (0x4)
 *(.ARM.extab* .gnu.linkonce.armextab.*)
                0x00000000080067d8                . = ALIGN (0x4)

.ARM            0x00000000080067d8        0x0
                0x00000000080067d8                . = ALIGN (0x4)
                0x00000000080067d8                __exidx_start = .
 *(.ARM.exidx*)
                0x00000000080067d8                __exidx_end = .
                0x00000000080067d8                . = ALIGN (0x4)

.preinit_array  0x00000000080067d8        0x0
                0x00000000080067d8                . = ALIGN (0x4)
                0x00000000080067d8                PROVIDE (__preinit_array_start = .)
 *(.preinit_array*)
                0x00000000080067d8                PROVIDE (__preinit_array_end = .)
                0x00000000080067d8                . = ALIGN (0x4)

.init_array     0x00000000080067d8        0x4
                0x00000000080067d8                . = ALIGN (0x4)
                0x00000000080067d8                PROVIDE (__init_array_start = .)
 *(SORT_BY_NAME(.init_array.*))
 *(.init_array*)
 .init_array    0x00000000080067d8        0x4 c:/st/stm32cubeide_1.10.0/stm32cubeide/plugins/com.st.stm32cube.ide.mcu.externaltools.gnu-tools-for-stm32.10.3-2021.10.win32_1.0.0.202111181127/tools/bin/../lib/gcc/arm-none-eabi/10.3.1/thumb/v7-m/nofp/crtbegin.o
                0x00000000080067dc                PROVIDE (__init_array_end = .)
                0x00000000080067dc                . = ALIGN (0x4)

.fini_array     0x00000000080067dc        0x4
                0x00000000080067dc                . = ALIGN (0x4)
                [!provide]                        PROVIDE (__fini_array_start = .)
 *(SORT_BY_NAME(.fini_array.*))
 *(.fini_array*)
 .fini_array    0x00000000080067dc        0x4 c:/st/stm32cubeide_1.10.0/stm32cubeide/plugins/com.st.stm32cube.ide.mcu.externaltools.gnu-tools-for-stm32.10.3-2021.10.win32_1.0.0.202111181127/tools/bin/../lib/gcc/arm-none-eabi/10.3.1/thumb/v7-m/nofp/crtbegin.o
                [!provide]                        PROVIDE (__fini_array_end = .)
                0x00000000080067e0                . = ALIGN (0x4)
                0x00000000080067e0                _sidata = LOADADDR (.data)

.data           0x0000000020000000       0xb8 load address 0x00000000080067e0
                0x0000000020000000                . = ALIGN (0x4)
                0x0000000020000000                _sdata = .
 *(.data)
 *(.data*)
 .data.q0       0x0000000020000000        0x4 ./Core/Lib/imu.o
 .data.config   0x0000000020000004       0x1c ./Core/Lib/imu.o
                0x0000000020000004                config
 .data.SystemCoreClock
                0x0000000020000020        0x4 ./Core/Src/system_stm32f1xx.o
                0x0000000020000020                SystemCoreClock
 .data.task     0x0000000020000024       0x28 ./Core/flight/scheduler.o
                0x0000000020000024                task
 .data.uwTickPrio
                0x000000002000004c        0x4 ./Drivers/STM32F1xx_HAL_Driver/Src/stm32f1xx_hal.o
                0x000000002000004c                uwTickPrio
 .data.uwTickFreq
                0x0000000020000050        0x1 ./Drivers/STM32F1xx_HAL_Driver/Src/stm32f1xx_hal.o
                0x0000000020000050                uwTickFreq
 *fill*         0x0000000020000051        0x3 
 .data._impure_ptr
                0x0000000020000054        0x4 c:/st/stm32cubeide_1.10.0/stm32cubeide/plugins/com.st.stm32cube.ide.mcu.externaltools.gnu-tools-for-stm32.10.3-2021.10.win32_1.0.0.202111181127/tools/bin/../lib/gcc/arm-none-eabi/10.3.1/../../../../arm-none-eabi/lib/thumb/v7-m/nofp\libc_nano.a(lib_a-impure.o)
                0x0000000020000054                _impure_ptr
 .data.impure_data
                0x0000000020000058       0x60 c:/st/stm32cubeide_1.10.0/stm32cubeide/plugins/com.st.stm32cube.ide.mcu.externaltools.gnu-tools-for-stm32.10.3-2021.10.win32_1.0.0.202111181127/tools/bin/../lib/gcc/arm-none-eabi/10.3.1/../../../../arm-none-eabi/lib/thumb/v7-m/nofp\libc_nano.a(lib_a-impure.o)
 *(.RamFunc)
 *(.RamFunc*)
                0x00000000200000b8                . = ALIGN (0x4)
                0x00000000200000b8                _edata = .

.igot.plt       0x00000000200000b8        0x0 load address 0x0000000008006898
 .igot.plt      0x00000000200000b8        0x0 c:/st/stm32cubeide_1.10.0/stm32cubeide/plugins/com.st.stm32cube.ide.mcu.externaltools.gnu-tools-for-stm32.10.3-2021.10.win32_1.0.0.202111181127/tools/bin/../lib/gcc/arm-none-eabi/10.3.1/thumb/v7-m/nofp/crtbegin.o
                0x00000000200000b8                . = ALIGN (0x4)

.bss            0x00000000200000b8      0x344 load address 0x0000000008006898
                0x00000000200000b8                _sbss = .
                0x00000000200000b8                __bss_start__ = _sbss
 *(.bss)
 .bss           0x00000000200000b8       0x1c c:/st/stm32cubeide_1.10.0/stm32cubeide/plugins/com.st.stm32cube.ide.mcu.externaltools.gnu-tools-for-stm32.10.3-2021.10.win32_1.0.0.202111181127/tools/bin/../lib/gcc/arm-none-eabi/10.3.1/thumb/v7-m/nofp/crtbegin.o
 *(.bss*)
 .bss.micross   0x00000000200000d4        0x4 ./Core/Driver/ms5611.o
 .bss.ms5611_c  0x00000000200000d8       0x10 ./Core/Driver/ms5611.o
 .bss.hi2c      0x00000000200000e8        0x4 ./Core/Driver/ms5611.o
 .bss.baro_timer
                0x00000000200000ec        0x4 ./Core/Driver/ms5611.o
 .bss.readStep  0x00000000200000f0        0x1 ./Core/Driver/ms5611.o
 *fill*         0x00000000200000f1        0x3 
 .bss.AHRS      0x00000000200000f4       0x24 ./Core/Lib/imu.o
                0x00000000200000f4                AHRS
 .bss.integralFBx
                0x0000000020000118        0x4 ./Core/Lib/imu.o
                0x0000000020000118                integralFBx
 .bss.integralFBy
                0x000000002000011c        0x4 ./Core/Lib/imu.o
                0x000000002000011c                integralFBy
 .bss.integralFBz
                0x0000000020000120        0x4 ./Core/Lib/imu.o
                0x0000000020000120                integralFBz
 .bss.acc_Eframe
                0x0000000020000124        0xc ./Core/Lib/imu.o
                0x0000000020000124                acc_Eframe
 .bss.accex     0x0000000020000130        0x4 ./Core/Lib/imu.o
                0x0000000020000130                accex
 .bss.accey     0x0000000020000134        0x4 ./Core/Lib/imu.o
                0x0000000020000134                accey
 .bss.accez     0x0000000020000138        0x4 ./Core/Lib/imu.o
                0x0000000020000138                accez
 .bss.q1        0x000000002000013c        0x4 ./Core/Lib/imu.o
 .bss.q2        0x0000000020000140        0x4 ./Core/Lib/imu.o
 .bss.q3        0x0000000020000144        0x4 ./Core/Lib/imu.o
 .bss.dcm       0x0000000020000148       0x24 ./Core/Lib/imu.o
                0x0000000020000148                dcm
 .bss.acce      0x000000002000016c        0x6 ./Core/Lib/imu.o
 *fill*         0x0000000020000172        0x2 
 .bss.gyr       0x0000000020000174        0xc ./Core/Lib/imu.o
 .bss.acc_pitch
                0x0000000020000180        0x4 ./Core/Lib/imu.o
                0x0000000020000180                acc_pitch
 .bss.acc_roll  0x0000000020000184        0x4 ./Core/Lib/imu.o
                0x0000000020000184                acc_roll
 .bss.gyr_offs_x
                0x0000000020000188        0x2 ./Core/Lib/imu.o
                0x0000000020000188                gyr_offs_x
 .bss.gyr_offs_y
                0x000000002000018a        0x2 ./Core/Lib/imu.o
                0x000000002000018a                gyr_offs_y
 .bss.gyr_offs_z
                0x000000002000018c        0x2 ./Core/Lib/imu.o
                0x000000002000018c                gyr_offs_z
 *fill*         0x000000002000018e        0x2 
 .bss.store_gyro
                0x0000000020000190        0xc ./Core/Lib/imu.o
 .bss.gyro_v.2  0x000000002000019c        0xc ./Core/Lib/imu.o
 .bss.a.1       0x00000000200001a8        0x4 ./Core/Lib/imu.o
 .bss.p_a.0     0x00000000200001ac        0x4 ./Core/Lib/imu.o
 .bss.htimm     0x00000000200001b0        0x4 ./Core/Lib/pwmwrite.o
                0x00000000200001b0                htimm
 .bss.micross   0x00000000200001b4        0x4 ./Core/Lib/timer.o
 .bss.htimmz    0x00000000200001b8        0x4 ./Core/Lib/timer.o
                0x00000000200001b8                htimmz
 .bss.time_us.1
                0x00000000200001bc        0x4 ./Core/Lib/timer.o
 .bss.hi2c1     0x00000000200001c0       0x54 ./Core/Src/i2c.o
                0x00000000200001c0                hi2c1
 .bss.hi2c2     0x0000000020000214       0x54 ./Core/Src/i2c.o
                0x0000000020000214                hi2c2
 .bss.hspi2     0x0000000020000268       0x58 ./Core/Src/spi.o
                0x0000000020000268                hspi2
 .bss.htim3     0x00000000200002c0       0x48 ./Core/Src/tim.o
                0x00000000200002c0                htim3
 .bss.htim4     0x0000000020000308       0x48 ./Core/Src/tim.o
                0x0000000020000308                htim4
 .bss.huart1    0x0000000020000350       0x48 ./Core/Src/usart.o
                0x0000000020000350                huart1
 .bss.huart2    0x0000000020000398       0x48 ./Core/Src/usart.o
                0x0000000020000398                huart2
 .bss.micross   0x00000000200003e0        0x4 ./Core/flight/scheduler.o
 .bss.mil       0x00000000200003e4        0x4 ./Core/flight/scheduler.o
 .bss.max_excution_time_us
                0x00000000200003e8        0x4 ./Core/flight/scheduler.o
                0x00000000200003e8                max_excution_time_us
 .bss.num_tasks
                0x00000000200003ec        0x4 ./Core/flight/scheduler.o
                0x00000000200003ec                num_tasks
 .bss.time_us   0x00000000200003f0        0x4 ./Core/flight/scheduler.o
 .bss.counter.0
                0x00000000200003f4        0x4 ./Core/flight/scheduler.o
 .bss.uwTick    0x00000000200003f8        0x4 ./Drivers/STM32F1xx_HAL_Driver/Src/stm32f1xx_hal.o
                0x00000000200003f8                uwTick
 *(COMMON)
                0x00000000200003fc                . = ALIGN (0x4)
                0x00000000200003fc                _ebss = .
                0x00000000200003fc                __bss_end__ = _ebss

._user_heap_stack
                0x00000000200003fc      0x604 load address 0x0000000008006898
                0x0000000020000400                . = ALIGN (0x8)
 *fill*         0x00000000200003fc        0x4 
                [!provide]                        PROVIDE (end = .)
                0x0000000020000400                PROVIDE (_end = .)
                0x0000000020000600                . = (. + _Min_Heap_Size)
 *fill*         0x0000000020000400      0x200 
                0x0000000020000a00                . = (. + _Min_Stack_Size)
 *fill*         0x0000000020000600      0x400 
                0x0000000020000a00                . = ALIGN (0x8)

/DISCARD/
 libc.a(*)
 libm.a(*)
 libgcc.a(*)

.ARM.attributes
                0x0000000000000000       0x29
 *(.ARM.attributes)
 .ARM.attributes
                0x0000000000000000       0x1d c:/st/stm32cubeide_1.10.0/stm32cubeide/plugins/com.st.stm32cube.ide.mcu.externaltools.gnu-tools-for-stm32.10.3-2021.10.win32_1.0.0.202111181127/tools/bin/../lib/gcc/arm-none-eabi/10.3.1/thumb/v7-m/nofp/crti.o
 .ARM.attributes
                0x000000000000001d       0x2d c:/st/stm32cubeide_1.10.0/stm32cubeide/plugins/com.st.stm32cube.ide.mcu.externaltools.gnu-tools-for-stm32.10.3-2021.10.win32_1.0.0.202111181127/tools/bin/../lib/gcc/arm-none-eabi/10.3.1/thumb/v7-m/nofp/crtbegin.o
 .ARM.attributes
                0x000000000000004a       0x2d ./Core/Driver/mpu6500.o
 .ARM.attributes
                0x0000000000000077       0x2d ./Core/Driver/ms5611.o
 .ARM.attributes
                0x00000000000000a4       0x2d ./Core/Lib/imu.o
 .ARM.attributes
                0x00000000000000d1       0x2d ./Core/Lib/maths.o
 .ARM.attributes
                0x00000000000000fe       0x2d ./Core/Lib/pwmwrite.o
 .ARM.attributes
                0x000000000000012b       0x2d ./Core/Lib/timer.o
 .ARM.attributes
                0x0000000000000158       0x2d ./Core/Src/gpio.o
 .ARM.attributes
                0x0000000000000185       0x2d ./Core/Src/i2c.o
 .ARM.attributes
                0x00000000000001b2       0x2d ./Core/Src/main.o
 .ARM.attributes
                0x00000000000001df       0x2d ./Core/Src/spi.o
 .ARM.attributes
                0x000000000000020c       0x2d ./Core/Src/stm32f1xx_hal_msp.o
 .ARM.attributes
                0x0000000000000239       0x2d ./Core/Src/stm32f1xx_it.o
 .ARM.attributes
                0x0000000000000266       0x2d ./Core/Src/system_stm32f1xx.o
 .ARM.attributes
                0x0000000000000293       0x2d ./Core/Src/tim.o
 .ARM.attributes
                0x00000000000002c0       0x2d ./Core/Src/usart.o
 .ARM.attributes
                0x00000000000002ed       0x21 ./Core/Startup/startup_stm32f103c8tx.o
 .ARM.attributes
                0x000000000000030e       0x2d ./Core/flight/fixedwing.o
 .ARM.attributes
                0x000000000000033b       0x2d ./Core/flight/scheduler.o
 .ARM.attributes
                0x0000000000000368       0x2d ./Drivers/STM32F1xx_HAL_Driver/Src/stm32f1xx_hal.o
 .ARM.attributes
                0x0000000000000395       0x2d ./Drivers/STM32F1xx_HAL_Driver/Src/stm32f1xx_hal_cortex.o
 .ARM.attributes
                0x00000000000003c2       0x2d ./Drivers/STM32F1xx_HAL_Driver/Src/stm32f1xx_hal_gpio.o
 .ARM.attributes
                0x00000000000003ef       0x2d ./Drivers/STM32F1xx_HAL_Driver/Src/stm32f1xx_hal_i2c.o
 .ARM.attributes
                0x000000000000041c       0x2d ./Drivers/STM32F1xx_HAL_Driver/Src/stm32f1xx_hal_rcc.o
 .ARM.attributes
                0x0000000000000449       0x2d ./Drivers/STM32F1xx_HAL_Driver/Src/stm32f1xx_hal_spi.o
 .ARM.attributes
                0x0000000000000476       0x2d ./Drivers/STM32F1xx_HAL_Driver/Src/stm32f1xx_hal_tim.o
 .ARM.attributes
                0x00000000000004a3       0x2d ./Drivers/STM32F1xx_HAL_Driver/Src/stm32f1xx_hal_tim_ex.o
 .ARM.attributes
                0x00000000000004d0       0x2d ./Drivers/STM32F1xx_HAL_Driver/Src/stm32f1xx_hal_uart.o
 .ARM.attributes
                0x00000000000004fd       0x2d c:/st/stm32cubeide_1.10.0/stm32cubeide/plugins/com.st.stm32cube.ide.mcu.externaltools.gnu-tools-for-stm32.10.3-2021.10.win32_1.0.0.202111181127/tools/bin/../lib/gcc/arm-none-eabi/10.3.1/../../../../arm-none-eabi/lib/thumb/v7-m/nofp\libc_nano.a(lib_a-errno.o)
 .ARM.attributes
                0x000000000000052a       0x2d c:/st/stm32cubeide_1.10.0/stm32cubeide/plugins/com.st.stm32cube.ide.mcu.externaltools.gnu-tools-for-stm32.10.3-2021.10.win32_1.0.0.202111181127/tools/bin/../lib/gcc/arm-none-eabi/10.3.1/../../../../arm-none-eabi/lib/thumb/v7-m/nofp\libc_nano.a(lib_a-impure.o)
 .ARM.attributes
                0x0000000000000557       0x2d c:/st/stm32cubeide_1.10.0/stm32cubeide/plugins/com.st.stm32cube.ide.mcu.externaltools.gnu-tools-for-stm32.10.3-2021.10.win32_1.0.0.202111181127/tools/bin/../lib/gcc/arm-none-eabi/10.3.1/../../../../arm-none-eabi/lib/thumb/v7-m/nofp\libc_nano.a(lib_a-init.o)
 .ARM.attributes
                0x0000000000000584       0x2d c:/st/stm32cubeide_1.10.0/stm32cubeide/plugins/com.st.stm32cube.ide.mcu.externaltools.gnu-tools-for-stm32.10.3-2021.10.win32_1.0.0.202111181127/tools/bin/../lib/gcc/arm-none-eabi/10.3.1/../../../../arm-none-eabi/lib/thumb/v7-m/nofp\libc_nano.a(lib_a-memset.o)
 .ARM.attributes
                0x00000000000005b1       0x2d c:/st/stm32cubeide_1.10.0/stm32cubeide/plugins/com.st.stm32cube.ide.mcu.externaltools.gnu-tools-for-stm32.10.3-2021.10.win32_1.0.0.202111181127/tools/bin/../lib/gcc/arm-none-eabi/10.3.1/../../../../arm-none-eabi/lib/thumb/v7-m/nofp\libm.a(lib_a-wf_sqrt.o)
 .ARM.attributes
                0x00000000000005de       0x2d c:/st/stm32cubeide_1.10.0/stm32cubeide/plugins/com.st.stm32cube.ide.mcu.externaltools.gnu-tools-for-stm32.10.3-2021.10.win32_1.0.0.202111181127/tools/bin/../lib/gcc/arm-none-eabi/10.3.1/../../../../arm-none-eabi/lib/thumb/v7-m/nofp\libm.a(lib_a-ef_sqrt.o)
 .ARM.attributes
                0x000000000000060b       0x1d c:/st/stm32cubeide_1.10.0/stm32cubeide/plugins/com.st.stm32cube.ide.mcu.externaltools.gnu-tools-for-stm32.10.3-2021.10.win32_1.0.0.202111181127/tools/bin/../lib/gcc/arm-none-eabi/10.3.1/thumb/v7-m/nofp\libgcc.a(_arm_addsubdf3.o)
 .ARM.attributes
                0x0000000000000628       0x1d c:/st/stm32cubeide_1.10.0/stm32cubeide/plugins/com.st.stm32cube.ide.mcu.externaltools.gnu-tools-for-stm32.10.3-2021.10.win32_1.0.0.202111181127/tools/bin/../lib/gcc/arm-none-eabi/10.3.1/thumb/v7-m/nofp\libgcc.a(_arm_muldivdf3.o)
 .ARM.attributes
                0x0000000000000645       0x1d c:/st/stm32cubeide_1.10.0/stm32cubeide/plugins/com.st.stm32cube.ide.mcu.externaltools.gnu-tools-for-stm32.10.3-2021.10.win32_1.0.0.202111181127/tools/bin/../lib/gcc/arm-none-eabi/10.3.1/thumb/v7-m/nofp\libgcc.a(_arm_truncdfsf2.o)
 .ARM.attributes
                0x0000000000000662       0x1d c:/st/stm32cubeide_1.10.0/stm32cubeide/plugins/com.st.stm32cube.ide.mcu.externaltools.gnu-tools-for-stm32.10.3-2021.10.win32_1.0.0.202111181127/tools/bin/../lib/gcc/arm-none-eabi/10.3.1/thumb/v7-m/nofp\libgcc.a(_arm_addsubsf3.o)
 .ARM.attributes
                0x000000000000067f       0x1d c:/st/stm32cubeide_1.10.0/stm32cubeide/plugins/com.st.stm32cube.ide.mcu.externaltools.gnu-tools-for-stm32.10.3-2021.10.win32_1.0.0.202111181127/tools/bin/../lib/gcc/arm-none-eabi/10.3.1/thumb/v7-m/nofp\libgcc.a(_arm_muldivsf3.o)
 .ARM.attributes
                0x000000000000069c       0x1d c:/st/stm32cubeide_1.10.0/stm32cubeide/plugins/com.st.stm32cube.ide.mcu.externaltools.gnu-tools-for-stm32.10.3-2021.10.win32_1.0.0.202111181127/tools/bin/../lib/gcc/arm-none-eabi/10.3.1/thumb/v7-m/nofp\libgcc.a(_arm_cmpsf2.o)
 .ARM.attributes
                0x00000000000006b9       0x1d c:/st/stm32cubeide_1.10.0/stm32cubeide/plugins/com.st.stm32cube.ide.mcu.externaltools.gnu-tools-for-stm32.10.3-2021.10.win32_1.0.0.202111181127/tools/bin/../lib/gcc/arm-none-eabi/10.3.1/thumb/v7-m/nofp\libgcc.a(_arm_unordsf2.o)
 .ARM.attributes
                0x00000000000006d6       0x1d c:/st/stm32cubeide_1.10.0/stm32cubeide/plugins/com.st.stm32cube.ide.mcu.externaltools.gnu-tools-for-stm32.10.3-2021.10.win32_1.0.0.202111181127/tools/bin/../lib/gcc/arm-none-eabi/10.3.1/thumb/v7-m/nofp/crtn.o
OUTPUT(ARM-Pilot.elf elf32-littlearm)
LOAD linker stubs
LOAD c:/st/stm32cubeide_1.10.0/stm32cubeide/plugins/com.st.stm32cube.ide.mcu.externaltools.gnu-tools-for-stm32.10.3-2021.10.win32_1.0.0.202111181127/tools/bin/../lib/gcc/arm-none-eabi/10.3.1/../../../../arm-none-eabi/lib/thumb/v7-m/nofp\libc.a
LOAD c:/st/stm32cubeide_1.10.0/stm32cubeide/plugins/com.st.stm32cube.ide.mcu.externaltools.gnu-tools-for-stm32.10.3-2021.10.win32_1.0.0.202111181127/tools/bin/../lib/gcc/arm-none-eabi/10.3.1/../../../../arm-none-eabi/lib/thumb/v7-m/nofp\libm.a
LOAD c:/st/stm32cubeide_1.10.0/stm32cubeide/plugins/com.st.stm32cube.ide.mcu.externaltools.gnu-tools-for-stm32.10.3-2021.10.win32_1.0.0.202111181127/tools/bin/../lib/gcc/arm-none-eabi/10.3.1/thumb/v7-m/nofp\libgcc.a

.debug_info     0x0000000000000000    0x16014
 .debug_info    0x0000000000000000      0x8b3 ./Core/Driver/mpu6500.o
 .debug_info    0x00000000000008b3      0xac6 ./Core/Driver/ms5611.o
 .debug_info    0x0000000000001379      0xaa6 ./Core/Lib/imu.o
 .debug_info    0x0000000000001e1f     0x15a9 ./Core/Lib/maths.o
 .debug_info    0x00000000000033c8      0x7d8 ./Core/Lib/pwmwrite.o
 .debug_info    0x0000000000003ba0      0x80b ./Core/Lib/timer.o
 .debug_info    0x00000000000043ab      0x30b ./Core/Src/gpio.o
 .debug_info    0x00000000000046b6      0x8c6 ./Core/Src/i2c.o
 .debug_info    0x0000000000004f7c      0x9b7 ./Core/Src/main.o
 .debug_info    0x0000000000005933      0x82f ./Core/Src/spi.o
 .debug_info    0x0000000000006162      0x210 ./Core/Src/stm32f1xx_hal_msp.o
 .debug_info    0x0000000000006372      0x6ef ./Core/Src/stm32f1xx_it.o
 .debug_info    0x0000000000006a61      0x23d ./Core/Src/system_stm32f1xx.o
 .debug_info    0x0000000000006c9e      0xcae ./Core/Src/tim.o
 .debug_info    0x000000000000794c      0x876 ./Core/Src/usart.o
 .debug_info    0x00000000000081c2       0x22 ./Core/Startup/startup_stm32f103c8tx.o
 .debug_info    0x00000000000081e4       0xa5 ./Core/flight/fixedwing.o
 .debug_info    0x0000000000008289      0xbdb ./Core/flight/scheduler.o
 .debug_info    0x0000000000008e64      0x734 ./Drivers/STM32F1xx_HAL_Driver/Src/stm32f1xx_hal.o
 .debug_info    0x0000000000009598      0xb20 ./Drivers/STM32F1xx_HAL_Driver/Src/stm32f1xx_hal_cortex.o
 .debug_info    0x000000000000a0b8      0x615 ./Drivers/STM32F1xx_HAL_Driver/Src/stm32f1xx_hal_gpio.o
 .debug_info    0x000000000000a6cd     0x2761 ./Drivers/STM32F1xx_HAL_Driver/Src/stm32f1xx_hal_i2c.o
 .debug_info    0x000000000000ce2e      0x865 ./Drivers/STM32F1xx_HAL_Driver/Src/stm32f1xx_hal_rcc.o
 .debug_info    0x000000000000d693     0x165d ./Drivers/STM32F1xx_HAL_Driver/Src/stm32f1xx_hal_spi.o
 .debug_info    0x000000000000ecf0     0x2bab ./Drivers/STM32F1xx_HAL_Driver/Src/stm32f1xx_hal_tim.o
 .debug_info    0x000000000001189b     0x15c7 ./Drivers/STM32F1xx_HAL_Driver/Src/stm32f1xx_hal_tim_ex.o
 .debug_info    0x0000000000012e62     0x31b2 ./Drivers/STM32F1xx_HAL_Driver/Src/stm32f1xx_hal_uart.o

.debug_abbrev   0x0000000000000000     0x3422
 .debug_abbrev  0x0000000000000000      0x1e0 ./Core/Driver/mpu6500.o
 .debug_abbrev  0x00000000000001e0      0x254 ./Core/Driver/ms5611.o
 .debug_abbrev  0x0000000000000434      0x268 ./Core/Lib/imu.o
 .debug_abbrev  0x000000000000069c      0x29a ./Core/Lib/maths.o
 .debug_abbrev  0x0000000000000936      0x1cd ./Core/Lib/pwmwrite.o
 .debug_abbrev  0x0000000000000b03      0x222 ./Core/Lib/timer.o
 .debug_abbrev  0x0000000000000d25      0x134 ./Core/Src/gpio.o
 .debug_abbrev  0x0000000000000e59      0x1ce ./Core/Src/i2c.o
 .debug_abbrev  0x0000000000001027      0x26b ./Core/Src/main.o
 .debug_abbrev  0x0000000000001292      0x1ce ./Core/Src/spi.o
 .debug_abbrev  0x0000000000001460       0xd4 ./Core/Src/stm32f1xx_hal_msp.o
 .debug_abbrev  0x0000000000001534      0x184 ./Core/Src/stm32f1xx_it.o
 .debug_abbrev  0x00000000000016b8      0x13b ./Core/Src/system_stm32f1xx.o
 .debug_abbrev  0x00000000000017f3      0x22f ./Core/Src/tim.o
 .debug_abbrev  0x0000000000001a22      0x1d5 ./Core/Src/usart.o
 .debug_abbrev  0x0000000000001bf7       0x12 ./Core/Startup/startup_stm32f103c8tx.o
 .debug_abbrev  0x0000000000001c09       0x5d ./Core/flight/fixedwing.o
 .debug_abbrev  0x0000000000001c66      0x1cc ./Core/flight/scheduler.o
 .debug_abbrev  0x0000000000001e32      0x1fb ./Drivers/STM32F1xx_HAL_Driver/Src/stm32f1xx_hal.o
 .debug_abbrev  0x000000000000202d      0x2ed ./Drivers/STM32F1xx_HAL_Driver/Src/stm32f1xx_hal_cortex.o
 .debug_abbrev  0x000000000000231a      0x1bb ./Drivers/STM32F1xx_HAL_Driver/Src/stm32f1xx_hal_gpio.o
 .debug_abbrev  0x00000000000024d5      0x288 ./Drivers/STM32F1xx_HAL_Driver/Src/stm32f1xx_hal_i2c.o
 .debug_abbrev  0x000000000000275d      0x2a8 ./Drivers/STM32F1xx_HAL_Driver/Src/stm32f1xx_hal_rcc.o
 .debug_abbrev  0x0000000000002a05      0x26e ./Drivers/STM32F1xx_HAL_Driver/Src/stm32f1xx_hal_spi.o
 .debug_abbrev  0x0000000000002c73      0x264 ./Drivers/STM32F1xx_HAL_Driver/Src/stm32f1xx_hal_tim.o
 .debug_abbrev  0x0000000000002ed7      0x26c ./Drivers/STM32F1xx_HAL_Driver/Src/stm32f1xx_hal_tim_ex.o
 .debug_abbrev  0x0000000000003143      0x2df ./Drivers/STM32F1xx_HAL_Driver/Src/stm32f1xx_hal_uart.o

.debug_aranges  0x0000000000000000     0x1370
 .debug_aranges
                0x0000000000000000       0x48 ./Core/Driver/mpu6500.o
 .debug_aranges
                0x0000000000000048       0x70 ./Core/Driver/ms5611.o
 .debug_aranges
                0x00000000000000b8       0x50 ./Core/Lib/imu.o
 .debug_aranges
                0x0000000000000108      0x100 ./Core/Lib/maths.o
 .debug_aranges
                0x0000000000000208       0x48 ./Core/Lib/pwmwrite.o
 .debug_aranges
                0x0000000000000250       0x40 ./Core/Lib/timer.o
 .debug_aranges
                0x0000000000000290       0x20 ./Core/Src/gpio.o
 .debug_aranges
                0x00000000000002b0       0x38 ./Core/Src/i2c.o
 .debug_aranges
                0x00000000000002e8       0x38 ./Core/Src/main.o
 .debug_aranges
                0x0000000000000320       0x30 ./Core/Src/spi.o
 .debug_aranges
                0x0000000000000350       0x20 ./Core/Src/stm32f1xx_hal_msp.o
 .debug_aranges
                0x0000000000000370       0x68 ./Core/Src/stm32f1xx_it.o
 .debug_aranges
                0x00000000000003d8       0x28 ./Core/Src/system_stm32f1xx.o
 .debug_aranges
                0x0000000000000400       0x40 ./Core/Src/tim.o
 .debug_aranges
                0x0000000000000440       0x38 ./Core/Src/usart.o
 .debug_aranges
                0x0000000000000478       0x28 ./Core/Startup/startup_stm32f103c8tx.o
 .debug_aranges
                0x00000000000004a0       0x20 ./Core/flight/fixedwing.o
 .debug_aranges
                0x00000000000004c0       0x30 ./Core/flight/scheduler.o
 .debug_aranges
                0x00000000000004f0       0xe0 ./Drivers/STM32F1xx_HAL_Driver/Src/stm32f1xx_hal.o
 .debug_aranges
                0x00000000000005d0      0x100 ./Drivers/STM32F1xx_HAL_Driver/Src/stm32f1xx_hal_cortex.o
 .debug_aranges
                0x00000000000006d0       0x58 ./Drivers/STM32F1xx_HAL_Driver/Src/stm32f1xx_hal_gpio.o
 .debug_aranges
                0x0000000000000728      0x2a8 ./Drivers/STM32F1xx_HAL_Driver/Src/stm32f1xx_hal_i2c.o
 .debug_aranges
                0x00000000000009d0       0x90 ./Drivers/STM32F1xx_HAL_Driver/Src/stm32f1xx_hal_rcc.o
 .debug_aranges
                0x0000000000000a60      0x1d0 ./Drivers/STM32F1xx_HAL_Driver/Src/stm32f1xx_hal_spi.o
 .debug_aranges
                0x0000000000000c30      0x3d0 ./Drivers/STM32F1xx_HAL_Driver/Src/stm32f1xx_hal_tim.o
 .debug_aranges
                0x0000000000001000      0x168 ./Drivers/STM32F1xx_HAL_Driver/Src/stm32f1xx_hal_tim_ex.o
 .debug_aranges
                0x0000000000001168      0x208 ./Drivers/STM32F1xx_HAL_Driver/Src/stm32f1xx_hal_uart.o

.debug_ranges   0x0000000000000000     0x1210
 .debug_ranges  0x0000000000000000       0x38 ./Core/Driver/mpu6500.o
 .debug_ranges  0x0000000000000038       0x60 ./Core/Driver/ms5611.o
 .debug_ranges  0x0000000000000098       0x40 ./Core/Lib/imu.o
 .debug_ranges  0x00000000000000d8       0xf0 ./Core/Lib/maths.o
 .debug_ranges  0x00000000000001c8       0x38 ./Core/Lib/pwmwrite.o
 .debug_ranges  0x0000000000000200       0x30 ./Core/Lib/timer.o
 .debug_ranges  0x0000000000000230       0x10 ./Core/Src/gpio.o
 .debug_ranges  0x0000000000000240       0x28 ./Core/Src/i2c.o
 .debug_ranges  0x0000000000000268       0x28 ./Core/Src/main.o
 .debug_ranges  0x0000000000000290       0x20 ./Core/Src/spi.o
 .debug_ranges  0x00000000000002b0       0x10 ./Core/Src/stm32f1xx_hal_msp.o
 .debug_ranges  0x00000000000002c0       0x58 ./Core/Src/stm32f1xx_it.o
 .debug_ranges  0x0000000000000318       0x18 ./Core/Src/system_stm32f1xx.o
 .debug_ranges  0x0000000000000330       0x30 ./Core/Src/tim.o
 .debug_ranges  0x0000000000000360       0x28 ./Core/Src/usart.o
 .debug_ranges  0x0000000000000388       0x20 ./Core/Startup/startup_stm32f103c8tx.o
 .debug_ranges  0x00000000000003a8       0x10 ./Core/flight/fixedwing.o
 .debug_ranges  0x00000000000003b8       0x20 ./Core/flight/scheduler.o
 .debug_ranges  0x00000000000003d8       0xd0 ./Drivers/STM32F1xx_HAL_Driver/Src/stm32f1xx_hal.o
 .debug_ranges  0x00000000000004a8       0xf0 ./Drivers/STM32F1xx_HAL_Driver/Src/stm32f1xx_hal_cortex.o
 .debug_ranges  0x0000000000000598       0x48 ./Drivers/STM32F1xx_HAL_Driver/Src/stm32f1xx_hal_gpio.o
 .debug_ranges  0x00000000000005e0      0x2b0 ./Drivers/STM32F1xx_HAL_Driver/Src/stm32f1xx_hal_i2c.o
 .debug_ranges  0x0000000000000890       0x80 ./Drivers/STM32F1xx_HAL_Driver/Src/stm32f1xx_hal_rcc.o
 .debug_ranges  0x0000000000000910      0x1c0 ./Drivers/STM32F1xx_HAL_Driver/Src/stm32f1xx_hal_spi.o
 .debug_ranges  0x0000000000000ad0      0x3c0 ./Drivers/STM32F1xx_HAL_Driver/Src/stm32f1xx_hal_tim.o
 .debug_ranges  0x0000000000000e90      0x158 ./Drivers/STM32F1xx_HAL_Driver/Src/stm32f1xx_hal_tim_ex.o
 .debug_ranges  0x0000000000000fe8      0x228 ./Drivers/STM32F1xx_HAL_Driver/Src/stm32f1xx_hal_uart.o

.debug_macro    0x0000000000000000     0x4476
 .debug_macro   0x0000000000000000      0x39a ./Core/Driver/mpu6500.o
 .debug_macro   0x000000000000039a       0x16 ./Core/Driver/mpu6500.o
 .debug_macro   0x00000000000003b0       0x1c ./Core/Driver/mpu6500.o
 .debug_macro   0x00000000000003cc       0x16 ./Core/Driver/mpu6500.o
 .debug_macro   0x00000000000003e2      0x3be ./Core/Driver/ms5611.o
 .debug_macro   0x00000000000007a0       0x4c ./Core/Driver/ms5611.o
 .debug_macro   0x00000000000007ec       0x94 ./Core/Driver/ms5611.o
 .debug_macro   0x0000000000000880       0x57 ./Core/Driver/ms5611.o
 .debug_macro   0x00000000000008d7       0x97 ./Core/Driver/ms5611.o
 .debug_macro   0x000000000000096e       0xfd ./Core/Driver/ms5611.o
 .debug_macro   0x0000000000000a6b       0x10 ./Core/Driver/ms5611.o
 .debug_macro   0x0000000000000a7b       0x22 ./Core/Driver/ms5611.o
 .debug_macro   0x0000000000000a9d      0x392 ./Core/Lib/imu.o
 .debug_macro   0x0000000000000e2f      0x3a0 ./Core/Lib/maths.o
 .debug_macro   0x00000000000011cf      0x365 ./Core/Lib/pwmwrite.o
 .debug_macro   0x0000000000001534      0x325 ./Core/Lib/timer.o
 .debug_macro   0x0000000000001859      0x1d0 ./Core/Src/gpio.o
 .debug_macro   0x0000000000001a29      0x1d0 ./Core/Src/i2c.o
 .debug_macro   0x0000000000001bf9      0x20f ./Core/Src/main.o
 .debug_macro   0x0000000000001e08       0x28 ./Core/Src/main.o
 .debug_macro   0x0000000000001e30      0x1d0 ./Core/Src/spi.o
 .debug_macro   0x0000000000002000      0x1c6 ./Core/Src/stm32f1xx_hal_msp.o
 .debug_macro   0x00000000000021c6      0x1d0 ./Core/Src/stm32f1xx_it.o
 .debug_macro   0x0000000000002396      0x1b7 ./Core/Src/system_stm32f1xx.o
 .debug_macro   0x000000000000254d      0x1d0 ./Core/Src/tim.o
 .debug_macro   0x000000000000271d      0x1d0 ./Core/Src/usart.o
 .debug_macro   0x00000000000028ed      0x1c1 ./Core/flight/fixedwing.o
 .debug_macro   0x0000000000002aae      0x960 ./Core/flight/scheduler.o
 .debug_macro   0x000000000000340e      0x1db ./Drivers/STM32F1xx_HAL_Driver/Src/stm32f1xx_hal.o
 .debug_macro   0x00000000000035e9      0x1b7 ./Drivers/STM32F1xx_HAL_Driver/Src/stm32f1xx_hal_cortex.o
 .debug_macro   0x00000000000037a0      0x222 ./Drivers/STM32F1xx_HAL_Driver/Src/stm32f1xx_hal_gpio.o
 .debug_macro   0x00000000000039c2      0x205 ./Drivers/STM32F1xx_HAL_Driver/Src/stm32f1xx_hal_i2c.o
 .debug_macro   0x0000000000003bc7      0x1c9 ./Drivers/STM32F1xx_HAL_Driver/Src/stm32f1xx_hal_rcc.o
 .debug_macro   0x0000000000003d90      0x1bf ./Drivers/STM32F1xx_HAL_Driver/Src/stm32f1xx_hal_spi.o
 .debug_macro   0x0000000000003f4f      0x1b8 ./Drivers/STM32F1xx_HAL_Driver/Src/stm32f1xx_hal_tim.o
 .debug_macro   0x0000000000004107      0x1b7 ./Drivers/STM32F1xx_HAL_Driver/Src/stm32f1xx_hal_tim_ex.o
 .debug_macro   0x00000000000042be      0x1b8 ./Drivers/STM32F1xx_HAL_Driver/Src/stm32f1xx_hal_uart.o

.debug_line     0x0000000000000000    0x1a6f5
 .debug_line    0x0000000000000000      0xada ./Core/Driver/mpu6500.o
 .debug_line    0x0000000000000ada      0xc04 ./Core/Driver/ms5611.o
 .debug_line    0x00000000000016de      0xf3e ./Core/Lib/imu.o
 .debug_line    0x000000000000261c     0x12b1 ./Core/Lib/maths.o
 .debug_line    0x00000000000038cd      0x9cb ./Core/Lib/pwmwrite.o
 .debug_line    0x0000000000004298      0x915 ./Core/Lib/timer.o
 .debug_line    0x0000000000004bad      0x6bd ./Core/Src/gpio.o
 .debug_line    0x000000000000526a      0x76f ./Core/Src/i2c.o
 .debug_line    0x00000000000059d9      0x80d ./Core/Src/main.o
 .debug_line    0x00000000000061e6      0x717 ./Core/Src/spi.o
 .debug_line    0x00000000000068fd      0x6a0 ./Core/Src/stm32f1xx_hal_msp.o
 .debug_line    0x0000000000006f9d      0x77a ./Core/Src/stm32f1xx_it.o
 .debug_line    0x0000000000007717      0x71e ./Core/Src/system_stm32f1xx.o
 .debug_line    0x0000000000007e35      0x7f3 ./Core/Src/tim.o
 .debug_line    0x0000000000008628      0x77f ./Core/Src/usart.o
 .debug_line    0x0000000000008da7       0x86 ./Core/Startup/startup_stm32f103c8tx.o
 .debug_line    0x0000000000008e2d      0x6a0 ./Core/flight/fixedwing.o
 .debug_line    0x00000000000094cd     0x1aff ./Core/flight/scheduler.o
 .debug_line    0x000000000000afcc      0x94b ./Drivers/STM32F1xx_HAL_Driver/Src/stm32f1xx_hal.o
 .debug_line    0x000000000000b917      0xb33 ./Drivers/STM32F1xx_HAL_Driver/Src/stm32f1xx_hal_cortex.o
 .debug_line    0x000000000000c44a      0x9e4 ./Drivers/STM32F1xx_HAL_Driver/Src/stm32f1xx_hal_gpio.o
 .debug_line    0x000000000000ce2e     0x3ab1 ./Drivers/STM32F1xx_HAL_Driver/Src/stm32f1xx_hal_i2c.o
 .debug_line    0x00000000000108df      0xd57 ./Drivers/STM32F1xx_HAL_Driver/Src/stm32f1xx_hal_rcc.o
 .debug_line    0x0000000000011636     0x1bcc ./Drivers/STM32F1xx_HAL_Driver/Src/stm32f1xx_hal_spi.o
 .debug_line    0x0000000000013202     0x33d6 ./Drivers/STM32F1xx_HAL_Driver/Src/stm32f1xx_hal_tim.o
 .debug_line    0x00000000000165d8     0x18a1 ./Drivers/STM32F1xx_HAL_Driver/Src/stm32f1xx_hal_tim_ex.o
 .debug_line    0x0000000000017e79     0x287c ./Drivers/STM32F1xx_HAL_Driver/Src/stm32f1xx_hal_uart.o

.debug_str      0x0000000000000000    0xaf20c
 .debug_str     0x0000000000000000    0x8a28e ./Core/Driver/mpu6500.o
                                      0x8a670 (size before relaxing)
 .debug_str     0x000000000008a28e      0xf70 ./Core/Driver/ms5611.o
                                      0x8b39d (size before relaxing)
 .debug_str     0x000000000008b1fe      0x2fc ./Core/Lib/imu.o
                                      0x8afb6 (size before relaxing)
 .debug_str     0x000000000008b4fa      0x4e6 ./Core/Lib/maths.o
                                      0x8b0f2 (size before relaxing)
 .debug_str     0x000000000008b9e0      0x348 ./Core/Lib/pwmwrite.o
                                      0x8b0d2 (size before relaxing)
 .debug_str     0x000000000008bd28       0x89 ./Core/Lib/timer.o
                                      0x8a53e (size before relaxing)
 .debug_str     0x000000000008bdb1       0xe8 ./Core/Src/gpio.o
                                      0x862c2 (size before relaxing)
 .debug_str     0x000000000008be99       0x83 ./Core/Src/i2c.o
                                      0x8678f (size before relaxing)
 .debug_str     0x000000000008bf1c      0x285 ./Core/Src/main.o
                                      0x869a1 (size before relaxing)
 .debug_str     0x000000000008c1a1      0x1fb ./Core/Src/spi.o
                                      0x866d3 (size before relaxing)
 .debug_str     0x000000000008c39c       0x5a ./Core/Src/stm32f1xx_hal_msp.o
                                      0x8624a (size before relaxing)
 .debug_str     0x000000000008c3f6       0xf2 ./Core/Src/stm32f1xx_it.o
                                      0x86750 (size before relaxing)
 .debug_str     0x000000000008c4e8       0x7e ./Core/Src/system_stm32f1xx.o
                                      0x8624d (size before relaxing)
 .debug_str     0x000000000008c566      0x49a ./Core/Src/tim.o
                                      0x86c91 (size before relaxing)
 .debug_str     0x000000000008ca00      0x1eb ./Core/Src/usart.o
                                      0x86725 (size before relaxing)
 .debug_str     0x000000000008cbeb       0x36 ./Core/Startup/startup_stm32f103c8tx.o
                                         0x72 (size before relaxing)
 .debug_str     0x000000000008cc21       0x42 ./Core/flight/fixedwing.o
                                      0x861b0 (size before relaxing)
 .debug_str     0x000000000008cc63    0x1f247 ./Core/flight/scheduler.o
                                      0xaa36e (size before relaxing)
 .debug_str     0x00000000000abeaa      0x37a ./Drivers/STM32F1xx_HAL_Driver/Src/stm32f1xx_hal.o
                                      0x86980 (size before relaxing)
 .debug_str     0x00000000000ac224      0x28a ./Drivers/STM32F1xx_HAL_Driver/Src/stm32f1xx_hal_cortex.o
                                      0x868cc (size before relaxing)
 .debug_str     0x00000000000ac4ae      0x2ce ./Drivers/STM32F1xx_HAL_Driver/Src/stm32f1xx_hal_gpio.o
                                      0x865d3 (size before relaxing)
 .debug_str     0x00000000000ac77c      0xb7f ./Drivers/STM32F1xx_HAL_Driver/Src/stm32f1xx_hal_i2c.o
                                      0x87314 (size before relaxing)
 .debug_str     0x00000000000ad2fb      0x209 ./Drivers/STM32F1xx_HAL_Driver/Src/stm32f1xx_hal_rcc.o
                                      0x8667c (size before relaxing)
 .debug_str     0x00000000000ad504      0x534 ./Drivers/STM32F1xx_HAL_Driver/Src/stm32f1xx_hal_spi.o
                                      0x86b79 (size before relaxing)
 .debug_str     0x00000000000ada38      0xd2e ./Drivers/STM32F1xx_HAL_Driver/Src/stm32f1xx_hal_tim.o
                                      0x8766e (size before relaxing)
 .debug_str     0x00000000000ae766      0x493 ./Drivers/STM32F1xx_HAL_Driver/Src/stm32f1xx_hal_tim_ex.o
                                      0x86e8a (size before relaxing)
 .debug_str     0x00000000000aebf9      0x613 ./Drivers/STM32F1xx_HAL_Driver/Src/stm32f1xx_hal_uart.o
                                      0x86ced (size before relaxing)

.comment        0x0000000000000000       0x50
 .comment       0x0000000000000000       0x50 ./Core/Driver/mpu6500.o
                                         0x51 (size before relaxing)
 .comment       0x0000000000000050       0x51 ./Core/Driver/ms5611.o
 .comment       0x0000000000000050       0x51 ./Core/Lib/imu.o
 .comment       0x0000000000000050       0x51 ./Core/Lib/maths.o
 .comment       0x0000000000000050       0x51 ./Core/Lib/pwmwrite.o
 .comment       0x0000000000000050       0x51 ./Core/Lib/timer.o
 .comment       0x0000000000000050       0x51 ./Core/Src/gpio.o
 .comment       0x0000000000000050       0x51 ./Core/Src/i2c.o
 .comment       0x0000000000000050       0x51 ./Core/Src/main.o
 .comment       0x0000000000000050       0x51 ./Core/Src/spi.o
 .comment       0x0000000000000050       0x51 ./Core/Src/stm32f1xx_hal_msp.o
 .comment       0x0000000000000050       0x51 ./Core/Src/stm32f1xx_it.o
 .comment       0x0000000000000050       0x51 ./Core/Src/system_stm32f1xx.o
 .comment       0x0000000000000050       0x51 ./Core/Src/tim.o
 .comment       0x0000000000000050       0x51 ./Core/Src/usart.o
 .comment       0x0000000000000050       0x51 ./Core/flight/fixedwing.o
 .comment       0x0000000000000050       0x51 ./Core/flight/scheduler.o
 .comment       0x0000000000000050       0x51 ./Drivers/STM32F1xx_HAL_Driver/Src/stm32f1xx_hal.o
 .comment       0x0000000000000050       0x51 ./Drivers/STM32F1xx_HAL_Driver/Src/stm32f1xx_hal_cortex.o
 .comment       0x0000000000000050       0x51 ./Drivers/STM32F1xx_HAL_Driver/Src/stm32f1xx_hal_gpio.o
 .comment       0x0000000000000050       0x51 ./Drivers/STM32F1xx_HAL_Driver/Src/stm32f1xx_hal_i2c.o
 .comment       0x0000000000000050       0x51 ./Drivers/STM32F1xx_HAL_Driver/Src/stm32f1xx_hal_rcc.o
 .comment       0x0000000000000050       0x51 ./Drivers/STM32F1xx_HAL_Driver/Src/stm32f1xx_hal_spi.o
 .comment       0x0000000000000050       0x51 ./Drivers/STM32F1xx_HAL_Driver/Src/stm32f1xx_hal_tim.o
 .comment       0x0000000000000050       0x51 ./Drivers/STM32F1xx_HAL_Driver/Src/stm32f1xx_hal_tim_ex.o
 .comment       0x0000000000000050       0x51 ./Drivers/STM32F1xx_HAL_Driver/Src/stm32f1xx_hal_uart.o

.debug_frame    0x0000000000000000     0x5328
 .debug_frame   0x0000000000000000       0xf4 ./Core/Driver/mpu6500.o
 .debug_frame   0x00000000000000f4      0x1ac ./Core/Driver/ms5611.o
 .debug_frame   0x00000000000002a0      0x118 ./Core/Lib/imu.o
 .debug_frame   0x00000000000003b8      0x470 ./Core/Lib/maths.o
 .debug_frame   0x0000000000000828       0xe8 ./Core/Lib/pwmwrite.o
 .debug_frame   0x0000000000000910       0xc4 ./Core/Lib/timer.o
 .debug_frame   0x00000000000009d4       0x34 ./Core/Src/gpio.o
 .debug_frame   0x0000000000000a08       0x90 ./Core/Src/i2c.o
 .debug_frame   0x0000000000000a98       0x8c ./Core/Src/main.o
 .debug_frame   0x0000000000000b24       0x74 ./Core/Src/spi.o
 .debug_frame   0x0000000000000b98       0x38 ./Core/Src/stm32f1xx_hal_msp.o
 .debug_frame   0x0000000000000bd0      0x120 ./Core/Src/stm32f1xx_it.o
 .debug_frame   0x0000000000000cf0       0x58 ./Core/Src/system_stm32f1xx.o
 .debug_frame   0x0000000000000d48       0xc4 ./Core/Src/tim.o
 .debug_frame   0x0000000000000e0c       0x90 ./Core/Src/usart.o
 .debug_frame   0x0000000000000e9c       0x2c ./Core/flight/fixedwing.o
 .debug_frame   0x0000000000000ec8       0x6c ./Core/flight/scheduler.o
 .debug_frame   0x0000000000000f34      0x334 ./Drivers/STM32F1xx_HAL_Driver/Src/stm32f1xx_hal.o
 .debug_frame   0x0000000000001268      0x428 ./Drivers/STM32F1xx_HAL_Driver/Src/stm32f1xx_hal_cortex.o
 .debug_frame   0x0000000000001690      0x14c ./Drivers/STM32F1xx_HAL_Driver/Src/stm32f1xx_hal_gpio.o
 .debug_frame   0x00000000000017dc      0xc84 ./Drivers/STM32F1xx_HAL_Driver/Src/stm32f1xx_hal_i2c.o
 .debug_frame   0x0000000000002460      0x218 ./Drivers/STM32F1xx_HAL_Driver/Src/stm32f1xx_hal_rcc.o
 .debug_frame   0x0000000000002678      0x824 ./Drivers/STM32F1xx_HAL_Driver/Src/stm32f1xx_hal_spi.o
 .debug_frame   0x0000000000002e9c     0x11bc ./Drivers/STM32F1xx_HAL_Driver/Src/stm32f1xx_hal_tim.o
 .debug_frame   0x0000000000004058      0x638 ./Drivers/STM32F1xx_HAL_Driver/Src/stm32f1xx_hal_tim_ex.o
 .debug_frame   0x0000000000004690      0x944 ./Drivers/STM32F1xx_HAL_Driver/Src/stm32f1xx_hal_uart.o
 .debug_frame   0x0000000000004fd4       0x20 c:/st/stm32cubeide_1.10.0/stm32cubeide/plugins/com.st.stm32cube.ide.mcu.externaltools.gnu-tools-for-stm32.10.3-2021.10.win32_1.0.0.202111181127/tools/bin/../lib/gcc/arm-none-eabi/10.3.1/../../../../arm-none-eabi/lib/thumb/v7-m/nofp\libc_nano.a(lib_a-errno.o)
 .debug_frame   0x0000000000004ff4       0x2c c:/st/stm32cubeide_1.10.0/stm32cubeide/plugins/com.st.stm32cube.ide.mcu.externaltools.gnu-tools-for-stm32.10.3-2021.10.win32_1.0.0.202111181127/tools/bin/../lib/gcc/arm-none-eabi/10.3.1/../../../../arm-none-eabi/lib/thumb/v7-m/nofp\libc_nano.a(lib_a-init.o)
 .debug_frame   0x0000000000005020       0x20 c:/st/stm32cubeide_1.10.0/stm32cubeide/plugins/com.st.stm32cube.ide.mcu.externaltools.gnu-tools-for-stm32.10.3-2021.10.win32_1.0.0.202111181127/tools/bin/../lib/gcc/arm-none-eabi/10.3.1/../../../../arm-none-eabi/lib/thumb/v7-m/nofp\libc_nano.a(lib_a-memset.o)
 .debug_frame   0x0000000000005040       0x2c c:/st/stm32cubeide_1.10.0/stm32cubeide/plugins/com.st.stm32cube.ide.mcu.externaltools.gnu-tools-for-stm32.10.3-2021.10.win32_1.0.0.202111181127/tools/bin/../lib/gcc/arm-none-eabi/10.3.1/../../../../arm-none-eabi/lib/thumb/v7-m/nofp\libm.a(lib_a-wf_sqrt.o)
 .debug_frame   0x000000000000506c       0x2c c:/st/stm32cubeide_1.10.0/stm32cubeide/plugins/com.st.stm32cube.ide.mcu.externaltools.gnu-tools-for-stm32.10.3-2021.10.win32_1.0.0.202111181127/tools/bin/../lib/gcc/arm-none-eabi/10.3.1/../../../../arm-none-eabi/lib/thumb/v7-m/nofp\libm.a(lib_a-ef_sqrt.o)
 .debug_frame   0x0000000000005098       0xac c:/st/stm32cubeide_1.10.0/stm32cubeide/plugins/com.st.stm32cube.ide.mcu.externaltools.gnu-tools-for-stm32.10.3-2021.10.win32_1.0.0.202111181127/tools/bin/../lib/gcc/arm-none-eabi/10.3.1/thumb/v7-m/nofp\libgcc.a(_arm_addsubdf3.o)
 .debug_frame   0x0000000000005144       0x50 c:/st/stm32cubeide_1.10.0/stm32cubeide/plugins/com.st.stm32cube.ide.mcu.externaltools.gnu-tools-for-stm32.10.3-2021.10.win32_1.0.0.202111181127/tools/bin/../lib/gcc/arm-none-eabi/10.3.1/thumb/v7-m/nofp\libgcc.a(_arm_muldivdf3.o)
 .debug_frame   0x0000000000005194       0x24 c:/st/stm32cubeide_1.10.0/stm32cubeide/plugins/com.st.stm32cube.ide.mcu.externaltools.gnu-tools-for-stm32.10.3-2021.10.win32_1.0.0.202111181127/tools/bin/../lib/gcc/arm-none-eabi/10.3.1/thumb/v7-m/nofp\libgcc.a(_arm_truncdfsf2.o)
 .debug_frame   0x00000000000051b8       0x4c c:/st/stm32cubeide_1.10.0/stm32cubeide/plugins/com.st.stm32cube.ide.mcu.externaltools.gnu-tools-for-stm32.10.3-2021.10.win32_1.0.0.202111181127/tools/bin/../lib/gcc/arm-none-eabi/10.3.1/thumb/v7-m/nofp\libgcc.a(_arm_addsubsf3.o)
 .debug_frame   0x0000000000005204       0x38 c:/st/stm32cubeide_1.10.0/stm32cubeide/plugins/com.st.stm32cube.ide.mcu.externaltools.gnu-tools-for-stm32.10.3-2021.10.win32_1.0.0.202111181127/tools/bin/../lib/gcc/arm-none-eabi/10.3.1/thumb/v7-m/nofp\libgcc.a(_arm_muldivsf3.o)
 .debug_frame   0x000000000000523c       0xc8 c:/st/stm32cubeide_1.10.0/stm32cubeide/plugins/com.st.stm32cube.ide.mcu.externaltools.gnu-tools-for-stm32.10.3-2021.10.win32_1.0.0.202111181127/tools/bin/../lib/gcc/arm-none-eabi/10.3.1/thumb/v7-m/nofp\libgcc.a(_arm_cmpsf2.o)
 .debug_frame   0x0000000000005304       0x24 c:/st/stm32cubeide_1.10.0/stm32cubeide/plugins/com.st.stm32cube.ide.mcu.externaltools.gnu-tools-for-stm32.10.3-2021.10.win32_1.0.0.202111181127/tools/bin/../lib/gcc/arm-none-eabi/10.3.1/thumb/v7-m/nofp\libgcc.a(_arm_unordsf2.o)
