../Core/Driver/ms5611.c:45:6:ms5611_init	24	static
../Core/Driver/ms5611.c:56:13:ms5611_reset	24	static
../Core/Driver/ms5611.c:63:17:ms5611_prom	40	static
../Core/Driver/ms5611.c:69:13:send_cmd	24	static
../Core/Driver/ms5611.c:74:16:ms5611_crc	24	static
../Core/Driver/ms5611.c:102:16:ms5611_read_crc	16	static
../Core/Driver/ms5611.c:107:15:ms5611_check_crc	24	static
../Core/Driver/ms5611.c:115:17:ms5611_read_adc	24	static
../Core/Driver/ms5611.c:128:6:ms5611_start	8	static
../Core/Driver/ms5611.c:155:13:ms_5611_readout	80	static
../Core/Driver/ms5611.c:214:14:ms5611_getSeaLevel	16	static
